217.69.133.222 - - [12/May/2015:09:09:25 -0700] "GET /pipermail/discuss/2011-July/000068.html HTTP/1.1" 200 2999 "-" "Mozilla/5.0 (compatible; Linux x86_64; Mail.RU_Bot/2.0; +http://go.mail.ru/help/robots)"
217.69.133.225 - - [12/May/2015:09:09:27 -0700] "GET /pipermail/discuss/2011-June/000037.html HTTP/1.1" 200 1437 "-" "Mozilla/5.0 (compatible; Linux x86_64; Mail.RU_Bot/2.0; +http://go.mail.ru/help/robots)"
217.69.133.224 - - [12/May/2015:09:09:28 -0700] "GET /pipermail/discuss/2011-June/000032.html HTTP/1.1" 200 2467 "-" "Mozilla/5.0 (compatible; Linux x86_64; Mail.RU_Bot/2.0; +http://go.mail.ru/help/robots)"
23.21.195.100 - - [12/May/2015:09:13:08 -0700] "GET / HTTP/1.1" 200 4501 "-" "check_http/v1.4.15 (nagios-plugins 1.4.15)"
123.125.71.14 - - [12/May/2015:09:13:24 -0700] "GET / HTTP/1.1" 200 2278 "-" "Mozilla/5.0 (Windows NT 5.1; rv:6.0.2) Gecko/20100101 Firefox/6.0.2"
123.125.71.46 - - [12/May/2015:09:14:27 -0700] "GET / HTTP/1.1" 200 4501 "-" "Mozilla/5.0 (Windows NT 5.1; rv:6.0.2) Gecko/20100101 Firefox/6.0.2"
46.229.170.197 - - [12/May/2015:09:15:21 -0700] "GET / HTTP/1.1" 200 4482 "-" "Mozilla/5.0 (X11; Linux x86_64; rv:2.0b9pre) Gecko/20110111 Firefox/4.0b9pre"
23.21.195.100 - - [12/May/2015:09:18:08 -0700] "GET / HTTP/1.1" 200 4501 "-" "check_http/v1.4.15 (nagios-plugins 1.4.15)"
208.121.64.10 - - [12/May/2015:09:18:33 -0700] "GET /images/snapfreshlogo.png HTTP/1.1" 200 5038 "-" "Mozilla/4.0 (compatible; MSIE 4.01; Windows NT)"
180.76.6.140 - - [12/May/2015:09:19:45 -0700] "GET /pipermail/discuss/2012-January/000149.html HTTP/1.1" 200 2451 "-" "Mozilla/5.0 (compatible; Baiduspider/2.0; +http://www.baidu.com/search/spider.html)"
23.21.195.100 - - [12/May/2015:09:23:08 -0700] "GET / HTTP/1.1" 200 4501 "-" "check_http/v1.4.15 (nagios-plugins 1.4.15)"
220.181.108.183 - - [12/May/2015:09:23:48 -0700] "GET / HTTP/1.1" 200 2277 "-" "Mozilla/5.0 (Windows NT 5.1; rv:6.0.2) Gecko/20100101 Firefox/6.0.2"
220.181.108.153 - - [12/May/2015:09:25:04 -0700] "GET / HTTP/1.1" 200 4501 "-" "Mozilla/5.0 (Windows NT 5.1; rv:6.0.2) Gecko/20100101 Firefox/6.0.2"
23.21.195.100 - - [12/May/2015:09:28:08 -0700] "GET / HTTP/1.1" 200 4501 "-" "check_http/v1.4.15 (nagios-plugins 1.4.15)"
208.121.64.10 - - [12/May/2015:09:28:33 -0700] "GET /images/snapfreshlogo.png HTTP/1.1" 200 5038 "-" "Mozilla/4.0 (compatible; MSIE 4.01; Windows NT)"
23.21.195.100 - - [12/May/2015:09:33:08 -0700] "GET / HTTP/1.1" 200 4501 "-" "check_http/v1.4.15 (nagios-plugins 1.4.15)"
23.21.195.100 - - [12/May/2015:09:38:08 -0700] "GET / HTTP/1.1" 200 4501 "-" "check_http/v1.4.15 (nagios-plugins 1.4.15)"
208.121.64.10 - - [12/May/2015:09:38:33 -0700] "GET /images/snapfreshlogo.png HTTP/1.1" 200 5038 "-" "Mozilla/4.0 (compatible; MSIE 4.01; Windows NT)"
23.21.195.100 - - [12/May/2015:09:43:08 -0700] "GET / HTTP/1.1" 200 4501 "-" "check_http/v1.4.15 (nagios-plugins 1.4.15)"
23.21.195.100 - - [12/May/2015:09:48:08 -0700] "GET / HTTP/1.1" 200 4501 "-" "check_http/v1.4.15 (nagios-plugins 1.4.15)"
208.121.64.10 - - [12/May/2015:09:48:33 -0700] "GET /images/snapfreshlogo.png HTTP/1.1" 200 5038 "-" "Mozilla/4.0 (compatible; MSIE 4.01; Windows NT)"
178.255.215.92 - - [12/May/2015:09:52:40 -0700] "GET / HTTP/1.1" 200 2279 "-" "Mozilla/5.0 (compatible; Exabot/3.0; +http://www.exabot.com/go/robot)"
23.21.195.100 - - [12/May/2015:09:53:08 -0700] "GET / HTTP/1.1" 200 4501 "-" "check_http/v1.4.15 (nagios-plugins 1.4.15)"
177.32.178.127 - - [12/May/2015:09:56:07 -0700] "GET / HTTP/1.1" 200 2316 "http://best-seo-offer.com/try.php?u=http://snapfresh.org" "Mozilla/5.0 (Windows NT 6.1; WOW64) AppleWebKit/537.36 (KHTML, like Gecko) Chrome/32.0.1700.107 Safari/537.36"
177.32.178.127 - - [12/May/2015:09:56:08 -0700] "GET /stylesheets/jquery.mobile-1.0b1.min.css HTTP/1.1" 200 7586 "http://snapfresh.org/" "Mozilla/5.0 (Windows NT 6.1; WOW64) AppleWebKit/537.36 (KHTML, like Gecko) Chrome/32.0.1700.107 Safari/537.36"
177.32.178.127 - - [12/May/2015:09:56:09 -0700] "GET /javascripts/lazy-render.js HTTP/1.1" 404 1008 "http://snapfresh.org/" "Mozilla/5.0 (Windows NT 6.1; WOW64) AppleWebKit/537.36 (KHTML, like Gecko) Chrome/32.0.1700.107 Safari/537.36"
177.32.178.127 - - [12/May/2015:09:56:09 -0700] "GET /javascripts/render-functions.js?v=0000 HTTP/1.1" 404 1008 "http://snapfresh.org/" "Mozilla/5.0 (Windows NT 6.1; WOW64) AppleWebKit/537.36 (KHTML, like Gecko) Chrome/32.0.1700.107 Safari/537.36"
177.32.178.127 - - [12/May/2015:09:56:09 -0700] "GET /javascripts/yqlgeo.js HTTP/1.1" 200 1599 "http://snapfresh.org/" "Mozilla/5.0 (Windows NT 6.1; WOW64) AppleWebKit/537.36 (KHTML, like Gecko) Chrome/32.0.1700.107 Safari/537.36"
177.32.178.127 - - [12/May/2015:09:56:09 -0700] "GET /stylesheets/custom.css HTTP/1.1" 200 1015 "http://snapfresh.org/" "Mozilla/5.0 (Windows NT 6.1; WOW64) AppleWebKit/537.36 (KHTML, like Gecko) Chrome/32.0.1700.107 Safari/537.36"
177.32.178.127 - - [12/May/2015:09:56:09 -0700] "GET /js/jquery-1.4.4.min.js HTTP/1.1" 200 27425 "http://snapfresh.org/" "Mozilla/5.0 (Windows NT 6.1; WOW64) AppleWebKit/537.36 (KHTML, like Gecko) Chrome/32.0.1700.107 Safari/537.36"
66.249.65.241 - - [12/May/2015:09:56:11 -0700] "GET / HTTP/1.1" 200 2311 "-" "Mozilla/5.0 (compatible; Googlebot/2.1; +http://www.google.com/bot.html)"
177.32.178.127 - - [12/May/2015:09:56:13 -0700] "GET /images/snapfreshlogo.png HTTP/1.1" 200 5093 "http://snapfresh.org/" "Mozilla/5.0 (Windows NT 6.1; WOW64) AppleWebKit/537.36 (KHTML, like Gecko) Chrome/32.0.1700.107 Safari/537.36"
177.32.178.127 - - [12/May/2015:09:56:13 -0700] "GET /stylesheets/images/ajax-loader.png HTTP/1.1" 404 1007 "http://snapfresh.org/" "Mozilla/5.0 (Windows NT 6.1; WOW64) AppleWebKit/537.36 (KHTML, like Gecko) Chrome/32.0.1700.107 Safari/537.36"
177.32.178.127 - - [12/May/2015:09:56:13 -0700] "GET /stylesheets/images/icons-18-white.png HTTP/1.1" 200 2491 "http://snapfresh.org/" "Mozilla/5.0 (Windows NT 6.1; WOW64) AppleWebKit/537.36 (KHTML, like Gecko) Chrome/32.0.1700.107 Safari/537.36"
180.76.4.68 - - [12/May/2015:09:57:20 -0700] "GET / HTTP/1.1" 200 4494 "-" "Mozilla/4.0 (compatible; MSIE 7.0; Windows NT 6.0)"
23.21.195.100 - - [12/May/2015:09:58:08 -0700] "GET / HTTP/1.1" 200 4501 "-" "check_http/v1.4.15 (nagios-plugins 1.4.15)"
208.121.64.10 - - [12/May/2015:09:58:33 -0700] "GET /images/snapfreshlogo.png HTTP/1.1" 200 5038 "-" "Mozilla/4.0 (compatible; MSIE 4.01; Windows NT)"
23.21.195.100 - - [12/May/2015:10:03:08 -0700] "GET / HTTP/1.1" 200 4501 "-" "check_http/v1.4.15 (nagios-plugins 1.4.15)"
123.125.71.46 - - [12/May/2015:10:04:59 -0700] "GET / HTTP/1.1" 200 2276 "-" "Mozilla/5.0 (Windows NT 5.1; rv:6.0.2) Gecko/20100101 Firefox/6.0.2"
180.76.5.146 - - [12/May/2015:10:05:14 -0700] "GET /javascripts/lazy-render.js HTTP/1.1" 404 971 "-" "Mozilla/5.0 (compatible; Baiduspider/2.0; +http://www.baidu.com/search/spider.html)"
123.125.71.13 - - [12/May/2015:10:06:06 -0700] "GET / HTTP/1.1" 200 4501 "-" "Mozilla/5.0 (Windows NT 5.1; rv:6.0.2) Gecko/20100101 Firefox/6.0.2"
23.21.195.100 - - [12/May/2015:10:08:08 -0700] "GET / HTTP/1.1" 200 4501 "-" "check_http/v1.4.15 (nagios-plugins 1.4.15)"
208.121.64.10 - - [12/May/2015:10:08:33 -0700] "GET /images/snapfreshlogo.png HTTP/1.1" 200 5038 "-" "Mozilla/4.0 (compatible; MSIE 4.01; Windows NT)"
23.21.195.100 - - [12/May/2015:10:13:08 -0700] "GET / HTTP/1.1" 200 4501 "-" "check_http/v1.4.15 (nagios-plugins 1.4.15)"
220.181.108.116 - - [12/May/2015:10:14:44 -0700] "GET / HTTP/1.1" 200 2279 "-" "Mozilla/5.0 (Windows NT 5.1; rv:6.0.2) Gecko/20100101 Firefox/6.0.2"
220.181.108.85 - - [12/May/2015:10:16:00 -0700] "GET / HTTP/1.1" 200 4501 "-" "Mozilla/5.0 (Windows NT 5.1; rv:6.0.2) Gecko/20100101 Firefox/6.0.2"
23.21.195.100 - - [12/May/2015:10:18:08 -0700] "GET / HTTP/1.1" 200 4501 "-" "check_http/v1.4.15 (nagios-plugins 1.4.15)"
208.121.64.10 - - [12/May/2015:10:18:33 -0700] "GET /images/snapfreshlogo.png HTTP/1.1" 200 5038 "-" "Mozilla/4.0 (compatible; MSIE 4.01; Windows NT)"
23.21.195.100 - - [12/May/2015:10:23:08 -0700] "GET / HTTP/1.1" 200 4501 "-" "check_http/v1.4.15 (nagios-plugins 1.4.15)"
23.21.195.100 - - [12/May/2015:10:28:08 -0700] "GET / HTTP/1.1" 200 4501 "-" "check_http/v1.4.15 (nagios-plugins 1.4.15)"
208.121.64.10 - - [12/May/2015:10:28:33 -0700] "GET /images/snapfreshlogo.png HTTP/1.1" 200 5038 "-" "Mozilla/4.0 (compatible; MSIE 4.01; Windows NT)"
23.21.195.100 - - [12/May/2015:10:33:08 -0700] "GET / HTTP/1.1" 200 4501 "-" "check_http/v1.4.15 (nagios-plugins 1.4.15)"
131.96.214.11 - - [12/May/2015:10:35:20 -0700] "GET /retailers/nearaddy.json/?address=33.754696,-84.390390 HTTP/1.1" 200 1924 "-" "SnapFresh/9 (iPhone; iOS 8.3; Scale/2.00)"
23.21.195.100 - - [12/May/2015:10:38:08 -0700] "GET / HTTP/1.1" 200 4501 "-" "check_http/v1.4.15 (nagios-plugins 1.4.15)"
208.121.64.10 - - [12/May/2015:10:38:33 -0700] "GET /images/snapfreshlogo.png HTTP/1.1" 200 5038 "-" "Mozilla/4.0 (compatible; MSIE 4.01; Windows NT)"
180.76.5.170 - - [12/May/2015:10:41:35 -0700] "GET /?locale=es HTTP/1.1" 200 2353 "-" "Mozilla/5.0 (compatible; Baiduspider/2.0; +http://www.baidu.com/search/spider.html)"
23.21.195.100 - - [12/May/2015:10:43:08 -0700] "GET / HTTP/1.1" 200 4501 "-" "check_http/v1.4.15 (nagios-plugins 1.4.15)"
217.69.133.224 - - [12/May/2015:10:43:20 -0700] "GET /robots.txt HTTP/1.0" 200 474 "-" "Mozilla/5.0 (compatible; Linux x86_64; Mail.RU_Bot/2.0; +http://go.mail.ru/help/robots)"
217.69.133.226 - - [12/May/2015:10:43:32 -0700] "GET /pipermail/discuss/2011-October/000097.html HTTP/1.1" 200 1562 "-" "Mozilla/5.0 (compatible; Linux x86_64; Mail.RU_Bot/2.0; +http://go.mail.ru/help/robots)"
217.69.133.220 - - [12/May/2015:10:43:41 -0700] "GET /pipermail/discuss/2011-October/000123.html HTTP/1.1" 200 1457 "-" "Mozilla/5.0 (compatible; Linux x86_64; Mail.RU_Bot/2.0; +http://go.mail.ru/help/robots)"
217.69.133.222 - - [12/May/2015:10:43:46 -0700] "GET /pipermail/discuss/2011-June/000022.html HTTP/1.1" 200 2323 "-" "Mozilla/5.0 (compatible; Linux x86_64; Mail.RU_Bot/2.0; +http://go.mail.ru/help/robots)"
23.21.195.100 - - [12/May/2015:10:48:08 -0700] "GET / HTTP/1.1" 200 4501 "-" "check_http/v1.4.15 (nagios-plugins 1.4.15)"
208.121.64.10 - - [12/May/2015:10:48:33 -0700] "GET /images/snapfreshlogo.png HTTP/1.1" 200 5038 "-" "Mozilla/4.0 (compatible; MSIE 4.01; Windows NT)"
108.192.91.16 - - [12/May/2015:10:51:39 -0700] "GET / HTTP/1.1" 200 2315 "-" "Mozilla/5.0 (Linux; U; Android 4.2.2; en-us; GT-P3113 Build/JDQ39) AppleWebKit/534.30 (KHTML, like Gecko) Version/4.0 Safari/534.30"
108.192.91.16 - - [12/May/2015:10:51:40 -0700] "GET /javascripts/lazy-render.js HTTP/1.1" 404 1007 "http://www.snapfresh.org/" "Mozilla/5.0 (Linux; U; Android 4.2.2; en-us; GT-P3113 Build/JDQ39) AppleWebKit/534.30 (KHTML, like Gecko) Version/4.0 Safari/534.30"
108.192.91.16 - - [12/May/2015:10:51:40 -0700] "GET /javascripts/render-functions.js?v=0000 HTTP/1.1" 404 1008 "http://www.snapfresh.org/" "Mozilla/5.0 (Linux; U; Android 4.2.2; en-us; GT-P3113 Build/JDQ39) AppleWebKit/534.30 (KHTML, like Gecko) Version/4.0 Safari/534.30"
66.249.65.248 - - [12/May/2015:10:52:23 -0700] "GET / HTTP/1.1" 200 2314 "-" "Mozilla/5.0 (compatible; Googlebot/2.1; +http://www.google.com/bot.html)"
23.21.195.100 - - [12/May/2015:10:53:08 -0700] "GET / HTTP/1.1" 200 4501 "-" "check_http/v1.4.15 (nagios-plugins 1.4.15)"
23.21.195.100 - - [12/May/2015:10:58:08 -0700] "GET / HTTP/1.1" 200 4501 "-" "check_http/v1.4.15 (nagios-plugins 1.4.15)"
208.121.64.10 - - [12/May/2015:10:58:33 -0700] "GET /images/snapfreshlogo.png HTTP/1.1" 200 5038 "-" "Mozilla/4.0 (compatible; MSIE 4.01; Windows NT)"
23.21.195.100 - - [12/May/2015:11:03:08 -0700] "GET / HTTP/1.1" 200 4501 "-" "check_http/v1.4.15 (nagios-plugins 1.4.15)"
23.21.195.100 - - [12/May/2015:11:08:08 -0700] "GET / HTTP/1.1" 200 4501 "-" "check_http/v1.4.15 (nagios-plugins 1.4.15)"
207.46.13.31 - - [12/May/2015:11:08:31 -0700] "GET /robots.txt HTTP/1.1" 200 511 "-" "Mozilla/5.0 (compatible; bingbot/2.0; +http://www.bing.com/bingbot.htm)"
208.121.64.10 - - [12/May/2015:11:08:33 -0700] "GET /images/snapfreshlogo.png HTTP/1.1" 200 5038 "-" "Mozilla/4.0 (compatible; MSIE 4.01; Windows NT)"
23.21.195.100 - - [12/May/2015:11:13:08 -0700] "GET / HTTP/1.1" 200 4501 "-" "check_http/v1.4.15 (nagios-plugins 1.4.15)"
23.21.195.100 - - [12/May/2015:11:18:08 -0700] "GET / HTTP/1.1" 200 4501 "-" "check_http/v1.4.15 (nagios-plugins 1.4.15)"
208.121.64.10 - - [12/May/2015:11:18:33 -0700] "GET /images/snapfreshlogo.png HTTP/1.1" 200 5038 "-" "Mozilla/4.0 (compatible; MSIE 4.01; Windows NT)"
123.125.71.98 - - [12/May/2015:11:19:22 -0700] "GET / HTTP/1.1" 200 2388 "-" "Mozilla/5.0 (compatible; Baiduspider/2.0; +http://www.baidu.com/search/spider.html)"
23.21.195.100 - - [12/May/2015:11:23:08 -0700] "GET / HTTP/1.1" 200 4501 "-" "check_http/v1.4.15 (nagios-plugins 1.4.15)"
108.92.178.67 - - [12/May/2015:11:25:20 -0700] "GET /retailers/nearaddy.json/?address=36.715534,-119.794532 HTTP/1.1" 200 1906 "-" "SnapFresh/9 (iPhone; iOS 8.3; Scale/2.00)"
108.92.178.67 - - [12/May/2015:11:25:31 -0700] "GET /retailers/nearaddy.json/?address=36.712822,-119.791060 HTTP/1.1" 200 1895 "-" "SnapFresh/9 (iPhone; iOS 8.3; Scale/2.00)"
23.21.195.100 - - [12/May/2015:11:28:08 -0700] "GET / HTTP/1.1" 200 4501 "-" "check_http/v1.4.15 (nagios-plugins 1.4.15)"
208.121.64.10 - - [12/May/2015:11:28:33 -0700] "GET /images/snapfreshlogo.png HTTP/1.1" 200 5038 "-" "Mozilla/4.0 (compatible; MSIE 4.01; Windows NT)"
208.121.64.10 - - [12/May/2015:11:31:16 -0700] "GET / HTTP/1.1" 200 2315 "http://hsaintranet:8080/cps/rde/xchg/SID-B71CF35E-B0ECA483/intranet/hs.xsl/FCC6F473C3284850BD31EBDFB98E1D9E.htm" "Mozilla/5.0 (Windows NT 6.1; Trident/7.0; rv:11.0) like Gecko"
208.121.64.10 - - [12/May/2015:11:31:16 -0700] "GET /javascripts/lazy-render.js HTTP/1.1" 404 1007 "http://snapfresh.org/" "Mozilla/5.0 (Windows NT 6.1; Trident/7.0; rv:11.0) like Gecko"
208.121.64.10 - - [12/May/2015:11:31:16 -0700] "GET /javascripts/render-functions.js?v=0000 HTTP/1.1" 404 1008 "http://snapfresh.org/" "Mozilla/5.0 (Windows NT 6.1; Trident/7.0; rv:11.0) like Gecko"
208.121.64.10 - - [12/May/2015:11:31:16 -0700] "GET /stylesheets/images/ajax-loader.png HTTP/1.1" 404 1007 "http://snapfresh.org/" "Mozilla/5.0 (Windows NT 6.1; Trident/7.0; rv:11.0) like Gecko"
208.121.64.10 - - [12/May/2015:11:31:16 -0700] "GET /favicon.ico HTTP/1.1" 200 294 "-" "Mozilla/5.0 (Windows NT 6.1; Trident/7.0; rv:11.0) like Gecko"
166.216.157.87 - - [12/May/2015:11:32:20 -0700] "GET / HTTP/1.1" 200 2314 "http://www.sfhsa.org/154.htm" "Mozilla/5.0 (iPhone; CPU iPhone OS 8_1_3 like Mac OS X) AppleWebKit/600.1.4 (KHTML, like Gecko) Version/8.0 Mobile/12B466 Safari/600.1.4"
166.216.157.87 - - [12/May/2015:11:32:20 -0700] "GET /stylesheets/jquery.mobile-1.0b1.min.css HTTP/1.1" 200 7586 "http://www.snapfresh.org/" "Mozilla/5.0 (iPhone; CPU iPhone OS 8_1_3 like Mac OS X) AppleWebKit/600.1.4 (KHTML, like Gecko) Version/8.0 Mobile/12B466 Safari/600.1.4"
166.216.157.87 - - [12/May/2015:11:32:20 -0700] "GET /images/snapfreshlogo.png HTTP/1.1" 200 5094 "http://www.snapfresh.org/" "Mozilla/5.0 (iPhone; CPU iPhone OS 8_1_3 like Mac OS X) AppleWebKit/600.1.4 (KHTML, like Gecko) Version/8.0 Mobile/12B466 Safari/600.1.4"
166.216.157.87 - - [12/May/2015:11:32:20 -0700] "GET /stylesheets/custom.css HTTP/1.1" 200 1015 "http://www.snapfresh.org/" "Mozilla/5.0 (iPhone; CPU iPhone OS 8_1_3 like Mac OS X) AppleWebKit/600.1.4 (KHTML, like Gecko) Version/8.0 Mobile/12B466 Safari/600.1.4"
166.216.157.87 - - [12/May/2015:11:32:20 -0700] "GET /javascripts/lazy-render.js HTTP/1.1" 404 1008 "http://www.snapfresh.org/" "Mozilla/5.0 (iPhone; CPU iPhone OS 8_1_3 like Mac OS X) AppleWebKit/600.1.4 (KHTML, like Gecko) Version/8.0 Mobile/12B466 Safari/600.1.4"
166.216.157.87 - - [12/May/2015:11:32:20 -0700] "GET /javascripts/yqlgeo.js HTTP/1.1" 200 1599 "http://www.snapfresh.org/" "Mozilla/5.0 (iPhone; CPU iPhone OS 8_1_3 like Mac OS X) AppleWebKit/600.1.4 (KHTML, like Gecko) Version/8.0 Mobile/12B466 Safari/600.1.4"
166.216.157.87 - - [12/May/2015:11:32:20 -0700] "GET /javascripts/render-functions.js?v=0000 HTTP/1.1" 404 1008 "http://www.snapfresh.org/" "Mozilla/5.0 (iPhone; CPU iPhone OS 8_1_3 like Mac OS X) AppleWebKit/600.1.4 (KHTML, like Gecko) Version/8.0 Mobile/12B466 Safari/600.1.4"
166.216.157.87 - - [12/May/2015:11:32:20 -0700] "GET /js/jquery-1.4.4.min.js HTTP/1.1" 200 27425 "http://www.snapfresh.org/" "Mozilla/5.0 (iPhone; CPU iPhone OS 8_1_3 like Mac OS X) AppleWebKit/600.1.4 (KHTML, like Gecko) Version/8.0 Mobile/12B466 Safari/600.1.4"
166.216.157.87 - - [12/May/2015:11:32:21 -0700] "GET /stylesheets/images/ajax-loader.png HTTP/1.1" 404 1007 "http://www.snapfresh.org/" "Mozilla/5.0 (iPhone; CPU iPhone OS 8_1_3 like Mac OS X) AppleWebKit/600.1.4 (KHTML, like Gecko) Version/8.0 Mobile/12B466 Safari/600.1.4"
166.216.157.87 - - [12/May/2015:11:32:21 -0700] "GET /stylesheets/images/icons-36-white.png HTTP/1.1" 404 1007 "http://www.snapfresh.org/" "Mozilla/5.0 (iPhone; CPU iPhone OS 8_1_3 like Mac OS X) AppleWebKit/600.1.4 (KHTML, like Gecko) Version/8.0 Mobile/12B466 Safari/600.1.4"
166.216.157.87 - - [12/May/2015:11:32:35 -0700] "GET /retailers/nearaddy?locale=en&address=San+Francisco HTTP/1.1" 200 2445 "http://www.snapfresh.org/" "Mozilla/5.0 (iPhone; CPU iPhone OS 8_1_3 like Mac OS X) AppleWebKit/600.1.4 (KHTML, like Gecko) Version/8.0 Mobile/12B466 Safari/600.1.4"
166.216.157.87 - - [12/May/2015:11:32:48 -0700] "GET /retailers/nearaddy?locale=en&address=San+Francisco HTTP/1.1" 200 2444 "http://www.snapfresh.org/" "Mozilla/5.0 (iPhone; CPU iPhone OS 8_1_3 like Mac OS X) AppleWebKit/600.1.4 (KHTML, like Gecko) Version/8.0 Mobile/12B466 Safari/600.1.4"
23.21.195.100 - - [12/May/2015:11:33:08 -0700] "GET / HTTP/1.1" 200 4501 "-" "check_http/v1.4.15 (nagios-plugins 1.4.15)"
23.21.195.100 - - [12/May/2015:11:38:08 -0700] "GET / HTTP/1.1" 200 4501 "-" "check_http/v1.4.15 (nagios-plugins 1.4.15)"
208.121.64.10 - - [12/May/2015:11:38:33 -0700] "GET /images/snapfreshlogo.png HTTP/1.1" 200 5038 "-" "Mozilla/4.0 (compatible; MSIE 4.01; Windows NT)"
123.125.71.107 - - [12/May/2015:11:39:26 -0700] "GET / HTTP/1.1" 200 2282 "-" "Mozilla/5.0 (Windows NT 5.1; rv:6.0.2) Gecko/20100101 Firefox/6.0.2"
123.125.71.80 - - [12/May/2015:11:40:32 -0700] "GET / HTTP/1.1" 200 4501 "-" "Mozilla/5.0 (Windows NT 5.1; rv:6.0.2) Gecko/20100101 Firefox/6.0.2"
23.21.195.100 - - [12/May/2015:11:43:08 -0700] "GET / HTTP/1.1" 200 4501 "-" "check_http/v1.4.15 (nagios-plugins 1.4.15)"
76.127.40.139 - - [12/May/2015:11:46:43 -0700] "GET /retailers/nearaddy.json/?address=35.782779,-105.944252 HTTP/1.1" 200 1946 "-" "SnapFresh/9 (iPad; iOS 8.3; Scale/2.00)"
98.234.157.52 - - [12/May/2015:11:47:00 -0700] "GET / HTTP/1.1" 200 2315 "http://hsa.smcgov.org/food-assistance" "Mozilla/5.0 (Macintosh; Intel Mac OS X 10_10_1) AppleWebKit/537.36 (KHTML, like Gecko) Chrome/42.0.2311.135 Safari/537.36"
98.234.157.52 - - [12/May/2015:11:47:00 -0700] "GET /stylesheets/jquery.mobile-1.0b1.min.css HTTP/1.1" 200 7586 "http://www.snapfresh.org/" "Mozilla/5.0 (Macintosh; Intel Mac OS X 10_10_1) AppleWebKit/537.36 (KHTML, like Gecko) Chrome/42.0.2311.135 Safari/537.36"
98.234.157.52 - - [12/May/2015:11:47:00 -0700] "GET /javascripts/lazy-render.js HTTP/1.1" 404 1007 "http://www.snapfresh.org/" "Mozilla/5.0 (Macintosh; Intel Mac OS X 10_10_1) AppleWebKit/537.36 (KHTML, like Gecko) Chrome/42.0.2311.135 Safari/537.36"
98.234.157.52 - - [12/May/2015:11:47:00 -0700] "GET /stylesheets/custom.css HTTP/1.1" 200 1015 "http://www.snapfresh.org/" "Mozilla/5.0 (Macintosh; Intel Mac OS X 10_10_1) AppleWebKit/537.36 (KHTML, like Gecko) Chrome/42.0.2311.135 Safari/537.36"
98.234.157.52 - - [12/May/2015:11:47:00 -0700] "GET /javascripts/yqlgeo.js HTTP/1.1" 200 1599 "http://www.snapfresh.org/" "Mozilla/5.0 (Macintosh; Intel Mac OS X 10_10_1) AppleWebKit/537.36 (KHTML, like Gecko) Chrome/42.0.2311.135 Safari/537.36"
98.234.157.52 - - [12/May/2015:11:47:00 -0700] "GET /images/snapfreshlogo.png HTTP/1.1" 200 5094 "http://www.snapfresh.org/" "Mozilla/5.0 (Macintosh; Intel Mac OS X 10_10_1) AppleWebKit/537.36 (KHTML, like Gecko) Chrome/42.0.2311.135 Safari/537.36"
98.234.157.52 - - [12/May/2015:11:47:00 -0700] "GET /javascripts/render-functions.js?v=0000 HTTP/1.1" 404 1008 "http://www.snapfresh.org/" "Mozilla/5.0 (Macintosh; Intel Mac OS X 10_10_1) AppleWebKit/537.36 (KHTML, like Gecko) Chrome/42.0.2311.135 Safari/537.36"
98.234.157.52 - - [12/May/2015:11:47:00 -0700] "GET /js/jquery-1.4.4.min.js HTTP/1.1" 200 27426 "http://www.snapfresh.org/" "Mozilla/5.0 (Macintosh; Intel Mac OS X 10_10_1) AppleWebKit/537.36 (KHTML, like Gecko) Chrome/42.0.2311.135 Safari/537.36"
98.234.157.52 - - [12/May/2015:11:47:00 -0700] "GET /stylesheets/images/ajax-loader.png HTTP/1.1" 404 1007 "http://www.snapfresh.org/stylesheets/jquery.mobile-1.0b1.min.css" "Mozilla/5.0 (Macintosh; Intel Mac OS X 10_10_1) AppleWebKit/537.36 (KHTML, like Gecko) Chrome/42.0.2311.135 Safari/537.36"
98.234.157.52 - - [12/May/2015:11:47:00 -0700] "GET /stylesheets/images/icons-18-white.png HTTP/1.1" 200 2491 "http://www.snapfresh.org/stylesheets/jquery.mobile-1.0b1.min.css" "Mozilla/5.0 (Macintosh; Intel Mac OS X 10_10_1) AppleWebKit/537.36 (KHTML, like Gecko) Chrome/42.0.2311.135 Safari/537.36"
98.234.157.52 - - [12/May/2015:11:47:00 -0700] "GET /favicon.ico HTTP/1.1" 200 294 "http://www.snapfresh.org/" "Mozilla/5.0 (Macintosh; Intel Mac OS X 10_10_1) AppleWebKit/537.36 (KHTML, like Gecko) Chrome/42.0.2311.135 Safari/537.36"
98.234.157.52 - - [12/May/2015:11:47:04 -0700] "GET /retailers/nearaddy?locale=en&address=94015 HTTP/1.1" 200 2453 "http://www.snapfresh.org/" "Mozilla/5.0 (Macintosh; Intel Mac OS X 10_10_1) AppleWebKit/537.36 (KHTML, like Gecko) Chrome/42.0.2311.135 Safari/537.36"
23.21.195.100 - - [12/May/2015:11:48:08 -0700] "GET / HTTP/1.1" 200 4501 "-" "check_http/v1.4.15 (nagios-plugins 1.4.15)"
66.249.65.241 - - [12/May/2015:11:48:31 -0700] "GET / HTTP/1.1" 200 2311 "-" "Mozilla/5.0 (compatible; Googlebot/2.1; +http://www.google.com/bot.html)"
208.121.64.10 - - [12/May/2015:11:48:33 -0700] "GET /images/snapfreshlogo.png HTTP/1.1" 200 5038 "-" "Mozilla/4.0 (compatible; MSIE 4.01; Windows NT)"
95.141.35.157 - - [12/May/2015:11:50:34 -0700] "GET / HTTP/1.1" 200 2277 "http://SNAPFRESH.ORG" "Mozilla/4.0 (compatible; MSIE 6.0; Windows NT 5.1; SV1)"
23.21.195.100 - - [12/May/2015:11:53:08 -0700] "GET / HTTP/1.1" 200 4501 "-" "check_http/v1.4.15 (nagios-plugins 1.4.15)"
23.21.195.100 - - [12/May/2015:11:58:08 -0700] "GET / HTTP/1.1" 200 4501 "-" "check_http/v1.4.15 (nagios-plugins 1.4.15)"
208.121.64.10 - - [12/May/2015:11:58:33 -0700] "GET /images/snapfreshlogo.png HTTP/1.1" 200 5038 "-" "Mozilla/4.0 (compatible; MSIE 4.01; Windows NT)"
23.21.195.100 - - [12/May/2015:12:03:08 -0700] "GET / HTTP/1.1" 200 4501 "-" "check_http/v1.4.15 (nagios-plugins 1.4.15)"
202.46.63.147 - - [12/May/2015:12:07:00 -0700] "GET /retailers/stylesheets/custom.css HTTP/1.1" 404 971 "-" "Mozilla/5.0 (Windows NT 6.1; WOW64) AppleWebKit/537.36 (KHTML, like Gecko) Chrome/36.0.1985.125 Safari/537.36"
23.21.195.100 - - [12/May/2015:12:08:08 -0700] "GET / HTTP/1.1" 200 4501 "-" "check_http/v1.4.15 (nagios-plugins 1.4.15)"
208.121.64.10 - - [12/May/2015:12:08:33 -0700] "GET /images/snapfreshlogo.png HTTP/1.1" 200 5038 "-" "Mozilla/4.0 (compatible; MSIE 4.01; Windows NT)"
23.21.195.100 - - [12/May/2015:12:13:08 -0700] "GET / HTTP/1.1" 200 4501 "-" "check_http/v1.4.15 (nagios-plugins 1.4.15)"
66.87.78.199 - - [12/May/2015:12:16:11 -0700] "GET /retailers/nearaddy.json/?address=42.226257,-88.226418 HTTP/1.1" 200 1899 "-" "SnapFresh/9 (iPhone; iOS 8.1.3; Scale/2.00)"
123.125.71.50 - - [12/May/2015:12:16:33 -0700] "GET / HTTP/1.1" 200 2278 "-" "Mozilla/5.0 (Windows NT 5.1; rv:6.0.2) Gecko/20100101 Firefox/6.0.2"
123.125.71.56 - - [12/May/2015:12:17:48 -0700] "GET / HTTP/1.1" 200 4501 "-" "Mozilla/5.0 (Windows NT 5.1; rv:6.0.2) Gecko/20100101 Firefox/6.0.2"
23.21.195.100 - - [12/May/2015:12:18:08 -0700] "GET / HTTP/1.1" 200 4501 "-" "check_http/v1.4.15 (nagios-plugins 1.4.15)"
208.121.64.10 - - [12/May/2015:12:18:33 -0700] "GET /images/snapfreshlogo.png HTTP/1.1" 200 5038 "-" "Mozilla/4.0 (compatible; MSIE 4.01; Windows NT)"
108.46.229.35 - - [12/May/2015:12:18:59 -0700] "GET /retailers/nearaddy.json/?address=40.790837,-73.838589 HTTP/1.1" 200 1937 "-" "SnapFresh/9 (iPad; iOS 7.1.2; Scale/1.00)"
217.69.133.225 - - [12/May/2015:12:19:05 -0700] "GET /robots.txt HTTP/1.0" 200 474 "-" "Mozilla/5.0 (compatible; Linux x86_64; Mail.RU_Bot/2.0; +http://go.mail.ru/help/robots)"
217.69.133.224 - - [12/May/2015:12:19:07 -0700] "GET /pipermail/discuss/2011-August/000076.html HTTP/1.1" 200 2735 "-" "Mozilla/5.0 (compatible; Linux x86_64; Mail.RU_Bot/2.0; +http://go.mail.ru/help/robots)"
217.69.133.224 - - [12/May/2015:12:19:09 -0700] "GET /pipermail/discuss/2011-October/000109.html HTTP/1.1" 200 3938 "-" "Mozilla/5.0 (compatible; Linux x86_64; Mail.RU_Bot/2.0; +http://go.mail.ru/help/robots)"
217.69.133.220 - - [12/May/2015:12:19:11 -0700] "GET /pipermail/discuss/2011-July/000071.html HTTP/1.1" 200 1465 "-" "Mozilla/5.0 (compatible; Linux x86_64; Mail.RU_Bot/2.0; +http://go.mail.ru/help/robots)"
217.69.133.220 - - [12/May/2015:12:19:13 -0700] "GET /pipermail/discuss/2011-June/000048.html HTTP/1.1" 200 4077 "-" "Mozilla/5.0 (compatible; Linux x86_64; Mail.RU_Bot/2.0; +http://go.mail.ru/help/robots)"
217.69.133.222 - - [12/May/2015:12:19:20 -0700] "GET /pipermail/discuss/2013-July/000285.html HTTP/1.1" 200 1603 "-" "Mozilla/5.0 (compatible; Linux x86_64; Mail.RU_Bot/2.0; +http://go.mail.ru/help/robots)"
217.69.133.224 - - [12/May/2015:12:19:22 -0700] "GET /pipermail/discuss/2011-June/000043.html HTTP/1.1" 200 4237 "-" "Mozilla/5.0 (compatible; Linux x86_64; Mail.RU_Bot/2.0; +http://go.mail.ru/help/robots)"
108.46.229.35 - - [12/May/2015:12:20:17 -0700] "GET /retailers/nearaddy.json/?address=40.784045,-73.839178 HTTP/1.1" 200 1940 "-" "SnapFresh/9 (iPad; iOS 7.1.2; Scale/1.00)"
108.46.229.35 - - [12/May/2015:12:21:34 -0700] "GET /retailers/nearaddy.json/?address=40.780372,-73.839763 HTTP/1.1" 200 1967 "-" "SnapFresh/9 (iPad; iOS 7.1.2; Scale/1.00)"
108.46.229.35 - - [12/May/2015:12:21:49 -0700] "GET /retailers/nearaddy.json/?address=40.784912,-73.834490 HTTP/1.1" 200 1929 "-" "SnapFresh/9 (iPad; iOS 7.1.2; Scale/1.00)"
23.21.195.100 - - [12/May/2015:12:23:08 -0700] "GET / HTTP/1.1" 200 4501 "-" "check_http/v1.4.15 (nagios-plugins 1.4.15)"
108.46.229.35 - - [12/May/2015:12:23:10 -0700] "GET /retailers/nearaddy.json/?address=40.784331,-73.842540 HTTP/1.1" 200 2001 "-" "SnapFresh/9 (iPad; iOS 7.1.2; Scale/1.00)"
220.181.108.96 - - [12/May/2015:12:23:45 -0700] "GET / HTTP/1.1" 200 2275 "-" "Mozilla/5.0 (Windows NT 5.1; rv:6.0.2) Gecko/20100101 Firefox/6.0.2"
220.181.108.105 - - [12/May/2015:12:25:02 -0700] "GET / HTTP/1.1" 200 4501 "-" "Mozilla/5.0 (Windows NT 5.1; rv:6.0.2) Gecko/20100101 Firefox/6.0.2"
108.46.229.35 - - [12/May/2015:12:25:14 -0700] "GET /retailers/nearaddy.json/?address=40.787491,-73.838082 HTTP/1.1" 200 1942 "-" "SnapFresh/9 (iPad; iOS 7.1.2; Scale/1.00)"
108.46.229.35 - - [12/May/2015:12:25:33 -0700] "GET /retailers/nearaddy.json/?address=40.781609,-73.830865 HTTP/1.1" 200 1951 "-" "SnapFresh/9 (iPad; iOS 7.1.2; Scale/1.00)"
23.21.195.100 - - [12/May/2015:12:28:08 -0700] "GET / HTTP/1.1" 200 4501 "-" "check_http/v1.4.15 (nagios-plugins 1.4.15)"
208.121.64.10 - - [12/May/2015:12:28:33 -0700] "GET /images/snapfreshlogo.png HTTP/1.1" 200 5038 "-" "Mozilla/4.0 (compatible; MSIE 4.01; Windows NT)"
180.76.4.201 - - [12/May/2015:12:32:23 -0700] "GET / HTTP/1.1" 200 4494 "-" "Mozilla/4.0 (compatible; MSIE 7.0; Windows NT 6.0)"
151.194.17.42 - - [12/May/2015:12:32:36 -0700] "GET / HTTP/1.1" 200 2313 "http://hsa.smcgov.org/food-assistance" "Mozilla/5.0 (Windows NT 6.1; WOW64) AppleWebKit/537.36 (KHTML, like Gecko) Chrome/42.0.2311.135 Safari/537.36"
151.194.17.42 - - [12/May/2015:12:32:37 -0700] "GET /stylesheets/jquery.mobile-1.0b1.min.css HTTP/1.1" 200 7586 "http://www.snapfresh.org/" "Mozilla/5.0 (Windows NT 6.1; WOW64) AppleWebKit/537.36 (KHTML, like Gecko) Chrome/42.0.2311.135 Safari/537.36"
151.194.17.42 - - [12/May/2015:12:32:37 -0700] "GET /javascripts/lazy-render.js HTTP/1.1" 404 1008 "http://www.snapfresh.org/" "Mozilla/5.0 (Windows NT 6.1; WOW64) AppleWebKit/537.36 (KHTML, like Gecko) Chrome/42.0.2311.135 Safari/537.36"
151.194.17.42 - - [12/May/2015:12:32:37 -0700] "GET /stylesheets/custom.css HTTP/1.1" 200 1015 "http://www.snapfresh.org/" "Mozilla/5.0 (Windows NT 6.1; WOW64) AppleWebKit/537.36 (KHTML, like Gecko) Chrome/42.0.2311.135 Safari/537.36"
151.194.17.42 - - [12/May/2015:12:32:37 -0700] "GET /javascripts/render-functions.js?v=0000 HTTP/1.1" 404 1008 "http://www.snapfresh.org/" "Mozilla/5.0 (Windows NT 6.1; WOW64) AppleWebKit/537.36 (KHTML, like Gecko) Chrome/42.0.2311.135 Safari/537.36"
151.194.17.42 - - [12/May/2015:12:32:37 -0700] "GET /javascripts/yqlgeo.js HTTP/1.1" 200 1599 "http://www.snapfresh.org/" "Mozilla/5.0 (Windows NT 6.1; WOW64) AppleWebKit/537.36 (KHTML, like Gecko) Chrome/42.0.2311.135 Safari/537.36"
151.194.17.42 - - [12/May/2015:12:32:37 -0700] "GET /images/snapfreshlogo.png HTTP/1.1" 200 5094 "http://www.snapfresh.org/" "Mozilla/5.0 (Windows NT 6.1; WOW64) AppleWebKit/537.36 (KHTML, like Gecko) Chrome/42.0.2311.135 Safari/537.36"
151.194.17.42 - - [12/May/2015:12:32:37 -0700] "GET /js/jquery-1.4.4.min.js HTTP/1.1" 200 27425 "http://www.snapfresh.org/" "Mozilla/5.0 (Windows NT 6.1; WOW64) AppleWebKit/537.36 (KHTML, like Gecko) Chrome/42.0.2311.135 Safari/537.36"
151.194.17.42 - - [12/May/2015:12:32:37 -0700] "GET /stylesheets/images/ajax-loader.png HTTP/1.1" 404 1007 "http://www.snapfresh.org/stylesheets/jquery.mobile-1.0b1.min.css" "Mozilla/5.0 (Windows NT 6.1; WOW64) AppleWebKit/537.36 (KHTML, like Gecko) Chrome/42.0.2311.135 Safari/537.36"
151.194.17.42 - - [12/May/2015:12:32:37 -0700] "GET /stylesheets/images/icons-18-white.png HTTP/1.1" 200 2491 "http://www.snapfresh.org/stylesheets/jquery.mobile-1.0b1.min.css" "Mozilla/5.0 (Windows NT 6.1; WOW64) AppleWebKit/537.36 (KHTML, like Gecko) Chrome/42.0.2311.135 Safari/537.36"
151.194.17.42 - - [12/May/2015:12:32:38 -0700] "GET /favicon.ico HTTP/1.1" 200 294 "http://www.snapfresh.org/" "Mozilla/5.0 (Windows NT 6.1; WOW64) AppleWebKit/537.36 (KHTML, like Gecko) Chrome/42.0.2311.135 Safari/537.36"
151.194.17.42 - - [12/May/2015:12:32:41 -0700] "GET /retailers/nearaddy?locale=en&address=94061 HTTP/1.1" 200 2468 "http://www.snapfresh.org/" "Mozilla/5.0 (Windows NT 6.1; WOW64) AppleWebKit/537.36 (KHTML, like Gecko) Chrome/42.0.2311.135 Safari/537.36"
23.21.195.100 - - [12/May/2015:12:33:08 -0700] "GET / HTTP/1.1" 200 4501 "-" "check_http/v1.4.15 (nagios-plugins 1.4.15)"
23.21.195.100 - - [12/May/2015:12:38:08 -0700] "GET / HTTP/1.1" 200 4501 "-" "check_http/v1.4.15 (nagios-plugins 1.4.15)"
208.121.64.10 - - [12/May/2015:12:38:33 -0700] "GET /images/snapfreshlogo.png HTTP/1.1" 200 5038 "-" "Mozilla/4.0 (compatible; MSIE 4.01; Windows NT)"
23.21.195.100 - - [12/May/2015:12:43:08 -0700] "GET / HTTP/1.1" 200 4501 "-" "check_http/v1.4.15 (nagios-plugins 1.4.15)"
23.21.195.100 - - [12/May/2015:12:48:08 -0700] "GET / HTTP/1.1" 200 4501 "-" "check_http/v1.4.15 (nagios-plugins 1.4.15)"
208.121.64.10 - - [12/May/2015:12:48:33 -0700] "GET /images/snapfreshlogo.png HTTP/1.1" 200 5038 "-" "Mozilla/4.0 (compatible; MSIE 4.01; Windows NT)"
66.249.65.198 - - [12/May/2015:12:48:50 -0700] "GET /robots.txt HTTP/1.1" 200 503 "-" "Mozilla/5.0 (compatible; Googlebot/2.1; +http://www.google.com/bot.html)"
66.249.65.184 - - [12/May/2015:12:48:50 -0700] "GET / HTTP/1.1" 200 2315 "-" "Mozilla/5.0 (compatible; Googlebot/2.1; +http://www.google.com/bot.html)"
106.120.173.150 - - [12/May/2015:12:49:37 -0700] "GET /robots.txt HTTP/1.1" 200 474 "-" "Sogou web spider/4.0(+http://www.sogou.com/docs/help/webmasters.htm#07)"
106.120.173.150 - - [12/May/2015:12:49:48 -0700] "GET / HTTP/1.1" 200 2380 "-" "Sogou web spider/4.0(+http://www.sogou.com/docs/help/webmasters.htm#07)"
23.21.195.100 - - [12/May/2015:12:53:08 -0700] "GET / HTTP/1.1" 200 4501 "-" "check_http/v1.4.15 (nagios-plugins 1.4.15)"
188.40.109.147 - - [12/May/2015:12:53:22 -0700] "GET /robots.txt HTTP/1.0" 200 474 "-" "Mozilla/5.0 (compatible; MJ12bot/v1.4.5; http://www.majestic12.co.uk/bot.php?+)"
188.40.109.147 - - [12/May/2015:12:53:24 -0700] "GET /pipermail/discuss/2011-October/000109.html HTTP/1.0" 200 14272 "-" "Mozilla/5.0 (compatible; MJ12bot/v1.4.5; http://www.majestic12.co.uk/bot.php?+)"
188.40.109.147 - - [12/May/2015:12:53:27 -0700] "GET /pipermail/discuss/2011-October/000110.html HTTP/1.0" 200 4076 "-" "Mozilla/5.0 (compatible; MJ12bot/v1.4.5; http://www.majestic12.co.uk/bot.php?+)"
188.40.109.147 - - [12/May/2015:12:53:29 -0700] "GET /pipermail/discuss/2011-October/000111.html HTTP/1.0" 200 4427 "-" "Mozilla/5.0 (compatible; MJ12bot/v1.4.5; http://www.majestic12.co.uk/bot.php?+)"
188.40.109.147 - - [12/May/2015:12:53:31 -0700] "GET /pipermail/discuss/2011-October/000112.html HTTP/1.0" 200 1368 "-" "Mozilla/5.0 (compatible; MJ12bot/v1.4.5; http://www.majestic12.co.uk/bot.php?+)"
188.40.109.147 - - [12/May/2015:12:53:35 -0700] "GET /pipermail/discuss/2011-October/000113.html HTTP/1.0" 200 1623 "-" "Mozilla/5.0 (compatible; MJ12bot/v1.4.5; http://www.majestic12.co.uk/bot.php?+)"
188.40.109.147 - - [12/May/2015:12:53:36 -0700] "GET /pipermail/discuss/2011-October/000114.html HTTP/1.0" 200 1902 "-" "Mozilla/5.0 (compatible; MJ12bot/v1.4.5; http://www.majestic12.co.uk/bot.php?+)"
188.40.109.147 - - [12/May/2015:12:53:38 -0700] "GET /pipermail/discuss/2011-October/000115.html HTTP/1.0" 200 1978 "-" "Mozilla/5.0 (compatible; MJ12bot/v1.4.5; http://www.majestic12.co.uk/bot.php?+)"
188.40.109.147 - - [12/May/2015:12:53:40 -0700] "GET /pipermail/discuss/2011-October/000116.html HTTP/1.0" 200 2026 "-" "Mozilla/5.0 (compatible; MJ12bot/v1.4.5; http://www.majestic12.co.uk/bot.php?+)"
188.40.109.147 - - [12/May/2015:12:53:42 -0700] "GET /pipermail/discuss/2011-October/000117.html HTTP/1.0" 200 2240 "-" "Mozilla/5.0 (compatible; MJ12bot/v1.4.5; http://www.majestic12.co.uk/bot.php?+)"
188.40.109.147 - - [12/May/2015:12:53:45 -0700] "GET /pipermail/discuss/2011-October/000118.html HTTP/1.0" 200 2620 "-" "Mozilla/5.0 (compatible; MJ12bot/v1.4.5; http://www.majestic12.co.uk/bot.php?+)"
188.40.109.147 - - [12/May/2015:12:53:47 -0700] "GET /pipermail/discuss/2011-October/000119.html HTTP/1.0" 200 2715 "-" "Mozilla/5.0 (compatible; MJ12bot/v1.4.5; http://www.majestic12.co.uk/bot.php?+)"
188.40.109.147 - - [12/May/2015:12:53:49 -0700] "GET /pipermail/discuss/2011-October/000120.html HTTP/1.0" 200 2841 "-" "Mozilla/5.0 (compatible; MJ12bot/v1.4.5; http://www.majestic12.co.uk/bot.php?+)"
188.40.109.147 - - [12/May/2015:12:53:51 -0700] "GET /pipermail/discuss/2011-October/000121.html HTTP/1.0" 200 2728 "-" "Mozilla/5.0 (compatible; MJ12bot/v1.4.5; http://www.majestic12.co.uk/bot.php?+)"
188.40.109.147 - - [12/May/2015:12:53:52 -0700] "GET /pipermail/discuss/2011-October/000122.html HTTP/1.0" 200 3188 "-" "Mozilla/5.0 (compatible; MJ12bot/v1.4.5; http://www.majestic12.co.uk/bot.php?+)"
188.40.109.147 - - [12/May/2015:12:53:54 -0700] "GET /pipermail/discuss/2011-October/000123.html HTTP/1.0" 200 1457 "-" "Mozilla/5.0 (compatible; MJ12bot/v1.4.5; http://www.majestic12.co.uk/bot.php?+)"
188.40.109.147 - - [12/May/2015:12:53:56 -0700] "GET /pipermail/discuss/2011-September/000083.html HTTP/1.0" 200 1435 "-" "Mozilla/5.0 (compatible; MJ12bot/v1.4.5; http://www.majestic12.co.uk/bot.php?+)"
188.40.109.147 - - [12/May/2015:12:53:58 -0700] "GET /pipermail/discuss/2011-September/000084.html HTTP/1.0" 200 1402 "-" "Mozilla/5.0 (compatible; MJ12bot/v1.4.5; http://www.majestic12.co.uk/bot.php?+)"
188.40.109.147 - - [12/May/2015:12:53:59 -0700] "GET /pipermail/discuss/2011-September/000085.html HTTP/1.0" 200 2123 "-" "Mozilla/5.0 (compatible; MJ12bot/v1.4.5; http://www.majestic12.co.uk/bot.php?+)"
188.40.109.147 - - [12/May/2015:12:54:01 -0700] "GET /pipermail/discuss/2011-September/000086.html HTTP/1.0" 200 3017 "-" "Mozilla/5.0 (compatible; MJ12bot/v1.4.5; http://www.majestic12.co.uk/bot.php?+)"
188.40.109.147 - - [12/May/2015:12:54:04 -0700] "GET /pipermail/discuss/2011-September/000087.html HTTP/1.0" 200 2337 "-" "Mozilla/5.0 (compatible; MJ12bot/v1.4.5; http://www.majestic12.co.uk/bot.php?+)"
188.40.109.147 - - [12/May/2015:12:54:06 -0700] "GET /pipermail/discuss/2011-September/000088.html HTTP/1.0" 200 3387 "-" "Mozilla/5.0 (compatible; MJ12bot/v1.4.5; http://www.majestic12.co.uk/bot.php?+)"
188.40.109.147 - - [12/May/2015:12:54:08 -0700] "GET /pipermail/discuss/2011-September/000089.html HTTP/1.0" 200 1370 "-" "Mozilla/5.0 (compatible; MJ12bot/v1.4.5; http://www.majestic12.co.uk/bot.php?+)"
188.40.109.147 - - [12/May/2015:12:54:09 -0700] "GET /pipermail/discuss/2011-September/000090.html HTTP/1.0" 200 3383 "-" "Mozilla/5.0 (compatible; MJ12bot/v1.4.5; http://www.majestic12.co.uk/bot.php?+)"
188.40.109.147 - - [12/May/2015:12:54:11 -0700] "GET /pipermail/discuss/2011-September/000091.html HTTP/1.0" 200 3947 "-" "Mozilla/5.0 (compatible; MJ12bot/v1.4.5; http://www.majestic12.co.uk/bot.php?+)"
188.40.109.147 - - [12/May/2015:12:54:13 -0700] "GET /pipermail/discuss/2011-September/000092.html HTTP/1.0" 200 4066 "-" "Mozilla/5.0 (compatible; MJ12bot/v1.4.5; http://www.majestic12.co.uk/bot.php?+)"
188.40.109.147 - - [12/May/2015:12:54:16 -0700] "GET /pipermail/discuss/2011-September/000093.html HTTP/1.0" 200 4301 "-" "Mozilla/5.0 (compatible; MJ12bot/v1.4.5; http://www.majestic12.co.uk/bot.php?+)"
188.40.109.147 - - [12/May/2015:12:54:18 -0700] "GET /pipermail/discuss/2011-September/000094.html HTTP/1.0" 200 4642 "-" "Mozilla/5.0 (compatible; MJ12bot/v1.4.5; http://www.majestic12.co.uk/bot.php?+)"
188.40.109.147 - - [12/May/2015:12:54:19 -0700] "GET /pipermail/discuss/2011-September/000095.html HTTP/1.0" 200 1446 "-" "Mozilla/5.0 (compatible; MJ12bot/v1.4.5; http://www.majestic12.co.uk/bot.php?+)"
188.40.109.147 - - [12/May/2015:12:54:23 -0700] "GET /pipermail/discuss/2011-September/000096.html HTTP/1.0" 200 1634 "-" "Mozilla/5.0 (compatible; MJ12bot/v1.4.5; http://www.majestic12.co.uk/bot.php?+)"
188.40.109.147 - - [12/May/2015:12:54:25 -0700] "GET /pipermail/discuss/2012-April/000173.html HTTP/1.0" 200 1934 "-" "Mozilla/5.0 (compatible; MJ12bot/v1.4.5; http://www.majestic12.co.uk/bot.php?+)"
188.40.109.147 - - [12/May/2015:12:54:26 -0700] "GET /pipermail/discuss/2012-April/000174.html HTTP/1.0" 200 2383 "-" "Mozilla/5.0 (compatible; MJ12bot/v1.4.5; http://www.majestic12.co.uk/bot.php?+)"
188.40.109.147 - - [12/May/2015:12:54:28 -0700] "GET /pipermail/discuss/2012-April/000175.html HTTP/1.0" 200 2402 "-" "Mozilla/5.0 (compatible; MJ12bot/v1.4.5; http://www.majestic12.co.uk/bot.php?+)"
188.40.109.147 - - [12/May/2015:12:54:30 -0700] "GET /pipermail/discuss/2012-April/000176.html HTTP/1.0" 200 1426 "-" "Mozilla/5.0 (compatible; MJ12bot/v1.4.5; http://www.majestic12.co.uk/bot.php?+)"
188.40.109.147 - - [12/May/2015:12:54:32 -0700] "GET /pipermail/discuss/2012-April/000177.html HTTP/1.0" 200 1615 "-" "Mozilla/5.0 (compatible; MJ12bot/v1.4.5; http://www.majestic12.co.uk/bot.php?+)"
188.40.109.147 - - [12/May/2015:12:54:33 -0700] "GET /pipermail/discuss/2012-April/000178.html HTTP/1.0" 200 1599 "-" "Mozilla/5.0 (compatible; MJ12bot/v1.4.5; http://www.majestic12.co.uk/bot.php?+)"
188.40.109.147 - - [12/May/2015:12:54:35 -0700] "GET /pipermail/discuss/2012-April/000179.html HTTP/1.0" 200 1214 "-" "Mozilla/5.0 (compatible; MJ12bot/v1.4.5; http://www.majestic12.co.uk/bot.php?+)"
188.40.109.147 - - [12/May/2015:12:54:37 -0700] "GET /pipermail/discuss/2012-April/000180.html HTTP/1.0" 200 1804 "-" "Mozilla/5.0 (compatible; MJ12bot/v1.4.5; http://www.majestic12.co.uk/bot.php?+)"
188.40.109.147 - - [12/May/2015:12:54:39 -0700] "GET /pipermail/discuss/2012-April/000181.html HTTP/1.0" 200 1866 "-" "Mozilla/5.0 (compatible; MJ12bot/v1.4.5; http://www.majestic12.co.uk/bot.php?+)"
188.40.109.147 - - [12/May/2015:12:54:40 -0700] "GET /pipermail/discuss/2012-April/000182.html HTTP/1.0" 200 1635 "-" "Mozilla/5.0 (compatible; MJ12bot/v1.4.5; http://www.majestic12.co.uk/bot.php?+)"
188.40.109.147 - - [12/May/2015:12:54:42 -0700] "GET /pipermail/discuss/2012-April/000183.html HTTP/1.0" 200 2094 "-" "Mozilla/5.0 (compatible; MJ12bot/v1.4.5; http://www.majestic12.co.uk/bot.php?+)"
188.40.109.147 - - [12/May/2015:12:54:44 -0700] "GET /pipermail/discuss/2012-April/000184.html HTTP/1.0" 200 2598 "-" "Mozilla/5.0 (compatible; MJ12bot/v1.4.5; http://www.majestic12.co.uk/bot.php?+)"
188.40.109.147 - - [12/May/2015:12:54:47 -0700] "GET /pipermail/discuss/2012-April/000185.html HTTP/1.0" 200 3331 "-" "Mozilla/5.0 (compatible; MJ12bot/v1.4.5; http://www.majestic12.co.uk/bot.php?+)"
188.40.109.147 - - [12/May/2015:12:54:49 -0700] "GET /pipermail/discuss/2012-August/000198.html HTTP/1.0" 200 2562 "-" "Mozilla/5.0 (compatible; MJ12bot/v1.4.5; http://www.majestic12.co.uk/bot.php?+)"
188.40.109.147 - - [12/May/2015:12:54:51 -0700] "GET /pipermail/discuss/2012-August/000199.html HTTP/1.0" 200 3467 "-" "Mozilla/5.0 (compatible; MJ12bot/v1.4.5; http://www.majestic12.co.uk/bot.php?+)"
188.40.109.147 - - [12/May/2015:12:54:53 -0700] "GET /pipermail/discuss/2012-August/000200.html HTTP/1.0" 200 3823 "-" "Mozilla/5.0 (compatible; MJ12bot/v1.4.5; http://www.majestic12.co.uk/bot.php?+)"
188.40.109.147 - - [12/May/2015:12:54:55 -0700] "GET /pipermail/discuss/2012-August/000201.html HTTP/1.0" 200 3986 "-" "Mozilla/5.0 (compatible; MJ12bot/v1.4.5; http://www.majestic12.co.uk/bot.php?+)"
188.40.109.147 - - [12/May/2015:12:54:56 -0700] "GET /pipermail/discuss/2012-August/000202.html HTTP/1.0" 200 6543 "-" "Mozilla/5.0 (compatible; MJ12bot/v1.4.5; http://www.majestic12.co.uk/bot.php?+)"
188.40.109.147 - - [12/May/2015:12:54:58 -0700] "GET /pipermail/discuss/2012-August/000203.html HTTP/1.0" 200 1443 "-" "Mozilla/5.0 (compatible; MJ12bot/v1.4.5; http://www.majestic12.co.uk/bot.php?+)"
188.40.109.147 - - [12/May/2015:12:55:00 -0700] "GET /pipermail/discuss/2012-August/000204.html HTTP/1.0" 200 3435 "-" "Mozilla/5.0 (compatible; MJ12bot/v1.4.5; http://www.majestic12.co.uk/bot.php?+)"
188.40.109.147 - - [12/May/2015:12:55:02 -0700] "GET /pipermail/discuss/2012-August/000205.html HTTP/1.0" 200 3725 "-" "Mozilla/5.0 (compatible; MJ12bot/v1.4.5; http://www.majestic12.co.uk/bot.php?+)"
188.40.109.147 - - [12/May/2015:12:55:06 -0700] "GET /pipermail/discuss/2012-August/000206.html HTTP/1.0" 200 7061 "-" "Mozilla/5.0 (compatible; MJ12bot/v1.4.5; http://www.majestic12.co.uk/bot.php?+)"
188.40.109.147 - - [12/May/2015:12:55:08 -0700] "GET /pipermail/discuss/2012-August/000207.html HTTP/1.0" 200 7517 "-" "Mozilla/5.0 (compatible; MJ12bot/v1.4.5; http://www.majestic12.co.uk/bot.php?+)"
188.40.109.147 - - [12/May/2015:12:55:10 -0700] "GET /pipermail/discuss/2012-August/000208.html HTTP/1.0" 200 7623 "-" "Mozilla/5.0 (compatible; MJ12bot/v1.4.5; http://www.majestic12.co.uk/bot.php?+)"
188.40.109.147 - - [12/May/2015:12:55:13 -0700] "GET /pipermail/discuss/2012-August/000209.html HTTP/1.0" 200 7872 "-" "Mozilla/5.0 (compatible; MJ12bot/v1.4.5; http://www.majestic12.co.uk/bot.php?+)"
188.40.109.147 - - [12/May/2015:12:55:15 -0700] "GET /pipermail/discuss/2012-August/000210.html HTTP/1.0" 200 4721 "-" "Mozilla/5.0 (compatible; MJ12bot/v1.4.5; http://www.majestic12.co.uk/bot.php?+)"
188.40.109.147 - - [12/May/2015:12:55:19 -0700] "GET /pipermail/discuss/2012-August/000211.html HTTP/1.0" 200 7949 "-" "Mozilla/5.0 (compatible; MJ12bot/v1.4.5; http://www.majestic12.co.uk/bot.php?+)"
188.40.109.147 - - [12/May/2015:12:55:21 -0700] "GET /pipermail/discuss/2012-August/000212.html HTTP/1.0" 200 7832 "-" "Mozilla/5.0 (compatible; MJ12bot/v1.4.5; http://www.majestic12.co.uk/bot.php?+)"
188.40.109.147 - - [12/May/2015:12:55:23 -0700] "GET /pipermail/discuss/2012-August/000213.html HTTP/1.0" 200 8268 "-" "Mozilla/5.0 (compatible; MJ12bot/v1.4.5; http://www.majestic12.co.uk/bot.php?+)"
188.40.109.147 - - [12/May/2015:12:55:24 -0700] "GET /pipermail/discuss/2012-August/000214.html HTTP/1.0" 200 1640 "-" "Mozilla/5.0 (compatible; MJ12bot/v1.4.5; http://www.majestic12.co.uk/bot.php?+)"
188.40.109.147 - - [12/May/2015:12:55:27 -0700] "GET /pipermail/discuss/2012-August/000215.html HTTP/1.0" 200 2239 "-" "Mozilla/5.0 (compatible; MJ12bot/v1.4.5; http://www.majestic12.co.uk/bot.php?+)"
188.40.109.147 - - [12/May/2015:12:55:28 -0700] "GET /pipermail/discuss/2012-August/000216.html HTTP/1.0" 200 1605 "-" "Mozilla/5.0 (compatible; MJ12bot/v1.4.5; http://www.majestic12.co.uk/bot.php?+)"
188.40.109.147 - - [12/May/2015:12:55:30 -0700] "GET /pipermail/discuss/2012-August/000217.html HTTP/1.0" 200 2013 "-" "Mozilla/5.0 (compatible; MJ12bot/v1.4.5; http://www.majestic12.co.uk/bot.php?+)"
188.40.109.147 - - [12/May/2015:12:55:32 -0700] "GET /pipermail/discuss/2012-August/000218.html HTTP/1.0" 200 2270 "-" "Mozilla/5.0 (compatible; MJ12bot/v1.4.5; http://www.majestic12.co.uk/bot.php?+)"
188.40.109.147 - - [12/May/2015:12:55:34 -0700] "GET /pipermail/discuss/2012-August/000219.html HTTP/1.0" 200 2661 "-" "Mozilla/5.0 (compatible; MJ12bot/v1.4.5; http://www.majestic12.co.uk/bot.php?+)"
188.40.109.147 - - [12/May/2015:12:55:35 -0700] "GET /pipermail/discuss/2012-August/000220.html HTTP/1.0" 200 1995 "-" "Mozilla/5.0 (compatible; MJ12bot/v1.4.5; http://www.majestic12.co.uk/bot.php?+)"
188.40.109.147 - - [12/May/2015:12:55:37 -0700] "GET /pipermail/discuss/2012-August/000221.html HTTP/1.0" 200 2136 "-" "Mozilla/5.0 (compatible; MJ12bot/v1.4.5; http://www.majestic12.co.uk/bot.php?+)"
188.40.109.147 - - [12/May/2015:12:55:39 -0700] "GET /pipermail/discuss/2012-August/000222.html HTTP/1.0" 200 3693 "-" "Mozilla/5.0 (compatible; MJ12bot/v1.4.5; http://www.majestic12.co.uk/bot.php?+)"
188.40.109.147 - - [12/May/2015:12:55:41 -0700] "GET /pipermail/discuss/2012-August/000223.html HTTP/1.0" 200 3851 "-" "Mozilla/5.0 (compatible; MJ12bot/v1.4.5; http://www.majestic12.co.uk/bot.php?+)"
188.40.109.147 - - [12/May/2015:12:55:43 -0700] "GET /pipermail/discuss/2012-August/000224.html HTTP/1.0" 200 4415 "-" "Mozilla/5.0 (compatible; MJ12bot/v1.4.5; http://www.majestic12.co.uk/bot.php?+)"
188.40.109.147 - - [12/May/2015:12:55:45 -0700] "GET /pipermail/discuss/2012-August/000225.html HTTP/1.0" 200 1909 "-" "Mozilla/5.0 (compatible; MJ12bot/v1.4.5; http://www.majestic12.co.uk/bot.php?+)"
188.40.109.147 - - [12/May/2015:12:55:50 -0700] "GET /pipermail/discuss/2012-August/000226.html HTTP/1.0" 200 4594 "-" "Mozilla/5.0 (compatible; MJ12bot/v1.4.5; http://www.majestic12.co.uk/bot.php?+)"
188.40.109.147 - - [12/May/2015:12:55:51 -0700] "GET /pipermail/discuss/2012-August/000227.html HTTP/1.0" 200 2267 "-" "Mozilla/5.0 (compatible; MJ12bot/v1.4.5; http://www.majestic12.co.uk/bot.php?+)"
188.40.109.147 - - [12/May/2015:12:55:53 -0700] "GET /pipermail/discuss/2012-August/000228.html HTTP/1.0" 200 1530 "-" "Mozilla/5.0 (compatible; MJ12bot/v1.4.5; http://www.majestic12.co.uk/bot.php?+)"
188.40.109.147 - - [12/May/2015:12:55:57 -0700] "GET /pipermail/discuss/2012-August/000229.html HTTP/1.0" 200 1858 "-" "Mozilla/5.0 (compatible; MJ12bot/v1.4.5; http://www.majestic12.co.uk/bot.php?+)"
188.40.109.147 - - [12/May/2015:12:55:59 -0700] "GET /pipermail/discuss/2012-December/000258.html HTTP/1.0" 200 2957 "-" "Mozilla/5.0 (compatible; MJ12bot/v1.4.5; http://www.majestic12.co.uk/bot.php?+)"
188.40.109.147 - - [12/May/2015:12:56:01 -0700] "GET /pipermail/discuss/2012-December/000259.html HTTP/1.0" 200 3241 "-" "Mozilla/5.0 (compatible; MJ12bot/v1.4.5; http://www.majestic12.co.uk/bot.php?+)"
188.40.109.147 - - [12/May/2015:12:56:03 -0700] "GET /pipermail/discuss/2012-December/000260.html HTTP/1.0" 200 3289 "-" "Mozilla/5.0 (compatible; MJ12bot/v1.4.5; http://www.majestic12.co.uk/bot.php?+)"
188.40.109.147 - - [12/May/2015:12:56:05 -0700] "GET /pipermail/discuss/2012-December/000261.html HTTP/1.0" 200 2050 "-" "Mozilla/5.0 (compatible; MJ12bot/v1.4.5; http://www.majestic12.co.uk/bot.php?+)"
188.40.109.147 - - [12/May/2015:12:56:07 -0700] "GET /pipermail/discuss/2012-December/000262.html HTTP/1.0" 200 2215 "-" "Mozilla/5.0 (compatible; MJ12bot/v1.4.5; http://www.majestic12.co.uk/bot.php?+)"
188.40.109.147 - - [12/May/2015:12:56:08 -0700] "GET /pipermail/discuss/2012-December/000263.html HTTP/1.0" 200 3550 "-" "Mozilla/5.0 (compatible; MJ12bot/v1.4.5; http://www.majestic12.co.uk/bot.php?+)"
188.40.109.147 - - [12/May/2015:12:56:10 -0700] "GET /pipermail/discuss/2012-December/000264.html HTTP/1.0" 200 3165 "-" "Mozilla/5.0 (compatible; MJ12bot/v1.4.5; http://www.majestic12.co.uk/bot.php?+)"
188.40.109.147 - - [12/May/2015:12:56:12 -0700] "GET /pipermail/discuss/2012-December/000265.html HTTP/1.0" 200 3266 "-" "Mozilla/5.0 (compatible; MJ12bot/v1.4.5; http://www.majestic12.co.uk/bot.php?+)"
188.40.109.147 - - [12/May/2015:12:56:14 -0700] "GET /pipermail/discuss/2012-December/000266.html HTTP/1.0" 200 2691 "-" "Mozilla/5.0 (compatible; MJ12bot/v1.4.5; http://www.majestic12.co.uk/bot.php?+)"
188.40.109.147 - - [12/May/2015:12:56:15 -0700] "GET /pipermail/discuss/2012-December/000267.html HTTP/1.0" 200 2988 "-" "Mozilla/5.0 (compatible; MJ12bot/v1.4.5; http://www.majestic12.co.uk/bot.php?+)"
188.40.109.147 - - [12/May/2015:12:56:18 -0700] "GET /pipermail/discuss/2012-December/000268.html HTTP/1.0" 200 2151 "-" "Mozilla/5.0 (compatible; MJ12bot/v1.4.5; http://www.majestic12.co.uk/bot.php?+)"
188.40.109.147 - - [12/May/2015:12:56:19 -0700] "GET /pipermail/discuss/2012-December/000269.html HTTP/1.0" 200 2738 "-" "Mozilla/5.0 (compatible; MJ12bot/v1.4.5; http://www.majestic12.co.uk/bot.php?+)"
188.40.109.147 - - [12/May/2015:12:56:21 -0700] "GET /pipermail/discuss/2012-December/000270.html HTTP/1.0" 200 2458 "-" "Mozilla/5.0 (compatible; MJ12bot/v1.4.5; http://www.majestic12.co.uk/bot.php?+)"
