162.227.177.220 - - [11/May/2015:12:20:47 -0700] "GET /stylesheets/custom.css HTTP/1.1" 200 1015 "http://www.snapfresh.org/" "Mozilla/5.0 (Macintosh; Intel Mac OS X 10_10_3) AppleWebKit/600.6.3 (KHTML, like Gecko) Version/8.0.6 Safari/600.6.3"
162.227.177.220 - - [11/May/2015:12:20:47 -0700] "GET /javascripts/render-functions.js?v=0000 HTTP/1.1" 404 1008 "http://www.snapfresh.org/" "Mozilla/5.0 (Macintosh; Intel Mac OS X 10_10_3) AppleWebKit/600.6.3 (KHTML, like Gecko) Version/8.0.6 Safari/600.6.3"
162.227.177.220 - - [11/May/2015:12:20:47 -0700] "GET /js/jquery-1.4.4.min.js HTTP/1.1" 200 27425 "http://www.snapfresh.org/" "Mozilla/5.0 (Macintosh; Intel Mac OS X 10_10_3) AppleWebKit/600.6.3 (KHTML, like Gecko) Version/8.0.6 Safari/600.6.3"
162.227.177.220 - - [11/May/2015:12:20:47 -0700] "GET /images/snapfreshlogo.png HTTP/1.1" 200 5093 "http://www.snapfresh.org/" "Mozilla/5.0 (Macintosh; Intel Mac OS X 10_10_3) AppleWebKit/600.6.3 (KHTML, like Gecko) Version/8.0.6 Safari/600.6.3"
162.227.177.220 - - [11/May/2015:12:20:47 -0700] "GET /stylesheets/images/ajax-loader.png HTTP/1.1" 404 1007 "http://www.snapfresh.org/" "Mozilla/5.0 (Macintosh; Intel Mac OS X 10_10_3) AppleWebKit/600.6.3 (KHTML, like Gecko) Version/8.0.6 Safari/600.6.3"
162.227.177.220 - - [11/May/2015:12:20:47 -0700] "GET /stylesheets/images/icons-18-white.png HTTP/1.1" 200 2491 "http://www.snapfresh.org/" "Mozilla/5.0 (Macintosh; Intel Mac OS X 10_10_3) AppleWebKit/600.6.3 (KHTML, like Gecko) Version/8.0.6 Safari/600.6.3"
162.227.177.220 - - [11/May/2015:12:20:47 -0700] "GET /favicon.ico HTTP/1.1" 200 295 "http://www.snapfresh.org/" "Mozilla/5.0 (Macintosh; Intel Mac OS X 10_10_3) AppleWebKit/600.6.3 (KHTML, like Gecko) Version/8.0.6 Safari/600.6.3"
162.227.177.220 - - [11/May/2015:12:21:14 -0700] "GET /retailers/nearaddy?locale=en&address=93728 HTTP/1.1" 200 2415 "http://www.snapfresh.org/" "Mozilla/5.0 (Macintosh; Intel Mac OS X 10_10_3) AppleWebKit/600.6.3 (KHTML, like Gecko) Version/8.0.6 Safari/600.6.3"
23.21.195.100 - - [11/May/2015:12:23:08 -0700] "GET / HTTP/1.1" 200 4501 "-" "check_http/v1.4.15 (nagios-plugins 1.4.15)"
23.21.195.100 - - [11/May/2015:12:28:08 -0700] "GET / HTTP/1.1" 200 4501 "-" "check_http/v1.4.15 (nagios-plugins 1.4.15)"
208.121.64.10 - - [11/May/2015:12:28:32 -0700] "GET /images/snapfreshlogo.png HTTP/1.1" 200 5038 "-" "Mozilla/4.0 (compatible; MSIE 4.01; Windows NT)"
23.21.195.100 - - [11/May/2015:12:33:08 -0700] "GET / HTTP/1.1" 200 4501 "-" "check_http/v1.4.15 (nagios-plugins 1.4.15)"
180.76.5.187 - - [11/May/2015:12:33:29 -0700] "GET /pipermail/discuss/2012-March/subject.html HTTP/1.1" 200 1172 "-" "Mozilla/5.0 (compatible; Baiduspider/2.0; +http://www.baidu.com/search/spider.html)"
100.43.85.9 - - [11/May/2015:12:35:44 -0700] "GET /robots.txt HTTP/1.1" 200 511 "-" "Mozilla/5.0 (compatible; YandexBot/3.0; +http://yandex.com/bots)"
100.43.85.9 - - [11/May/2015:12:35:46 -0700] "GET / HTTP/1.1" 200 2313 "-" "Mozilla/5.0 (compatible; YandexBot/3.0; +http://yandex.com/bots)"
23.21.195.100 - - [11/May/2015:12:38:08 -0700] "GET / HTTP/1.1" 200 4501 "-" "check_http/v1.4.15 (nagios-plugins 1.4.15)"
208.121.64.10 - - [11/May/2015:12:38:32 -0700] "GET /images/snapfreshlogo.png HTTP/1.1" 200 5038 "-" "Mozilla/4.0 (compatible; MSIE 4.01; Windows NT)"
217.69.133.221 - - [11/May/2015:12:41:33 -0700] "GET /robots.txt HTTP/1.0" 200 474 "-" "Mozilla/5.0 (compatible; Linux x86_64; Mail.RU_Bot/2.0; +http://go.mail.ru/help/robots)"
217.69.133.220 - - [11/May/2015:12:41:35 -0700] "GET /pipermail/discuss/2011-June/000030.html HTTP/1.1" 200 2205 "-" "Mozilla/5.0 (compatible; Linux x86_64; Mail.RU_Bot/2.0; +http://go.mail.ru/help/robots)"
217.69.133.225 - - [11/May/2015:12:41:37 -0700] "GET /pipermail/discuss/2011-October/000103.html HTTP/1.1" 200 2616 "-" "Mozilla/5.0 (compatible; Linux x86_64; Mail.RU_Bot/2.0; +http://go.mail.ru/help/robots)"
217.69.133.222 - - [11/May/2015:12:41:39 -0700] "GET /pipermail/discuss/2011-June/000029.html HTTP/1.1" 200 2413 "-" "Mozilla/5.0 (compatible; Linux x86_64; Mail.RU_Bot/2.0; +http://go.mail.ru/help/robots)"
217.69.133.225 - - [11/May/2015:12:41:41 -0700] "GET /pipermail/discuss/2011-June/000028.html HTTP/1.1" 200 1626 "-" "Mozilla/5.0 (compatible; Linux x86_64; Mail.RU_Bot/2.0; +http://go.mail.ru/help/robots)"
217.69.133.222 - - [11/May/2015:12:41:42 -0700] "GET /pipermail/discuss/2011-June/000024.html HTTP/1.1" 200 1571 "-" "Mozilla/5.0 (compatible; Linux x86_64; Mail.RU_Bot/2.0; +http://go.mail.ru/help/robots)"
217.69.133.222 - - [11/May/2015:12:41:44 -0700] "GET /pipermail/discuss/2013-July/000288.html HTTP/1.1" 200 2491 "-" "Mozilla/5.0 (compatible; Linux x86_64; Mail.RU_Bot/2.0; +http://go.mail.ru/help/robots)"
217.69.133.221 - - [11/May/2015:12:41:45 -0700] "GET /pipermail/discuss/2011-June/000023.html HTTP/1.1" 200 1443 "-" "Mozilla/5.0 (compatible; Linux x86_64; Mail.RU_Bot/2.0; +http://go.mail.ru/help/robots)"
217.69.133.68 - - [11/May/2015:12:41:47 -0700] "GET /pipermail/discuss/2011-July/000063.html HTTP/1.1" 200 1754 "-" "Mozilla/5.0 (compatible; Linux x86_64; Mail.RU_Bot/2.0; +http://go.mail.ru/help/robots)"
217.69.133.221 - - [11/May/2015:12:41:51 -0700] "GET /pipermail/discuss/2011-August/000080.html HTTP/1.1" 200 2077 "-" "Mozilla/5.0 (compatible; Linux x86_64; Mail.RU_Bot/2.0; +http://go.mail.ru/help/robots)"
23.21.195.100 - - [11/May/2015:12:43:08 -0700] "GET / HTTP/1.1" 200 4501 "-" "check_http/v1.4.15 (nagios-plugins 1.4.15)"
23.21.195.100 - - [11/May/2015:12:48:08 -0700] "GET / HTTP/1.1" 200 4501 "-" "check_http/v1.4.15 (nagios-plugins 1.4.15)"
208.121.64.10 - - [11/May/2015:12:48:32 -0700] "GET /images/snapfreshlogo.png HTTP/1.1" 200 5038 "-" "Mozilla/4.0 (compatible; MSIE 4.01; Windows NT)"
100.43.90.13 - - [11/May/2015:12:48:44 -0700] "GET /pipermail/discuss/2012-October/000236.html HTTP/1.1" 200 4129 "-" "Mozilla/5.0 (compatible; YandexBot/3.0; +http://yandex.com/bots)"
66.249.65.248 - - [11/May/2015:12:52:12 -0700] "GET / HTTP/1.1" 200 2312 "-" "Mozilla/5.0 (compatible; Googlebot/2.1; +http://www.google.com/bot.html)"
174.240.38.182 - - [11/May/2015:12:52:57 -0700] "GET / HTTP/1.1" 200 2316 "http://www.sfhsa.org/154.htm" "Mozilla/5.0 (iPhone; CPU iPhone OS 7_1_2 like Mac OS X) AppleWebKit/537.51.2 (KHTML, like Gecko) Version/7.0 Mobile/11D257 Safari/9537.53"
174.240.38.182 - - [11/May/2015:12:52:57 -0700] "GET /stylesheets/jquery.mobile-1.0b1.min.css HTTP/1.1" 200 7586 "http://www.snapfresh.org/" "Mozilla/5.0 (iPhone; CPU iPhone OS 7_1_2 like Mac OS X) AppleWebKit/537.51.2 (KHTML, like Gecko) Version/7.0 Mobile/11D257 Safari/9537.53"
174.240.38.182 - - [11/May/2015:12:52:57 -0700] "GET /stylesheets/custom.css HTTP/1.1" 200 1015 "http://www.snapfresh.org/" "Mozilla/5.0 (iPhone; CPU iPhone OS 7_1_2 like Mac OS X) AppleWebKit/537.51.2 (KHTML, like Gecko) Version/7.0 Mobile/11D257 Safari/9537.53"
174.240.38.182 - - [11/May/2015:12:52:58 -0700] "GET /javascripts/lazy-render.js HTTP/1.1" 404 1007 "http://www.snapfresh.org/" "Mozilla/5.0 (iPhone; CPU iPhone OS 7_1_2 like Mac OS X) AppleWebKit/537.51.2 (KHTML, like Gecko) Version/7.0 Mobile/11D257 Safari/9537.53"
174.240.38.182 - - [11/May/2015:12:52:58 -0700] "GET /javascripts/yqlgeo.js HTTP/1.1" 200 1598 "http://www.snapfresh.org/" "Mozilla/5.0 (iPhone; CPU iPhone OS 7_1_2 like Mac OS X) AppleWebKit/537.51.2 (KHTML, like Gecko) Version/7.0 Mobile/11D257 Safari/9537.53"
174.240.38.182 - - [11/May/2015:12:52:58 -0700] "GET /javascripts/render-functions.js?v=0000 HTTP/1.1" 404 1007 "http://www.snapfresh.org/" "Mozilla/5.0 (iPhone; CPU iPhone OS 7_1_2 like Mac OS X) AppleWebKit/537.51.2 (KHTML, like Gecko) Version/7.0 Mobile/11D257 Safari/9537.53"
174.240.38.182 - - [11/May/2015:12:52:58 -0700] "GET /js/jquery-1.4.4.min.js HTTP/1.1" 200 27426 "http://www.snapfresh.org/" "Mozilla/5.0 (iPhone; CPU iPhone OS 7_1_2 like Mac OS X) AppleWebKit/537.51.2 (KHTML, like Gecko) Version/7.0 Mobile/11D257 Safari/9537.53"
174.240.38.182 - - [11/May/2015:12:52:59 -0700] "GET /images/snapfreshlogo.png HTTP/1.1" 200 5093 "http://www.snapfresh.org/" "Mozilla/5.0 (iPhone; CPU iPhone OS 7_1_2 like Mac OS X) AppleWebKit/537.51.2 (KHTML, like Gecko) Version/7.0 Mobile/11D257 Safari/9537.53"
174.240.38.182 - - [11/May/2015:12:53:00 -0700] "GET /stylesheets/images/ajax-loader.png HTTP/1.1" 404 1007 "http://www.snapfresh.org/" "Mozilla/5.0 (iPhone; CPU iPhone OS 7_1_2 like Mac OS X) AppleWebKit/537.51.2 (KHTML, like Gecko) Version/7.0 Mobile/11D257 Safari/9537.53"
174.240.38.182 - - [11/May/2015:12:53:00 -0700] "GET /stylesheets/images/icons-36-white.png HTTP/1.1" 404 1007 "http://www.snapfresh.org/" "Mozilla/5.0 (iPhone; CPU iPhone OS 7_1_2 like Mac OS X) AppleWebKit/537.51.2 (KHTML, like Gecko) Version/7.0 Mobile/11D257 Safari/9537.53"
23.21.195.100 - - [11/May/2015:12:53:08 -0700] "GET / HTTP/1.1" 200 4501 "-" "check_http/v1.4.15 (nagios-plugins 1.4.15)"
174.240.38.182 - - [11/May/2015:12:53:27 -0700] "GET /retailers/nearaddy?locale=en&address=Sf+94133 HTTP/1.1" 200 2443 "http://www.snapfresh.org/" "Mozilla/5.0 (iPhone; CPU iPhone OS 7_1_2 like Mac OS X) AppleWebKit/537.51.2 (KHTML, like Gecko) Version/7.0 Mobile/11D257 Safari/9537.53"
174.240.38.182 - - [11/May/2015:12:53:40 -0700] "GET /retailers/nearaddy?locale=en&address=Sf+94133 HTTP/1.1" 200 2442 "http://www.snapfresh.org/" "Mozilla/5.0 (iPhone; CPU iPhone OS 7_1_2 like Mac OS X) AppleWebKit/537.51.2 (KHTML, like Gecko) Version/7.0 Mobile/11D257 Safari/9537.53"
23.21.195.100 - - [11/May/2015:12:58:08 -0700] "GET / HTTP/1.1" 200 4501 "-" "check_http/v1.4.15 (nagios-plugins 1.4.15)"
208.121.64.10 - - [11/May/2015:12:58:32 -0700] "GET /images/snapfreshlogo.png HTTP/1.1" 200 5038 "-" "Mozilla/4.0 (compatible; MSIE 4.01; Windows NT)"
23.21.195.100 - - [11/May/2015:13:03:08 -0700] "GET / HTTP/1.1" 200 4501 "-" "check_http/v1.4.15 (nagios-plugins 1.4.15)"
180.76.6.58 - - [11/May/2015:13:03:29 -0700] "GET /pipermail/discuss/2014-May/000338.html HTTP/1.1" 200 2300 "-" "Mozilla/5.0 (compatible; Baiduspider/2.0; +http://www.baidu.com/search/spider.html)"
23.21.195.100 - - [11/May/2015:13:08:08 -0700] "GET / HTTP/1.1" 200 4501 "-" "check_http/v1.4.15 (nagios-plugins 1.4.15)"
208.121.64.10 - - [11/May/2015:13:08:32 -0700] "GET /images/snapfreshlogo.png HTTP/1.1" 200 5038 "-" "Mozilla/4.0 (compatible; MSIE 4.01; Windows NT)"
37.6.45.180 - - [11/May/2015:13:12:33 -0700] "GET / HTTP/1.1" 200 2316 "http://buttons-for-your-website.com" "Mozilla/5.0 (Windows NT 6.1; WOW64) AppleWebKit/537.36 (KHTML, like Gecko) Chrome/36.0.1985.143 Safari/537.36"
37.6.45.180 - - [11/May/2015:13:12:34 -0700] "GET /stylesheets/jquery.mobile-1.0b1.min.css HTTP/1.1" 200 7586 "http://snapfresh.org/" "Mozilla/5.0 (Windows NT 6.1; WOW64) AppleWebKit/537.36 (KHTML, like Gecko) Chrome/36.0.1985.143 Safari/537.36"
37.6.45.180 - - [11/May/2015:13:12:34 -0700] "GET /javascripts/lazy-render.js HTTP/1.1" 404 1008 "http://snapfresh.org/" "Mozilla/5.0 (Windows NT 6.1; WOW64) AppleWebKit/537.36 (KHTML, like Gecko) Chrome/36.0.1985.143 Safari/537.36"
37.6.45.180 - - [11/May/2015:13:12:34 -0700] "GET /javascripts/render-functions.js?v=0000 HTTP/1.1" 404 1007 "http://snapfresh.org/" "Mozilla/5.0 (Windows NT 6.1; WOW64) AppleWebKit/537.36 (KHTML, like Gecko) Chrome/36.0.1985.143 Safari/537.36"
37.6.45.180 - - [11/May/2015:13:12:34 -0700] "GET /javascripts/yqlgeo.js HTTP/1.1" 200 1599 "http://snapfresh.org/" "Mozilla/5.0 (Windows NT 6.1; WOW64) AppleWebKit/537.36 (KHTML, like Gecko) Chrome/36.0.1985.143 Safari/537.36"
37.6.45.180 - - [11/May/2015:13:12:34 -0700] "GET /stylesheets/custom.css HTTP/1.1" 200 1015 "http://snapfresh.org/" "Mozilla/5.0 (Windows NT 6.1; WOW64) AppleWebKit/537.36 (KHTML, like Gecko) Chrome/36.0.1985.143 Safari/537.36"
37.6.45.180 - - [11/May/2015:13:12:34 -0700] "GET /js/jquery-1.4.4.min.js HTTP/1.1" 200 27426 "http://snapfresh.org/" "Mozilla/5.0 (Windows NT 6.1; WOW64) AppleWebKit/537.36 (KHTML, like Gecko) Chrome/36.0.1985.143 Safari/537.36"
37.6.45.180 - - [11/May/2015:13:12:35 -0700] "GET /images/snapfreshlogo.png HTTP/1.1" 200 5093 "http://snapfresh.org/" "Mozilla/5.0 (Windows NT 6.1; WOW64) AppleWebKit/537.36 (KHTML, like Gecko) Chrome/36.0.1985.143 Safari/537.36"
37.6.45.180 - - [11/May/2015:13:12:35 -0700] "GET /stylesheets/images/ajax-loader.png HTTP/1.1" 404 1007 "http://snapfresh.org/" "Mozilla/5.0 (Windows NT 6.1; WOW64) AppleWebKit/537.36 (KHTML, like Gecko) Chrome/36.0.1985.143 Safari/537.36"
37.6.45.180 - - [11/May/2015:13:12:35 -0700] "GET /stylesheets/images/icons-18-white.png HTTP/1.1" 200 2491 "http://snapfresh.org/" "Mozilla/5.0 (Windows NT 6.1; WOW64) AppleWebKit/537.36 (KHTML, like Gecko) Chrome/36.0.1985.143 Safari/537.36"
23.21.195.100 - - [11/May/2015:13:13:08 -0700] "GET / HTTP/1.1" 200 4501 "-" "check_http/v1.4.15 (nagios-plugins 1.4.15)"
23.21.195.100 - - [11/May/2015:13:18:08 -0700] "GET / HTTP/1.1" 200 4501 "-" "check_http/v1.4.15 (nagios-plugins 1.4.15)"
208.121.64.10 - - [11/May/2015:13:18:32 -0700] "GET /images/snapfreshlogo.png HTTP/1.1" 200 5038 "-" "Mozilla/4.0 (compatible; MSIE 4.01; Windows NT)"
23.21.195.100 - - [11/May/2015:13:23:08 -0700] "GET / HTTP/1.1" 200 4501 "-" "check_http/v1.4.15 (nagios-plugins 1.4.15)"
178.137.166.68 - - [11/May/2015:13:24:27 -0700] "GET / HTTP/1.1" 200 4482 "http://evehost.ru/" "Mozilla/4.0 (compatible; MSIE 6.0; Windows NT 5.1; SV1; .NET CLR 1.1.4322)"
178.137.166.68 - - [11/May/2015:13:24:27 -0700] "GET / HTTP/1.1" 200 4482 "http://urth.ru/" "Mozilla/4.0 (compatible; MSIE 6.0; Windows NT 5.1; SV1; .NET CLR 1.1.4322)"
178.137.166.68 - - [11/May/2015:13:24:28 -0700] "GET / HTTP/1.1" 200 4482 "http://urth.ru/" "Mozilla/4.0 (compatible; MSIE 6.0; Windows NT 5.1; SV1; .NET CLR 1.1.4322)"
178.137.166.68 - - [11/May/2015:13:24:28 -0700] "GET / HTTP/1.1" 200 4482 "http://evehost.ru/" "Mozilla/4.0 (compatible; MSIE 6.0; Windows NT 5.1; SV1; .NET CLR 1.1.4322)"
178.137.166.68 - - [11/May/2015:13:24:28 -0700] "GET / HTTP/1.1" 200 4482 "http://www.germes-trans.com//?s=AMAZON+TRANSPORTER" "Mozilla/4.0 (compatible; MSIE 6.0; Windows NT 5.1; SV1; YPC 3.0.2; .NET CLR 1.1.4322; yplus 4.4.02b)"
178.137.166.68 - - [11/May/2015:13:24:28 -0700] "GET / HTTP/1.1" 200 4482 "http://xn--80adaggc5bdhlfamsfdij4p7b.xn--p1ai/" "Mozilla/4.0 (compatible; MSIE 6.0; Windows NT 5.0; T312461)"
178.137.166.68 - - [11/May/2015:13:24:29 -0700] "GET / HTTP/1.1" 200 4482 "http://urth.ru/" "Mozilla/4.0 (compatible; MSIE 6.0; Windows NT 5.1; SV1; .NET CLR 1.1.4322)"
23.21.195.100 - - [11/May/2015:13:28:08 -0700] "GET / HTTP/1.1" 200 4501 "-" "check_http/v1.4.15 (nagios-plugins 1.4.15)"
208.121.64.10 - - [11/May/2015:13:28:32 -0700] "GET /images/snapfreshlogo.png HTTP/1.1" 200 5038 "-" "Mozilla/4.0 (compatible; MSIE 4.01; Windows NT)"
23.21.195.100 - - [11/May/2015:13:33:08 -0700] "GET / HTTP/1.1" 200 4501 "-" "check_http/v1.4.15 (nagios-plugins 1.4.15)"
23.21.195.100 - - [11/May/2015:13:38:08 -0700] "GET / HTTP/1.1" 200 4501 "-" "check_http/v1.4.15 (nagios-plugins 1.4.15)"
208.121.64.10 - - [11/May/2015:13:38:32 -0700] "GET /images/snapfreshlogo.png HTTP/1.1" 200 5038 "-" "Mozilla/4.0 (compatible; MSIE 4.01; Windows NT)"
23.21.195.100 - - [11/May/2015:13:43:08 -0700] "GET / HTTP/1.1" 200 4501 "-" "check_http/v1.4.15 (nagios-plugins 1.4.15)"
23.21.195.100 - - [11/May/2015:13:48:08 -0700] "GET / HTTP/1.1" 200 4501 "-" "check_http/v1.4.15 (nagios-plugins 1.4.15)"
208.121.64.10 - - [11/May/2015:13:48:32 -0700] "GET /images/snapfreshlogo.png HTTP/1.1" 200 5038 "-" "Mozilla/4.0 (compatible; MSIE 4.01; Windows NT)"
66.249.65.248 - - [11/May/2015:13:48:53 -0700] "GET / HTTP/1.1" 200 2313 "-" "Mozilla/5.0 (compatible; Googlebot/2.1; +http://www.google.com/bot.html)"
23.21.195.100 - - [11/May/2015:13:53:08 -0700] "GET / HTTP/1.1" 200 4501 "-" "check_http/v1.4.15 (nagios-plugins 1.4.15)"
23.21.195.100 - - [11/May/2015:13:58:08 -0700] "GET / HTTP/1.1" 200 4501 "-" "check_http/v1.4.15 (nagios-plugins 1.4.15)"
208.121.64.10 - - [11/May/2015:13:58:32 -0700] "GET /images/snapfreshlogo.png HTTP/1.1" 200 5038 "-" "Mozilla/4.0 (compatible; MSIE 4.01; Windows NT)"
23.21.195.100 - - [11/May/2015:14:03:08 -0700] "GET / HTTP/1.1" 200 4501 "-" "check_http/v1.4.15 (nagios-plugins 1.4.15)"
23.21.195.100 - - [11/May/2015:14:08:08 -0700] "GET / HTTP/1.1" 200 4501 "-" "check_http/v1.4.15 (nagios-plugins 1.4.15)"
208.121.64.10 - - [11/May/2015:14:08:32 -0700] "GET /images/snapfreshlogo.png HTTP/1.1" 200 5038 "-" "Mozilla/4.0 (compatible; MSIE 4.01; Windows NT)"
23.21.195.100 - - [11/May/2015:14:13:08 -0700] "GET / HTTP/1.1" 200 4501 "-" "check_http/v1.4.15 (nagios-plugins 1.4.15)"
217.69.133.68 - - [11/May/2015:14:16:54 -0700] "GET /robots.txt HTTP/1.0" 200 474 "-" "Mozilla/5.0 (compatible; Linux x86_64; Mail.RU_Bot/2.0; +http://go.mail.ru/help/robots)"
217.69.133.225 - - [11/May/2015:14:16:55 -0700] "GET /pipermail/discuss/2011-October/000121.html HTTP/1.1" 200 2728 "-" "Mozilla/5.0 (compatible; Linux x86_64; Mail.RU_Bot/2.0; +http://go.mail.ru/help/robots)"
217.69.133.223 - - [11/May/2015:14:16:59 -0700] "GET /pipermail/discuss/2013-January/000279.html HTTP/1.1" 200 1585 "-" "Mozilla/5.0 (compatible; Linux x86_64; Mail.RU_Bot/2.0; +http://go.mail.ru/help/robots)"
217.69.133.225 - - [11/May/2015:14:17:01 -0700] "GET /pipermail/discuss/2011-June/000044.html HTTP/1.1" 200 3041 "-" "Mozilla/5.0 (compatible; Linux x86_64; Mail.RU_Bot/2.0; +http://go.mail.ru/help/robots)"
217.69.133.222 - - [11/May/2015:14:17:07 -0700] "GET /pipermail/discuss/2011-June/000035.html HTTP/1.1" 200 2996 "-" "Mozilla/5.0 (compatible; Linux x86_64; Mail.RU_Bot/2.0; +http://go.mail.ru/help/robots)"
217.69.133.221 - - [11/May/2015:14:17:19 -0700] "GET /pipermail/discuss/2011-June/000010.html HTTP/1.1" 200 1963 "-" "Mozilla/5.0 (compatible; Linux x86_64; Mail.RU_Bot/2.0; +http://go.mail.ru/help/robots)"
23.21.195.100 - - [11/May/2015:14:18:08 -0700] "GET / HTTP/1.1" 200 4501 "-" "check_http/v1.4.15 (nagios-plugins 1.4.15)"
208.121.64.10 - - [11/May/2015:14:18:32 -0700] "GET /images/snapfreshlogo.png HTTP/1.1" 200 5038 "-" "Mozilla/4.0 (compatible; MSIE 4.01; Windows NT)"
23.21.195.100 - - [11/May/2015:14:23:08 -0700] "GET / HTTP/1.1" 200 4501 "-" "check_http/v1.4.15 (nagios-plugins 1.4.15)"
23.21.195.100 - - [11/May/2015:14:28:08 -0700] "GET / HTTP/1.1" 200 4501 "-" "check_http/v1.4.15 (nagios-plugins 1.4.15)"
208.121.64.10 - - [11/May/2015:14:28:32 -0700] "GET /images/snapfreshlogo.png HTTP/1.1" 200 5038 "-" "Mozilla/4.0 (compatible; MSIE 4.01; Windows NT)"
180.76.4.152 - - [11/May/2015:14:30:46 -0700] "GET / HTTP/1.1" 200 4494 "-" "Mozilla/4.0 (compatible; MSIE 7.0; Windows NT 6.0)"
172.56.30.156 - - [11/May/2015:14:32:00 -0700] "GET / HTTP/1.1" 200 2314 "-" "Mozilla/5.0 (Linux; Android 4.4.4; Z970 Build/KTU84P) AppleWebKit/537.36 (KHTML, like Gecko) Chrome/42.0.2311.111 Mobile Safari/537.36"
172.56.30.156 - - [11/May/2015:14:32:00 -0700] "GET /stylesheets/jquery.mobile-1.0b1.min.css HTTP/1.1" 200 7586 "http://www.snapfresh.org/" "Mozilla/5.0 (Linux; Android 4.4.4; Z970 Build/KTU84P) AppleWebKit/537.36 (KHTML, like Gecko) Chrome/42.0.2311.111 Mobile Safari/537.36"
172.56.30.156 - - [11/May/2015:14:32:00 -0700] "GET /javascripts/lazy-render.js HTTP/1.1" 404 1008 "http://www.snapfresh.org/" "Mozilla/5.0 (Linux; Android 4.4.4; Z970 Build/KTU84P) AppleWebKit/537.36 (KHTML, like Gecko) Chrome/42.0.2311.111 Mobile Safari/537.36"
172.56.30.156 - - [11/May/2015:14:32:00 -0700] "GET /stylesheets/custom.css HTTP/1.1" 200 1015 "http://www.snapfresh.org/" "Mozilla/5.0 (Linux; Android 4.4.4; Z970 Build/KTU84P) AppleWebKit/537.36 (KHTML, like Gecko) Chrome/42.0.2311.111 Mobile Safari/537.36"
172.56.30.156 - - [11/May/2015:14:32:00 -0700] "GET /javascripts/render-functions.js?v=0000 HTTP/1.1" 404 1008 "http://www.snapfresh.org/" "Mozilla/5.0 (Linux; Android 4.4.4; Z970 Build/KTU84P) AppleWebKit/537.36 (KHTML, like Gecko) Chrome/42.0.2311.111 Mobile Safari/537.36"
172.56.30.156 - - [11/May/2015:14:32:00 -0700] "GET /javascripts/yqlgeo.js HTTP/1.1" 200 1599 "http://www.snapfresh.org/" "Mozilla/5.0 (Linux; Android 4.4.4; Z970 Build/KTU84P) AppleWebKit/537.36 (KHTML, like Gecko) Chrome/42.0.2311.111 Mobile Safari/537.36"
172.56.30.156 - - [11/May/2015:14:32:00 -0700] "GET /images/snapfreshlogo.png HTTP/1.1" 200 5094 "http://www.snapfresh.org/" "Mozilla/5.0 (Linux; Android 4.4.4; Z970 Build/KTU84P) AppleWebKit/537.36 (KHTML, like Gecko) Chrome/42.0.2311.111 Mobile Safari/537.36"
172.56.30.156 - - [11/May/2015:14:32:00 -0700] "GET /js/jquery-1.4.4.min.js HTTP/1.1" 200 27425 "http://www.snapfresh.org/" "Mozilla/5.0 (Linux; Android 4.4.4; Z970 Build/KTU84P) AppleWebKit/537.36 (KHTML, like Gecko) Chrome/42.0.2311.111 Mobile Safari/537.36"
172.56.30.156 - - [11/May/2015:14:32:01 -0700] "GET /stylesheets/images/ajax-loader.png HTTP/1.1" 404 1007 "http://www.snapfresh.org/stylesheets/jquery.mobile-1.0b1.min.css" "Mozilla/5.0 (Linux; Android 4.4.4; Z970 Build/KTU84P) AppleWebKit/537.36 (KHTML, like Gecko) Chrome/42.0.2311.111 Mobile Safari/537.36"
172.56.30.156 - - [11/May/2015:14:32:01 -0700] "GET /stylesheets/images/icons-36-white.png HTTP/1.1" 404 1007 "http://www.snapfresh.org/stylesheets/jquery.mobile-1.0b1.min.css" "Mozilla/5.0 (Linux; Android 4.4.4; Z970 Build/KTU84P) AppleWebKit/537.36 (KHTML, like Gecko) Chrome/42.0.2311.111 Mobile Safari/537.36"
172.56.30.156 - - [11/May/2015:14:32:02 -0700] "GET /favicon.ico HTTP/1.1" 200 294 "http://www.snapfresh.org/" "Mozilla/5.0 (Linux; Android 4.4.4; Z970 Build/KTU84P) AppleWebKit/537.36 (KHTML, like Gecko) Chrome/42.0.2311.111 Mobile Safari/537.36"
23.21.195.100 - - [11/May/2015:14:33:08 -0700] "GET / HTTP/1.1" 200 4501 "-" "check_http/v1.4.15 (nagios-plugins 1.4.15)"
23.21.195.100 - - [11/May/2015:14:38:08 -0700] "GET / HTTP/1.1" 200 4501 "-" "check_http/v1.4.15 (nagios-plugins 1.4.15)"
208.121.64.10 - - [11/May/2015:14:38:32 -0700] "GET /images/snapfreshlogo.png HTTP/1.1" 200 5038 "-" "Mozilla/4.0 (compatible; MSIE 4.01; Windows NT)"
66.249.65.198 - - [11/May/2015:14:40:27 -0700] "GET / HTTP/1.1" 200 2316 "-" "Mozilla/5.0 (compatible; Googlebot/2.1; +http://www.google.com/bot.html)"
23.21.195.100 - - [11/May/2015:14:43:08 -0700] "GET / HTTP/1.1" 200 4501 "-" "check_http/v1.4.15 (nagios-plugins 1.4.15)"
23.21.195.100 - - [11/May/2015:14:48:08 -0700] "GET / HTTP/1.1" 200 4501 "-" "check_http/v1.4.15 (nagios-plugins 1.4.15)"
208.121.64.10 - - [11/May/2015:14:48:32 -0700] "GET /images/snapfreshlogo.png HTTP/1.1" 200 5038 "-" "Mozilla/4.0 (compatible; MSIE 4.01; Windows NT)"
23.21.195.100 - - [11/May/2015:14:53:08 -0700] "GET / HTTP/1.1" 200 4501 "-" "check_http/v1.4.15 (nagios-plugins 1.4.15)"
31.186.169.33 - - [11/May/2015:14:54:58 -0700] "GET /wp-admin/ HTTP/1.1" 404 971 "-" "-"
23.21.195.100 - - [11/May/2015:14:58:08 -0700] "GET / HTTP/1.1" 200 4501 "-" "check_http/v1.4.15 (nagios-plugins 1.4.15)"
208.121.64.10 - - [11/May/2015:14:58:32 -0700] "GET /images/snapfreshlogo.png HTTP/1.1" 200 5038 "-" "Mozilla/4.0 (compatible; MSIE 4.01; Windows NT)"
67.43.3.148 - - [11/May/2015:15:02:41 -0700] "GET /test/wp-admin/ HTTP/1.1" 404 971 "-" "-"
23.21.195.100 - - [11/May/2015:15:03:08 -0700] "GET / HTTP/1.1" 200 4501 "-" "check_http/v1.4.15 (nagios-plugins 1.4.15)"
123.125.71.104 - - [11/May/2015:15:03:14 -0700] "GET / HTTP/1.1" 200 2277 "-" "Mozilla/5.0 (Windows NT 5.1; rv:6.0.2) Gecko/20100101 Firefox/6.0.2"
123.125.71.72 - - [11/May/2015:15:04:15 -0700] "GET / HTTP/1.1" 200 4501 "-" "Mozilla/5.0 (Windows NT 5.1; rv:6.0.2) Gecko/20100101 Firefox/6.0.2"
66.249.65.191 - - [11/May/2015:15:06:49 -0700] "GET / HTTP/1.1" 200 2314 "-" "Mozilla/5.0 (iPhone; CPU iPhone OS 6_0 like Mac OS X) AppleWebKit/536.26 (KHTML, like Gecko) Version/6.0 Mobile/10A5376e Safari/8536.25 (compatible; Googlebot/2.1; +http://www.google.com/bot.html)"
180.76.5.58 - - [11/May/2015:15:07:29 -0700] "GET /pipermail/discuss/2013-October/000312.html HTTP/1.1" 200 1577 "-" "Mozilla/5.0 (compatible; Baiduspider/2.0; +http://www.baidu.com/search/spider.html)"
23.21.195.100 - - [11/May/2015:15:08:08 -0700] "GET / HTTP/1.1" 200 4501 "-" "check_http/v1.4.15 (nagios-plugins 1.4.15)"
208.121.64.10 - - [11/May/2015:15:08:33 -0700] "GET /images/snapfreshlogo.png HTTP/1.1" 200 5038 "-" "Mozilla/4.0 (compatible; MSIE 4.01; Windows NT)"
187.95.195.208 - - [11/May/2015:15:10:31 -0700] "GET /wordpress/wp-admin/ HTTP/1.1" 404 971 "-" "-"
162.144.87.81 - - [11/May/2015:15:11:49 -0700] "HEAD / HTTP/1.0" 200 620 "-" "-"
220.181.108.77 - - [11/May/2015:15:12:43 -0700] "GET / HTTP/1.1" 200 2276 "-" "Mozilla/5.0 (Windows NT 5.1; rv:6.0.2) Gecko/20100101 Firefox/6.0.2"
23.21.195.100 - - [11/May/2015:15:13:08 -0700] "GET / HTTP/1.1" 200 4501 "-" "check_http/v1.4.15 (nagios-plugins 1.4.15)"
220.181.108.97 - - [11/May/2015:15:13:55 -0700] "GET / HTTP/1.1" 200 4501 "-" "Mozilla/5.0 (Windows NT 5.1; rv:6.0.2) Gecko/20100101 Firefox/6.0.2"
144.76.8.132 - - [11/May/2015:15:13:58 -0700] "GET /robots.txt HTTP/1.0" 200 474 "-" "Mozilla/5.0 (compatible; MJ12bot/v1.4.5; http://www.majestic12.co.uk/bot.php?+)"
144.76.8.132 - - [11/May/2015:15:14:00 -0700] "GET /?is/ HTTP/1.0" 200 4461 "-" "Mozilla/5.0 (compatible; MJ12bot/v1.4.5; http://www.majestic12.co.uk/bot.php?+)"
144.76.8.132 - - [11/May/2015:15:14:01 -0700] "GET /robots.txt HTTP/1.0" 200 474 "-" "Mozilla/5.0 (compatible; MJ12bot/v1.4.5; http://www.majestic12.co.uk/bot.php?+)"
144.76.8.132 - - [11/May/2015:15:14:03 -0700] "GET /aboutus?locale=es HTTP/1.0" 200 5046 "-" "Mozilla/5.0 (compatible; MJ12bot/v1.4.5; http://www.majestic12.co.uk/bot.php?+)"
144.76.8.132 - - [11/May/2015:15:14:04 -0700] "GET /aboutus?locale=zh HTTP/1.0" 200 5019 "-" "Mozilla/5.0 (compatible; MJ12bot/v1.4.5; http://www.majestic12.co.uk/bot.php?+)"
144.76.8.132 - - [11/May/2015:15:14:06 -0700] "GET /mailman/admin/announce HTTP/1.0" 200 2564 "-" "Mozilla/5.0 (compatible; MJ12bot/v1.4.5; http://www.majestic12.co.uk/bot.php?+)"
144.76.8.132 - - [11/May/2015:15:14:08 -0700] "GET /mailman/admin/discuss HTTP/1.0" 200 2556 "-" "Mozilla/5.0 (compatible; MJ12bot/v1.4.5; http://www.majestic12.co.uk/bot.php?+)"
144.76.8.132 - - [11/May/2015:15:14:10 -0700] "GET /mailman/admin/team HTTP/1.0" 200 2532 "-" "Mozilla/5.0 (compatible; MJ12bot/v1.4.5; http://www.majestic12.co.uk/bot.php?+)"
144.76.8.132 - - [11/May/2015:15:14:11 -0700] "GET /mailman/create HTTP/1.0" 200 11729 "-" "Mozilla/5.0 (compatible; MJ12bot/v1.4.5; http://www.majestic12.co.uk/bot.php?+)"
144.76.8.132 - - [11/May/2015:15:14:13 -0700] "GET /mailman/listinfo HTTP/1.0" 200 2592 "-" "Mozilla/5.0 (compatible; MJ12bot/v1.4.5; http://www.majestic12.co.uk/bot.php?+)"
144.76.8.132 - - [11/May/2015:15:14:15 -0700] "GET /mailman/listinfo/discuss HTTP/1.0" 200 6355 "-" "Mozilla/5.0 (compatible; MJ12bot/v1.4.5; http://www.majestic12.co.uk/bot.php?+)"
144.76.8.132 - - [11/May/2015:15:14:17 -0700] "GET /mailman/private/team/ HTTP/1.0" 200 2283 "-" "Mozilla/5.0 (compatible; MJ12bot/v1.4.5; http://www.majestic12.co.uk/bot.php?+)"
144.76.8.132 - - [11/May/2015:15:14:19 -0700] "GET /pipermail/announce/ HTTP/1.0" 200 770 "-" "Mozilla/5.0 (compatible; MJ12bot/v1.4.5; http://www.majestic12.co.uk/bot.php?+)"
144.76.8.132 - - [11/May/2015:15:14:20 -0700] "GET /pipermail/discuss/2011-August/000072.html HTTP/1.0" 200 2537 "-" "Mozilla/5.0 (compatible; MJ12bot/v1.4.5; http://www.majestic12.co.uk/bot.php?+)"
144.76.8.132 - - [11/May/2015:15:14:22 -0700] "GET /pipermail/discuss/2011-August/000073.html HTTP/1.0" 200 5362 "-" "Mozilla/5.0 (compatible; MJ12bot/v1.4.5; http://www.majestic12.co.uk/bot.php?+)"
144.76.8.132 - - [11/May/2015:15:14:24 -0700] "GET /pipermail/discuss/2011-August/000074.html HTTP/1.0" 200 3067 "-" "Mozilla/5.0 (compatible; MJ12bot/v1.4.5; http://www.majestic12.co.uk/bot.php?+)"
144.76.8.132 - - [11/May/2015:15:14:25 -0700] "GET /pipermail/discuss/2011-August/000075.html HTTP/1.0" 200 6580 "-" "Mozilla/5.0 (compatible; MJ12bot/v1.4.5; http://www.majestic12.co.uk/bot.php?+)"
144.76.8.132 - - [11/May/2015:15:14:27 -0700] "GET /pipermail/discuss/2011-August/000076.html HTTP/1.0" 200 8288 "-" "Mozilla/5.0 (compatible; MJ12bot/v1.4.5; http://www.majestic12.co.uk/bot.php?+)"
144.76.8.132 - - [11/May/2015:15:14:29 -0700] "GET /pipermail/discuss/2011-August/000077.html HTTP/1.0" 200 3635 "-" "Mozilla/5.0 (compatible; MJ12bot/v1.4.5; http://www.majestic12.co.uk/bot.php?+)"
144.76.8.132 - - [11/May/2015:15:14:30 -0700] "GET /pipermail/discuss/2011-August/000078.html HTTP/1.0" 200 2741 "-" "Mozilla/5.0 (compatible; MJ12bot/v1.4.5; http://www.majestic12.co.uk/bot.php?+)"
144.76.8.132 - - [11/May/2015:15:14:32 -0700] "GET /pipermail/discuss/2011-August/000079.html HTTP/1.0" 200 4312 "-" "Mozilla/5.0 (compatible; MJ12bot/v1.4.5; http://www.majestic12.co.uk/bot.php?+)"
144.76.8.132 - - [11/May/2015:15:14:34 -0700] "GET /pipermail/discuss/2011-August/000080.html HTTP/1.0" 200 5490 "-" "Mozilla/5.0 (compatible; MJ12bot/v1.4.5; http://www.majestic12.co.uk/bot.php?+)"
144.76.8.132 - - [11/May/2015:15:14:36 -0700] "GET /pipermail/discuss/2011-August/000081.html HTTP/1.0" 200 7399 "-" "Mozilla/5.0 (compatible; MJ12bot/v1.4.5; http://www.majestic12.co.uk/bot.php?+)"
144.76.8.132 - - [11/May/2015:15:14:37 -0700] "GET /pipermail/discuss/2011-August/000082.html HTTP/1.0" 200 3854 "-" "Mozilla/5.0 (compatible; MJ12bot/v1.4.5; http://www.majestic12.co.uk/bot.php?+)"
144.76.8.132 - - [11/May/2015:15:14:39 -0700] "GET /pipermail/discuss/2011-December/000126.html HTTP/1.0" 200 3084 "-" "Mozilla/5.0 (compatible; MJ12bot/v1.4.5; http://www.majestic12.co.uk/bot.php?+)"
144.76.8.132 - - [11/May/2015:15:14:41 -0700] "GET /pipermail/discuss/2011-December/000127.html HTTP/1.0" 200 3579 "-" "Mozilla/5.0 (compatible; MJ12bot/v1.4.5; http://www.majestic12.co.uk/bot.php?+)"
144.76.8.132 - - [11/May/2015:15:14:43 -0700] "GET /pipermail/discuss/2011-December/000128.html HTTP/1.0" 200 3662 "-" "Mozilla/5.0 (compatible; MJ12bot/v1.4.5; http://www.majestic12.co.uk/bot.php?+)"
144.76.8.132 - - [11/May/2015:15:14:45 -0700] "GET /pipermail/discuss/2011-December/000129.html HTTP/1.0" 200 4384 "-" "Mozilla/5.0 (compatible; MJ12bot/v1.4.5; http://www.majestic12.co.uk/bot.php?+)"
144.76.8.132 - - [11/May/2015:15:14:47 -0700] "GET /pipermail/discuss/2011-December/000130.html HTTP/1.0" 200 5498 "-" "Mozilla/5.0 (compatible; MJ12bot/v1.4.5; http://www.majestic12.co.uk/bot.php?+)"
144.76.8.132 - - [11/May/2015:15:14:49 -0700] "GET /pipermail/discuss/2011-December/000131.html HTTP/1.0" 200 6937 "-" "Mozilla/5.0 (compatible; MJ12bot/v1.4.5; http://www.majestic12.co.uk/bot.php?+)"
144.76.8.132 - - [11/May/2015:15:14:52 -0700] "GET /pipermail/discuss/2011-December/000132.html HTTP/1.0" 200 7739 "-" "Mozilla/5.0 (compatible; MJ12bot/v1.4.5; http://www.majestic12.co.uk/bot.php?+)"
144.76.8.132 - - [11/May/2015:15:14:54 -0700] "GET /pipermail/discuss/2011-July/000049.html HTTP/1.0" 200 2759 "-" "Mozilla/5.0 (compatible; MJ12bot/v1.4.5; http://www.majestic12.co.uk/bot.php?+)"
144.76.8.132 - - [11/May/2015:15:14:56 -0700] "GET /pipermail/discuss/2011-July/000050.html HTTP/1.0" 200 3033 "-" "Mozilla/5.0 (compatible; MJ12bot/v1.4.5; http://www.majestic12.co.uk/bot.php?+)"
144.76.8.132 - - [11/May/2015:15:14:58 -0700] "GET /pipermail/discuss/2011-July/000051.html HTTP/1.0" 200 4522 "-" "Mozilla/5.0 (compatible; MJ12bot/v1.4.5; http://www.majestic12.co.uk/bot.php?+)"
144.76.8.132 - - [11/May/2015:15:15:00 -0700] "GET /pipermail/discuss/2011-July/000052.html HTTP/1.0" 200 3433 "-" "Mozilla/5.0 (compatible; MJ12bot/v1.4.5; http://www.majestic12.co.uk/bot.php?+)"
144.76.8.132 - - [11/May/2015:15:15:02 -0700] "GET /pipermail/discuss/2011-July/000053.html HTTP/1.0" 200 3818 "-" "Mozilla/5.0 (compatible; MJ12bot/v1.4.5; http://www.majestic12.co.uk/bot.php?+)"
144.76.8.132 - - [11/May/2015:15:15:04 -0700] "GET /pipermail/discuss/2011-July/000054.html HTTP/1.0" 200 4925 "-" "Mozilla/5.0 (compatible; MJ12bot/v1.4.5; http://www.majestic12.co.uk/bot.php?+)"
144.76.8.132 - - [11/May/2015:15:15:06 -0700] "GET /pipermail/discuss/2011-July/000055.html HTTP/1.0" 200 6352 "-" "Mozilla/5.0 (compatible; MJ12bot/v1.4.5; http://www.majestic12.co.uk/bot.php?+)"
144.76.8.132 - - [11/May/2015:15:15:08 -0700] "GET /pipermail/discuss/2011-July/000056.html HTTP/1.0" 200 6608 "-" "Mozilla/5.0 (compatible; MJ12bot/v1.4.5; http://www.majestic12.co.uk/bot.php?+)"
144.76.8.132 - - [11/May/2015:15:15:10 -0700] "GET /pipermail/discuss/2011-July/000057.html HTTP/1.0" 200 8296 "-" "Mozilla/5.0 (compatible; MJ12bot/v1.4.5; http://www.majestic12.co.uk/bot.php?+)"
144.76.8.132 - - [11/May/2015:15:15:12 -0700] "GET /pipermail/discuss/2011-July/000058.html HTTP/1.0" 200 3514 "-" "Mozilla/5.0 (compatible; MJ12bot/v1.4.5; http://www.majestic12.co.uk/bot.php?+)"
144.76.8.132 - - [11/May/2015:15:15:15 -0700] "GET /pipermail/discuss/2011-July/000059.html HTTP/1.0" 200 3344 "-" "Mozilla/5.0 (compatible; MJ12bot/v1.4.5; http://www.majestic12.co.uk/bot.php?+)"
144.76.8.132 - - [11/May/2015:15:15:17 -0700] "GET /pipermail/discuss/2011-July/000060.html HTTP/1.0" 200 7039 "-" "Mozilla/5.0 (compatible; MJ12bot/v1.4.5; http://www.majestic12.co.uk/bot.php?+)"
144.76.8.132 - - [11/May/2015:15:15:20 -0700] "GET /pipermail/discuss/2011-July/000061.html HTTP/1.0" 200 8661 "-" "Mozilla/5.0 (compatible; MJ12bot/v1.4.5; http://www.majestic12.co.uk/bot.php?+)"
144.76.8.132 - - [11/May/2015:15:15:22 -0700] "GET /pipermail/discuss/2011-July/000062.html HTTP/1.0" 200 10840 "-" "Mozilla/5.0 (compatible; MJ12bot/v1.4.5; http://www.majestic12.co.uk/bot.php?+)"
144.76.8.132 - - [11/May/2015:15:15:24 -0700] "GET /pipermail/discuss/2011-July/000063.html HTTP/1.0" 200 3727 "-" "Mozilla/5.0 (compatible; MJ12bot/v1.4.5; http://www.majestic12.co.uk/bot.php?+)"
144.76.8.132 - - [11/May/2015:15:15:26 -0700] "GET /pipermail/discuss/2011-July/000064.html HTTP/1.0" 200 3702 "-" "Mozilla/5.0 (compatible; MJ12bot/v1.4.5; http://www.majestic12.co.uk/bot.php?+)"
144.76.8.132 - - [11/May/2015:15:15:28 -0700] "GET /pipermail/discuss/2011-July/000065.html HTTP/1.0" 200 3460 "-" "Mozilla/5.0 (compatible; MJ12bot/v1.4.5; http://www.majestic12.co.uk/bot.php?+)"
144.76.8.132 - - [11/May/2015:15:15:30 -0700] "GET /pipermail/discuss/2011-July/000066.html HTTP/1.0" 200 6310 "-" "Mozilla/5.0 (compatible; MJ12bot/v1.4.5; http://www.majestic12.co.uk/bot.php?+)"
144.76.8.132 - - [11/May/2015:15:15:32 -0700] "GET /pipermail/discuss/2011-July/000067.html HTTP/1.0" 200 7586 "-" "Mozilla/5.0 (compatible; MJ12bot/v1.4.5; http://www.majestic12.co.uk/bot.php?+)"
144.76.8.132 - - [11/May/2015:15:15:34 -0700] "GET /pipermail/discuss/2011-July/000068.html HTTP/1.0" 200 9199 "-" "Mozilla/5.0 (compatible; MJ12bot/v1.4.5; http://www.majestic12.co.uk/bot.php?+)"
144.76.8.132 - - [11/May/2015:15:15:36 -0700] "GET /pipermail/discuss/2011-July/000069.html HTTP/1.0" 200 10130 "-" "Mozilla/5.0 (compatible; MJ12bot/v1.4.5; http://www.majestic12.co.uk/bot.php?+)"
144.76.8.132 - - [11/May/2015:15:15:38 -0700] "GET /pipermail/discuss/2011-July/000070.html HTTP/1.0" 200 9828 "-" "Mozilla/5.0 (compatible; MJ12bot/v1.4.5; http://www.majestic12.co.uk/bot.php?+)"
144.76.8.132 - - [11/May/2015:15:15:40 -0700] "GET /pipermail/discuss/2011-July/000071.html HTTP/1.0" 200 3585 "-" "Mozilla/5.0 (compatible; MJ12bot/v1.4.5; http://www.majestic12.co.uk/bot.php?+)"
144.76.8.132 - - [11/May/2015:15:15:42 -0700] "GET /pipermail/discuss/2011-November/000124.html HTTP/1.0" 200 3199 "-" "Mozilla/5.0 (compatible; MJ12bot/v1.4.5; http://www.majestic12.co.uk/bot.php?+)"
144.76.8.132 - - [11/May/2015:15:15:44 -0700] "GET /pipermail/discuss/2011-November/000125.html HTTP/1.0" 200 3550 "-" "Mozilla/5.0 (compatible; MJ12bot/v1.4.5; http://www.majestic12.co.uk/bot.php?+)"
144.76.8.132 - - [11/May/2015:15:15:47 -0700] "GET /pipermail/discuss/2011-October/000097.html HTTP/1.0" 200 3285 "-" "Mozilla/5.0 (compatible; MJ12bot/v1.4.5; http://www.majestic12.co.uk/bot.php?+)"
144.76.8.132 - - [11/May/2015:15:15:49 -0700] "GET /pipermail/discuss/2011-October/000098.html HTTP/1.0" 200 3862 "-" "Mozilla/5.0 (compatible; MJ12bot/v1.4.5; http://www.majestic12.co.uk/bot.php?+)"
144.76.8.132 - - [11/May/2015:15:15:51 -0700] "GET /pipermail/discuss/2011-October/000099.html HTTP/1.0" 200 4615 "-" "Mozilla/5.0 (compatible; MJ12bot/v1.4.5; http://www.majestic12.co.uk/bot.php?+)"
144.76.8.132 - - [11/May/2015:15:15:53 -0700] "GET /pipermail/discuss/2011-October/000100.html HTTP/1.0" 200 5007 "-" "Mozilla/5.0 (compatible; MJ12bot/v1.4.5; http://www.majestic12.co.uk/bot.php?+)"
144.76.8.132 - - [11/May/2015:15:15:55 -0700] "GET /pipermail/discuss/2011-October/000101.html HTTP/1.0" 200 5827 "-" "Mozilla/5.0 (compatible; MJ12bot/v1.4.5; http://www.majestic12.co.uk/bot.php?+)"
144.76.8.132 - - [11/May/2015:15:15:57 -0700] "GET /pipermail/discuss/2011-October/000102.html HTTP/1.0" 200 3676 "-" "Mozilla/5.0 (compatible; MJ12bot/v1.4.5; http://www.majestic12.co.uk/bot.php?+)"
144.76.8.132 - - [11/May/2015:15:15:59 -0700] "GET /pipermail/discuss/2011-October/000103.html HTTP/1.0" 200 6086 "-" "Mozilla/5.0 (compatible; MJ12bot/v1.4.5; http://www.majestic12.co.uk/bot.php?+)"
144.76.8.132 - - [11/May/2015:15:16:01 -0700] "GET /pipermail/discuss/2011-October/000104.html HTTP/1.0" 200 7243 "-" "Mozilla/5.0 (compatible; MJ12bot/v1.4.5; http://www.majestic12.co.uk/bot.php?+)"
144.76.8.132 - - [11/May/2015:15:16:03 -0700] "GET /pipermail/discuss/2011-October/000105.html HTTP/1.0" 200 8820 "-" "Mozilla/5.0 (compatible; MJ12bot/v1.4.5; http://www.majestic12.co.uk/bot.php?+)"
144.76.8.132 - - [11/May/2015:15:16:06 -0700] "GET /pipermail/discuss/2011-October/000106.html HTTP/1.0" 200 8838 "-" "Mozilla/5.0 (compatible; MJ12bot/v1.4.5; http://www.majestic12.co.uk/bot.php?+)"
144.76.8.132 - - [11/May/2015:15:16:08 -0700] "GET /pipermail/discuss/2011-October/000107.html HTTP/1.0" 200 10628 "-" "Mozilla/5.0 (compatible; MJ12bot/v1.4.5; http://www.majestic12.co.uk/bot.php?+)"
144.76.8.132 - - [11/May/2015:15:16:10 -0700] "GET /pipermail/discuss/2011-October/000108.html HTTP/1.0" 200 12522 "-" "Mozilla/5.0 (compatible; MJ12bot/v1.4.5; http://www.majestic12.co.uk/bot.php?+)"
180.76.6.152 - - [11/May/2015:15:17:09 -0700] "GET / HTTP/1.1" 200 2278 "-" "Mozilla/5.0 (compatible; Baiduspider/2.0; +http://www.baidu.com/search/spider.html)"
23.21.195.100 - - [11/May/2015:15:18:08 -0700] "GET / HTTP/1.1" 200 4501 "-" "check_http/v1.4.15 (nagios-plugins 1.4.15)"
50.87.144.128 - - [11/May/2015:15:18:15 -0700] "GET /blog/wp-admin/ HTTP/1.1" 404 971 "-" "-"
208.121.64.10 - - [11/May/2015:15:18:33 -0700] "GET /images/snapfreshlogo.png HTTP/1.1" 200 5038 "-" "Mozilla/4.0 (compatible; MSIE 4.01; Windows NT)"
50.87.144.128 - - [11/May/2015:15:19:15 -0700] "GET /blog/wp-admin/ HTTP/1.1" 404 971 "-" "-"
131.96.253.43 - - [11/May/2015:15:19:47 -0700] "GET /retailers/nearaddy.json/?address=33.848551,-84.369983 HTTP/1.1" 200 1922 "-" "SnapFresh/9 (iPad; iOS 7.1; Scale/1.00)"
71.21.28.245 - - [11/May/2015:15:20:19 -0700] "GET / HTTP/1.1" 200 2260 "-" "Mozilla/5.0 (Linux; U; Android 2.3.5; en-us; SCH-I500 Build/GINGERBREAD) AppleWebKit/533.1 (KHTML, like Gecko) Version/4.0 Mobile Safari/533.1"
71.21.28.245 - - [11/May/2015:15:20:20 -0700] "GET /stylesheets/jquery.mobile-1.0b1.min.css HTTP/1.1" 200 7531 "http://snapfresh.org/" "Mozilla/5.0 (Linux; U; Android 2.3.5; en-us; SCH-I500 Build/GINGERBREAD) AppleWebKit/533.1 (KHTML, like Gecko) Version/4.0 Mobile Safari/533.1"
71.21.28.245 - - [11/May/2015:15:20:20 -0700] "GET /javascripts/lazy-render.js HTTP/1.1" 404 952 "http://snapfresh.org/" "Mozilla/5.0 (Linux; U; Android 2.3.5; en-us; SCH-I500 Build/GINGERBREAD) AppleWebKit/533.1 (KHTML, like Gecko) Version/4.0 Mobile Safari/533.1"
71.21.28.245 - - [11/May/2015:15:20:20 -0700] "GET /stylesheets/custom.css HTTP/1.1" 200 959 "http://snapfresh.org/" "Mozilla/5.0 (Linux; U; Android 2.3.5; en-us; SCH-I500 Build/GINGERBREAD) AppleWebKit/533.1 (KHTML, like Gecko) Version/4.0 Mobile Safari/533.1"
71.21.28.245 - - [11/May/2015:15:20:20 -0700] "GET /javascripts/render-functions.js?v=0000 HTTP/1.1" 404 952 "http://snapfresh.org/" "Mozilla/5.0 (Linux; U; Android 2.3.5; en-us; SCH-I500 Build/GINGERBREAD) AppleWebKit/533.1 (KHTML, like Gecko) Version/4.0 Mobile Safari/533.1"
71.21.28.245 - - [11/May/2015:15:20:20 -0700] "GET /javascripts/yqlgeo.js HTTP/1.1" 200 1543 "http://snapfresh.org/" "Mozilla/5.0 (Linux; U; Android 2.3.5; en-us; SCH-I500 Build/GINGERBREAD) AppleWebKit/533.1 (KHTML, like Gecko) Version/4.0 Mobile Safari/533.1"
71.21.28.245 - - [11/May/2015:15:20:20 -0700] "GET /js/jquery-1.4.4.min.js HTTP/1.1" 200 27370 "http://snapfresh.org/" "Mozilla/5.0 (Linux; U; Android 2.3.5; en-us; SCH-I500 Build/GINGERBREAD) AppleWebKit/533.1 (KHTML, like Gecko) Version/4.0 Mobile Safari/533.1"
71.21.28.245 - - [11/May/2015:15:20:26 -0700] "GET /images/snapfreshlogo.png HTTP/1.1" 200 5038 "http://snapfresh.org/" "Mozilla/5.0 (Linux; U; Android 2.3.5; en-us; SCH-I500 Build/GINGERBREAD) AppleWebKit/533.1 (KHTML, like Gecko) Version/4.0 Mobile Safari/533.1"
71.21.28.245 - - [11/May/2015:15:20:26 -0700] "GET /stylesheets/images/icons-18-white.png HTTP/1.1" 200 2436 "http://snapfresh.org/" "Mozilla/5.0 (Linux; U; Android 2.3.5; en-us; SCH-I500 Build/GINGERBREAD) AppleWebKit/533.1 (KHTML, like Gecko) Version/4.0 Mobile Safari/533.1"
71.21.28.245 - - [11/May/2015:15:20:26 -0700] "GET /stylesheets/images/ajax-loader.png HTTP/1.1" 404 952 "http://snapfresh.org/" "Mozilla/5.0 (Linux; U; Android 2.3.5; en-us; SCH-I500 Build/GINGERBREAD) AppleWebKit/533.1 (KHTML, like Gecko) Version/4.0 Mobile Safari/533.1"
71.21.28.245 - - [11/May/2015:15:20:27 -0700] "GET /stylesheets/images/icons-36-white.png HTTP/1.1" 404 952 "http://snapfresh.org/" "Mozilla/5.0 (Linux; U; Android 2.3.5; en-us; SCH-I500 Build/GINGERBREAD) AppleWebKit/533.1 (KHTML, like Gecko) Version/4.0 Mobile Safari/533.1"
71.21.28.245 - - [11/May/2015:15:20:27 -0700] "GET /favicon.ico HTTP/1.1" 200 239 "http://snapfresh.org/" "Mozilla/5.0 (Linux; U; Android 2.3.5; en-us; SCH-I500 Build/GINGERBREAD) AppleWebKit/533.1 (KHTML, like Gecko) Version/4.0 Mobile Safari/533.1"
71.21.28.245 - - [11/May/2015:15:21:28 -0700] "GET /retailers/nearaddy?locale=en&address=eureka HTTP/1.1" 200 2361 "http://snapfresh.org/" "Mozilla/5.0 (Linux; U; Android 2.3.5; en-us; SCH-I500 Build/GINGERBREAD) AppleWebKit/533.1 (KHTML, like Gecko) Version/4.0 Mobile Safari/533.1"
23.21.195.100 - - [11/May/2015:15:23:08 -0700] "GET / HTTP/1.1" 200 4501 "-" "check_http/v1.4.15 (nagios-plugins 1.4.15)"
149.255.58.110 - - [11/May/2015:15:26:12 -0700] "GET /wp/wp-admin/ HTTP/1.1" 404 971 "-" "-"
23.21.195.100 - - [11/May/2015:15:28:08 -0700] "GET / HTTP/1.1" 200 4501 "-" "check_http/v1.4.15 (nagios-plugins 1.4.15)"
208.121.64.10 - - [11/May/2015:15:28:32 -0700] "GET /images/snapfreshlogo.png HTTP/1.1" 200 5038 "-" "Mozilla/4.0 (compatible; MSIE 4.01; Windows NT)"
66.249.65.241 - - [11/May/2015:15:32:13 -0700] "GET / HTTP/1.1" 200 2314 "-" "Mozilla/5.0 (compatible; Googlebot/2.1; +http://www.google.com/bot.html)"
23.21.195.100 - - [11/May/2015:15:33:08 -0700] "GET / HTTP/1.1" 200 4501 "-" "check_http/v1.4.15 (nagios-plugins 1.4.15)"
23.21.195.100 - - [11/May/2015:15:38:08 -0700] "GET / HTTP/1.1" 200 4501 "-" "check_http/v1.4.15 (nagios-plugins 1.4.15)"
208.121.64.10 - - [11/May/2015:15:38:33 -0700] "GET /images/snapfreshlogo.png HTTP/1.1" 200 5038 "-" "Mozilla/4.0 (compatible; MSIE 4.01; Windows NT)"
23.21.195.100 - - [11/May/2015:15:43:08 -0700] "GET / HTTP/1.1" 200 4501 "-" "check_http/v1.4.15 (nagios-plugins 1.4.15)"
23.21.195.100 - - [11/May/2015:15:48:08 -0700] "GET / HTTP/1.1" 200 4501 "-" "check_http/v1.4.15 (nagios-plugins 1.4.15)"
208.121.64.10 - - [11/May/2015:15:48:33 -0700] "GET /images/snapfreshlogo.png HTTP/1.1" 200 5038 "-" "Mozilla/4.0 (compatible; MSIE 4.01; Windows NT)"
217.69.133.68 - - [11/May/2015:15:51:06 -0700] "GET /robots.txt HTTP/1.0" 200 474 "-" "Mozilla/5.0 (compatible; Linux x86_64; Mail.RU_Bot/2.0; +http://go.mail.ru/help/robots)"
217.69.133.223 - - [11/May/2015:15:51:10 -0700] "GET /pipermail/discuss/2011-October/000120.html HTTP/1.1" 200 2841 "-" "Mozilla/5.0 (compatible; Linux x86_64; Mail.RU_Bot/2.0; +http://go.mail.ru/help/robots)"
217.69.133.222 - - [11/May/2015:15:51:12 -0700] "GET /pipermail/discuss/2011-October/000100.html HTTP/1.1" 200 2110 "-" "Mozilla/5.0 (compatible; Linux x86_64; Mail.RU_Bot/2.0; +http://go.mail.ru/help/robots)"
217.69.133.220 - - [11/May/2015:15:51:13 -0700] "GET /pipermail/discuss/2013-May/000283.html HTTP/1.1" 200 2479 "-" "Mozilla/5.0 (compatible; Linux x86_64; Mail.RU_Bot/2.0; +http://go.mail.ru/help/robots)"
217.69.133.223 - - [11/May/2015:15:51:15 -0700] "GET /mailman/create HTTP/1.1" 200 2306 "-" "Mozilla/5.0 (compatible; Linux x86_64; Mail.RU_Bot/2.0; +http://go.mail.ru/help/robots)"
217.69.133.225 - - [11/May/2015:15:51:17 -0700] "GET /pipermail/discuss/2011-June/000038.html HTTP/1.1" 200 1431 "-" "Mozilla/5.0 (compatible; Linux x86_64; Mail.RU_Bot/2.0; +http://go.mail.ru/help/robots)"
217.69.133.68 - - [11/May/2015:15:51:19 -0700] "GET /pipermail/discuss/2014-April/000323.html HTTP/1.1" 200 1500 "-" "Mozilla/5.0 (compatible; Linux x86_64; Mail.RU_Bot/2.0; +http://go.mail.ru/help/robots)"
217.69.133.223 - - [11/May/2015:15:51:21 -0700] "GET /pipermail/discuss/2011-July/000052.html HTTP/1.1" 200 1435 "-" "Mozilla/5.0 (compatible; Linux x86_64; Mail.RU_Bot/2.0; +http://go.mail.ru/help/robots)"
217.69.133.226 - - [11/May/2015:15:51:24 -0700] "GET /pipermail/discuss/2011-June/000021.html HTTP/1.1" 200 2174 "-" "Mozilla/5.0 (compatible; Linux x86_64; Mail.RU_Bot/2.0; +http://go.mail.ru/help/robots)"
217.69.133.221 - - [11/May/2015:15:51:25 -0700] "GET /pipermail/discuss/2011-June/000046.html HTTP/1.1" 200 4916 "-" "Mozilla/5.0 (compatible; Linux x86_64; Mail.RU_Bot/2.0; +http://go.mail.ru/help/robots)"
23.21.195.100 - - [11/May/2015:15:53:08 -0700] "GET / HTTP/1.1" 200 4501 "-" "check_http/v1.4.15 (nagios-plugins 1.4.15)"
180.76.4.235 - - [11/May/2015:15:53:59 -0700] "GET / HTTP/1.1" 200 4494 "-" "Mozilla/4.0 (compatible; MSIE 7.0; Windows NT 6.0)"
180.76.5.172 - - [11/May/2015:15:57:14 -0700] "GET /pipermail/discuss/2012-December/000271.html HTTP/1.1" 200 1481 "-" "Mozilla/5.0 (compatible; Baiduspider/2.0; +http://www.baidu.com/search/spider.html)"
108.192.91.16 - - [11/May/2015:15:57:31 -0700] "GET / HTTP/1.1" 200 2313 "-" "Mozilla/5.0 (Linux; U; Android 4.2.2; en-us; GT-P3113 Build/JDQ39) AppleWebKit/534.30 (KHTML, like Gecko) Version/4.0 Safari/534.30"
108.192.91.16 - - [11/May/2015:15:57:31 -0700] "GET /javascripts/lazy-render.js HTTP/1.1" 404 1007 "http://www.snapfresh.org/" "Mozilla/5.0 (Linux; U; Android 4.2.2; en-us; GT-P3113 Build/JDQ39) AppleWebKit/534.30 (KHTML, like Gecko) Version/4.0 Safari/534.30"
108.192.91.16 - - [11/May/2015:15:57:32 -0700] "GET /javascripts/render-functions.js?v=0000 HTTP/1.1" 404 1008 "http://www.snapfresh.org/" "Mozilla/5.0 (Linux; U; Android 4.2.2; en-us; GT-P3113 Build/JDQ39) AppleWebKit/534.30 (KHTML, like Gecko) Version/4.0 Safari/534.30"
108.192.91.16 - - [11/May/2015:15:57:40 -0700] "GET /images/snapfreshlogo.png HTTP/1.1" 200 5094 "http://www.snapfresh.org/" "Mozilla/5.0 (Linux; U; Android 4.2.2; en-us; GT-P3113 Build/JDQ39) AppleWebKit/534.30 (KHTML, like Gecko) Version/4.0 Safari/534.30"
108.192.91.16 - - [11/May/2015:15:57:40 -0700] "GET /stylesheets/images/ajax-loader.png HTTP/1.1" 404 1007 "http://www.snapfresh.org/" "Mozilla/5.0 (Linux; U; Android 4.2.2; en-us; GT-P3113 Build/JDQ39) AppleWebKit/534.30 (KHTML, like Gecko) Version/4.0 Safari/534.30"
108.192.91.16 - - [11/May/2015:15:57:40 -0700] "GET /stylesheets/images/icons-18-white.png HTTP/1.1" 200 2492 "http://www.snapfresh.org/" "Mozilla/5.0 (Linux; U; Android 4.2.2; en-us; GT-P3113 Build/JDQ39) AppleWebKit/534.30 (KHTML, like Gecko) Version/4.0 Safari/534.30"
23.21.195.100 - - [11/May/2015:15:58:08 -0700] "GET / HTTP/1.1" 200 4501 "-" "check_http/v1.4.15 (nagios-plugins 1.4.15)"
208.121.64.10 - - [11/May/2015:15:58:32 -0700] "GET /images/snapfreshlogo.png HTTP/1.1" 200 5038 "-" "Mozilla/4.0 (compatible; MSIE 4.01; Windows NT)"
74.101.105.137 - - [11/May/2015:16:01:51 -0700] "GET /retailers/nearaddy.json/?address=40.601006,-73.999971 HTTP/1.1" 200 1936 "-" "SnapFresh/9 (iPhone; iOS 8.3; Scale/2.00)"
74.101.105.137 - - [11/May/2015:16:02:22 -0700] "GET /retailers/nearaddy.json/?address=40.601043,-73.999924 HTTP/1.1" 200 1936 "-" "SnapFresh/9 (iPhone; iOS 8.3; Scale/2.00)"
74.101.105.137 - - [11/May/2015:16:03:03 -0700] "GET /retailers/nearaddy.json/?address=40.601006,-73.999971 HTTP/1.1" 200 1936 "-" "SnapFresh/9 (iPhone; iOS 8.3; Scale/2.00)"
23.21.195.100 - - [11/May/2015:16:03:08 -0700] "GET / HTTP/1.1" 200 4501 "-" "check_http/v1.4.15 (nagios-plugins 1.4.15)"
23.21.195.100 - - [11/May/2015:16:08:08 -0700] "GET / HTTP/1.1" 200 4501 "-" "check_http/v1.4.15 (nagios-plugins 1.4.15)"
123.125.71.91 - - [11/May/2015:16:08:14 -0700] "GET / HTTP/1.1" 200 2279 "-" "Mozilla/5.0 (Windows NT 5.1; rv:6.0.2) Gecko/20100101 Firefox/6.0.2"
208.121.64.10 - - [11/May/2015:16:08:32 -0700] "GET /images/snapfreshlogo.png HTTP/1.1" 200 5038 "-" "Mozilla/4.0 (compatible; MSIE 4.01; Windows NT)"
123.125.71.103 - - [11/May/2015:16:09:15 -0700] "GET / HTTP/1.1" 200 4501 "-" "Mozilla/5.0 (Windows NT 5.1; rv:6.0.2) Gecko/20100101 Firefox/6.0.2"
180.76.6.44 - - [11/May/2015:16:10:29 -0700] "GET /javascripts/lazy-render.js HTTP/1.1" 404 971 "-" "Mozilla/5.0 (compatible; Baiduspider/2.0; +http://www.baidu.com/search/spider.html)"
173.55.125.126 - - [11/May/2015:16:12:39 -0700] "GET /retailers/nearaddy.json/?address=34.111439,-117.746730 HTTP/1.1" 200 1928 "-" "SnapFresh/9 (iPhone; iOS 8.3; Scale/2.00)"
23.21.195.100 - - [11/May/2015:16:13:08 -0700] "GET / HTTP/1.1" 200 4501 "-" "check_http/v1.4.15 (nagios-plugins 1.4.15)"
220.181.108.104 - - [11/May/2015:16:17:25 -0700] "GET / HTTP/1.1" 200 2279 "-" "Mozilla/5.0 (Windows NT 5.1; rv:6.0.2) Gecko/20100101 Firefox/6.0.2"
23.21.195.100 - - [11/May/2015:16:18:08 -0700] "GET / HTTP/1.1" 200 4501 "-" "check_http/v1.4.15 (nagios-plugins 1.4.15)"
