208.121.64.10 - - [11/May/2015:06:48:31 -0700] "GET /images/snapfreshlogo.png HTTP/1.1" 200 5038 "-" "Mozilla/4.0 (compatible; MSIE 4.01; Windows NT)"
66.249.65.198 - - [11/May/2015:06:48:49 -0700] "GET /robots.txt HTTP/1.1" 200 503 "-" "Mozilla/5.0 (compatible; Googlebot/2.1; +http://www.google.com/bot.html)"
66.249.65.191 - - [11/May/2015:06:48:50 -0700] "GET / HTTP/1.1" 200 2310 "-" "Mozilla/5.0 (compatible; Googlebot/2.1; +http://www.google.com/bot.html)"
66.249.65.191 - - [11/May/2015:06:49:04 -0700] "GET /javascripts/lazy-render.js HTTP/1.1" 404 1008 "-" "Mozilla/5.0 (compatible; Googlebot/2.1; +http://www.google.com/bot.html)"
66.249.65.191 - - [11/May/2015:06:49:05 -0700] "GET /javascripts/yqlgeo.js HTTP/1.1" 200 1598 "-" "Mozilla/5.0 (compatible; Googlebot/2.1; +http://www.google.com/bot.html)"
23.21.195.100 - - [11/May/2015:06:53:08 -0700] "GET / HTTP/1.1" 200 4501 "-" "check_http/v1.4.15 (nagios-plugins 1.4.15)"
180.76.5.154 - - [11/May/2015:06:56:35 -0700] "GET /aboutus?locale=en HTTP/1.1" 200 2499 "-" "Mozilla/5.0 (compatible; Baiduspider/2.0; +http://www.baidu.com/search/spider.html)"
23.21.195.100 - - [11/May/2015:06:58:08 -0700] "GET / HTTP/1.1" 200 4501 "-" "check_http/v1.4.15 (nagios-plugins 1.4.15)"
208.121.64.10 - - [11/May/2015:06:58:31 -0700] "GET /images/snapfreshlogo.png HTTP/1.1" 200 5038 "-" "Mozilla/4.0 (compatible; MSIE 4.01; Windows NT)"
23.21.195.100 - - [11/May/2015:07:03:08 -0700] "GET / HTTP/1.1" 200 4501 "-" "check_http/v1.4.15 (nagios-plugins 1.4.15)"
23.21.195.100 - - [11/May/2015:07:08:08 -0700] "GET / HTTP/1.1" 200 4501 "-" "check_http/v1.4.15 (nagios-plugins 1.4.15)"
208.121.64.10 - - [11/May/2015:07:08:31 -0700] "GET /images/snapfreshlogo.png HTTP/1.1" 200 5038 "-" "Mozilla/4.0 (compatible; MSIE 4.01; Windows NT)"
23.21.195.100 - - [11/May/2015:07:13:08 -0700] "GET / HTTP/1.1" 200 4501 "-" "check_http/v1.4.15 (nagios-plugins 1.4.15)"
23.21.195.100 - - [11/May/2015:07:18:08 -0700] "GET / HTTP/1.1" 200 4501 "-" "check_http/v1.4.15 (nagios-plugins 1.4.15)"
208.121.64.10 - - [11/May/2015:07:18:32 -0700] "GET /images/snapfreshlogo.png HTTP/1.1" 200 5038 "-" "Mozilla/4.0 (compatible; MSIE 4.01; Windows NT)"
23.21.195.100 - - [11/May/2015:07:23:08 -0700] "GET / HTTP/1.1" 200 4501 "-" "check_http/v1.4.15 (nagios-plugins 1.4.15)"
130.166.196.53 - - [11/May/2015:07:23:23 -0700] "GET /retailers/nearaddy.json/?address=34.239188,-118.549207 HTTP/1.1" 200 1973 "-" "SnapFresh/9 (iPhone; iOS 8.3; Scale/2.00)"
130.166.196.53 - - [11/May/2015:07:24:03 -0700] "GET /retailers/nearaddy.json/?address=34.233029,-118.519326 HTTP/1.1" 200 1963 "-" "SnapFresh/9 (iPhone; iOS 8.3; Scale/2.00)"
130.166.196.53 - - [11/May/2015:07:24:11 -0700] "GET /retailers/nearaddy.json/?address=34.228194,-118.515235 HTTP/1.1" 200 1953 "-" "SnapFresh/9 (iPhone; iOS 8.3; Scale/2.00)"
23.21.195.100 - - [11/May/2015:07:28:08 -0700] "GET / HTTP/1.1" 200 4501 "-" "check_http/v1.4.15 (nagios-plugins 1.4.15)"
208.121.64.10 - - [11/May/2015:07:28:31 -0700] "GET /images/snapfreshlogo.png HTTP/1.1" 200 5038 "-" "Mozilla/4.0 (compatible; MSIE 4.01; Windows NT)"
23.21.195.100 - - [11/May/2015:07:33:08 -0700] "GET / HTTP/1.1" 200 4501 "-" "check_http/v1.4.15 (nagios-plugins 1.4.15)"
68.180.229.30 - - [11/May/2015:07:35:08 -0700] "GET /pipermail/discuss/ HTTP/1.1" 200 1586 "-" "Mozilla/5.0 (compatible; Yahoo! Slurp; http://help.yahoo.com/help/us/ysearch/slurp)"
23.21.195.100 - - [11/May/2015:07:38:08 -0700] "GET / HTTP/1.1" 200 4501 "-" "check_http/v1.4.15 (nagios-plugins 1.4.15)"
208.121.64.10 - - [11/May/2015:07:38:31 -0700] "GET /images/snapfreshlogo.png HTTP/1.1" 200 5038 "-" "Mozilla/4.0 (compatible; MSIE 4.01; Windows NT)"
23.21.195.100 - - [11/May/2015:07:43:08 -0700] "GET / HTTP/1.1" 200 4501 "-" "check_http/v1.4.15 (nagios-plugins 1.4.15)"
23.21.195.100 - - [11/May/2015:07:48:08 -0700] "GET / HTTP/1.1" 200 4501 "-" "check_http/v1.4.15 (nagios-plugins 1.4.15)"
208.121.64.10 - - [11/May/2015:07:48:31 -0700] "GET /images/snapfreshlogo.png HTTP/1.1" 200 5038 "-" "Mozilla/4.0 (compatible; MSIE 4.01; Windows NT)"
66.249.65.241 - - [11/May/2015:07:51:54 -0700] "GET /robots.txt HTTP/1.1" 200 503 "-" "Mozilla/5.0 (compatible; Googlebot/2.1; +http://www.google.com/bot.html)"
66.249.65.129 - - [11/May/2015:07:51:54 -0700] "GET / HTTP/1.1" 200 2313 "-" "Mozilla/5.0 (compatible; Googlebot/2.1; +http://www.google.com/bot.html)"
23.21.195.100 - - [11/May/2015:07:53:08 -0700] "GET / HTTP/1.1" 200 4501 "-" "check_http/v1.4.15 (nagios-plugins 1.4.15)"
23.21.195.100 - - [11/May/2015:07:58:08 -0700] "GET / HTTP/1.1" 200 4501 "-" "check_http/v1.4.15 (nagios-plugins 1.4.15)"
208.121.64.10 - - [11/May/2015:07:58:31 -0700] "GET /images/snapfreshlogo.png HTTP/1.1" 200 5038 "-" "Mozilla/4.0 (compatible; MSIE 4.01; Windows NT)"
217.69.133.226 - - [11/May/2015:07:58:36 -0700] "GET /robots.txt HTTP/1.0" 200 474 "-" "Mozilla/5.0 (compatible; Linux x86_64; Mail.RU_Bot/2.0; +http://go.mail.ru/help/robots)"
217.69.133.226 - - [11/May/2015:07:58:38 -0700] "GET /pipermail/discuss/2011-June/000016.html HTTP/1.1" 200 1376 "-" "Mozilla/5.0 (compatible; Linux x86_64; Mail.RU_Bot/2.0; +http://go.mail.ru/help/robots)"
217.69.133.68 - - [11/May/2015:07:58:39 -0700] "GET /pipermail/discuss/2011-July/000067.html HTTP/1.1" 200 2672 "-" "Mozilla/5.0 (compatible; Linux x86_64; Mail.RU_Bot/2.0; +http://go.mail.ru/help/robots)"
217.69.133.224 - - [11/May/2015:07:58:41 -0700] "GET /pipermail/discuss/2011-August/000074.html HTTP/1.1" 200 1385 "-" "Mozilla/5.0 (compatible; Linux x86_64; Mail.RU_Bot/2.0; +http://go.mail.ru/help/robots)"
217.69.133.220 - - [11/May/2015:07:58:42 -0700] "GET /pipermail/discuss/2013-May/000282.html HTTP/1.1" 200 1981 "-" "Mozilla/5.0 (compatible; Linux x86_64; Mail.RU_Bot/2.0; +http://go.mail.ru/help/robots)"
23.21.195.100 - - [11/May/2015:08:03:08 -0700] "GET / HTTP/1.1" 200 4501 "-" "check_http/v1.4.15 (nagios-plugins 1.4.15)"
23.21.195.100 - - [11/May/2015:08:08:08 -0700] "GET / HTTP/1.1" 200 4501 "-" "check_http/v1.4.15 (nagios-plugins 1.4.15)"
208.121.64.10 - - [11/May/2015:08:08:31 -0700] "GET /images/snapfreshlogo.png HTTP/1.1" 200 5038 "-" "Mozilla/4.0 (compatible; MSIE 4.01; Windows NT)"
23.21.195.100 - - [11/May/2015:08:13:08 -0700] "GET / HTTP/1.1" 200 4501 "-" "check_http/v1.4.15 (nagios-plugins 1.4.15)"
23.21.195.100 - - [11/May/2015:08:18:08 -0700] "GET / HTTP/1.1" 200 4501 "-" "check_http/v1.4.15 (nagios-plugins 1.4.15)"
208.121.64.10 - - [11/May/2015:08:18:32 -0700] "GET /images/snapfreshlogo.png HTTP/1.1" 200 5038 "-" "Mozilla/4.0 (compatible; MSIE 4.01; Windows NT)"
23.21.195.100 - - [11/May/2015:08:23:08 -0700] "GET / HTTP/1.1" 200 4501 "-" "check_http/v1.4.15 (nagios-plugins 1.4.15)"
23.21.195.100 - - [11/May/2015:08:28:08 -0700] "GET / HTTP/1.1" 200 4501 "-" "check_http/v1.4.15 (nagios-plugins 1.4.15)"
208.121.64.10 - - [11/May/2015:08:28:31 -0700] "GET /images/snapfreshlogo.png HTTP/1.1" 200 5038 "-" "Mozilla/4.0 (compatible; MSIE 4.01; Windows NT)"
180.76.4.56 - - [11/May/2015:08:29:02 -0700] "GET / HTTP/1.1" 200 4494 "-" "Mozilla/4.0 (compatible; MSIE 7.0; Windows NT 6.0)"
180.76.5.75 - - [11/May/2015:08:32:40 -0700] "GET / HTTP/1.1" 200 2279 "-" "Mozilla/5.0 (compatible; Baiduspider/2.0; +http://www.baidu.com/search/spider.html)"
23.21.195.100 - - [11/May/2015:08:33:08 -0700] "GET / HTTP/1.1" 200 4501 "-" "check_http/v1.4.15 (nagios-plugins 1.4.15)"
23.21.195.100 - - [11/May/2015:08:38:08 -0700] "GET / HTTP/1.1" 200 4501 "-" "check_http/v1.4.15 (nagios-plugins 1.4.15)"
208.121.64.10 - - [11/May/2015:08:38:31 -0700] "GET /images/snapfreshlogo.png HTTP/1.1" 200 5038 "-" "Mozilla/4.0 (compatible; MSIE 4.01; Windows NT)"
23.21.195.100 - - [11/May/2015:08:43:08 -0700] "GET / HTTP/1.1" 200 4501 "-" "check_http/v1.4.15 (nagios-plugins 1.4.15)"
66.249.65.241 - - [11/May/2015:08:45:02 -0700] "GET / HTTP/1.1" 200 2316 "-" "Mozilla/5.0 (compatible; Googlebot/2.1; +http://www.google.com/bot.html)"
23.21.195.100 - - [11/May/2015:08:48:08 -0700] "GET / HTTP/1.1" 200 4501 "-" "check_http/v1.4.15 (nagios-plugins 1.4.15)"
208.121.64.10 - - [11/May/2015:08:48:31 -0700] "GET /images/snapfreshlogo.png HTTP/1.1" 200 5038 "-" "Mozilla/4.0 (compatible; MSIE 4.01; Windows NT)"
23.21.195.100 - - [11/May/2015:08:53:08 -0700] "GET / HTTP/1.1" 200 4501 "-" "check_http/v1.4.15 (nagios-plugins 1.4.15)"
188.230.49.195 - - [11/May/2015:08:53:49 -0700] "GET /robots.txt HTTP/1.0" 200 474 "-" "Mozilla/5.0 (compatible; MJ12bot/v1.4.5; http://www.majestic12.co.uk/bot.php?+)"
188.230.49.195 - - [11/May/2015:08:53:55 -0700] "GET /pipermail/discuss/2012-June/date.html HTTP/1.0" 200 1976 "-" "Mozilla/5.0 (compatible; MJ12bot/v1.4.5; http://www.majestic12.co.uk/bot.php?+)"
188.230.49.195 - - [11/May/2015:08:54:03 -0700] "GET /pipermail/discuss/2012-June/subject.html HTTP/1.0" 200 1021 "-" "Mozilla/5.0 (compatible; MJ12bot/v1.4.5; http://www.majestic12.co.uk/bot.php?+)"
188.230.49.195 - - [11/May/2015:08:54:13 -0700] "GET /pipermail/discuss/2012-June/thread.html HTTP/1.0" 200 1041 "-" "Mozilla/5.0 (compatible; MJ12bot/v1.4.5; http://www.majestic12.co.uk/bot.php?+)"
188.230.49.195 - - [11/May/2015:08:54:48 -0700] "GET /pipermail/discuss/2012-March/author.html HTTP/1.0" 200 2484 "-" "Mozilla/5.0 (compatible; MJ12bot/v1.4.5; http://www.majestic12.co.uk/bot.php?+)"
188.230.49.195 - - [11/May/2015:08:55:30 -0700] "GET /pipermail/discuss/2012-March/date.html HTTP/1.0" 200 1168 "-" "Mozilla/5.0 (compatible; MJ12bot/v1.4.5; http://www.majestic12.co.uk/bot.php?+)"
188.230.49.195 - - [11/May/2015:08:55:34 -0700] "GET /pipermail/discuss/2012-March/subject.html HTTP/1.0" 200 1172 "-" "Mozilla/5.0 (compatible; MJ12bot/v1.4.5; http://www.majestic12.co.uk/bot.php?+)"
188.230.49.195 - - [11/May/2015:08:55:45 -0700] "GET /pipermail/discuss/2012-March/thread.html HTTP/1.0" 200 1254 "-" "Mozilla/5.0 (compatible; MJ12bot/v1.4.5; http://www.majestic12.co.uk/bot.php?+)"
188.230.49.195 - - [11/May/2015:08:55:47 -0700] "GET /pipermail/discuss/2012-May/author.html HTTP/1.0" 200 1271 "-" "Mozilla/5.0 (compatible; MJ12bot/v1.4.5; http://www.majestic12.co.uk/bot.php?+)"
188.230.49.195 - - [11/May/2015:08:56:14 -0700] "GET /pipermail/discuss/2012-May/date.html HTTP/1.0" 200 3185 "-" "Mozilla/5.0 (compatible; MJ12bot/v1.4.5; http://www.majestic12.co.uk/bot.php?+)"
188.230.49.195 - - [11/May/2015:08:56:58 -0700] "GET /robots.txt HTTP/1.0" 200 474 "-" "Mozilla/5.0 (compatible; MJ12bot/v1.4.5; http://www.majestic12.co.uk/bot.php?+)"
188.230.49.195 - - [11/May/2015:08:57:03 -0700] "GET /pipermail/discuss/2012-May/subject.html HTTP/1.0" 200 3142 "-" "Mozilla/5.0 (compatible; MJ12bot/v1.4.5; http://www.majestic12.co.uk/bot.php?+)"
188.230.49.195 - - [11/May/2015:08:57:05 -0700] "GET /pipermail/discuss/2012-May/thread.html HTTP/1.0" 200 1419 "-" "Mozilla/5.0 (compatible; MJ12bot/v1.4.5; http://www.majestic12.co.uk/bot.php?+)"
188.230.49.195 - - [11/May/2015:08:57:07 -0700] "GET /pipermail/discuss/2012-November/author.html HTTP/1.0" 200 1178 "-" "Mozilla/5.0 (compatible; MJ12bot/v1.4.5; http://www.majestic12.co.uk/bot.php?+)"
188.230.49.195 - - [11/May/2015:08:57:08 -0700] "GET /pipermail/discuss/2012-November/date.html HTTP/1.0" 200 1176 "-" "Mozilla/5.0 (compatible; MJ12bot/v1.4.5; http://www.majestic12.co.uk/bot.php?+)"
188.230.49.195 - - [11/May/2015:08:57:10 -0700] "GET /pipermail/discuss/2012-November/subject.html HTTP/1.0" 200 1180 "-" "Mozilla/5.0 (compatible; MJ12bot/v1.4.5; http://www.majestic12.co.uk/bot.php?+)"
188.230.49.195 - - [11/May/2015:08:57:15 -0700] "GET /pipermail/discuss/2012-November/thread.html HTTP/1.0" 200 1387 "-" "Mozilla/5.0 (compatible; MJ12bot/v1.4.5; http://www.majestic12.co.uk/bot.php?+)"
188.230.49.195 - - [11/May/2015:08:57:21 -0700] "GET /pipermail/discuss/2012-October/author.html HTTP/1.0" 200 1252 "-" "Mozilla/5.0 (compatible; MJ12bot/v1.4.5; http://www.majestic12.co.uk/bot.php?+)"
188.230.49.195 - - [11/May/2015:08:57:23 -0700] "GET /pipermail/discuss/2012-October/date.html HTTP/1.0" 200 1257 "-" "Mozilla/5.0 (compatible; MJ12bot/v1.4.5; http://www.majestic12.co.uk/bot.php?+)"
188.230.49.195 - - [11/May/2015:08:57:24 -0700] "GET /pipermail/discuss/2012-October/subject.html HTTP/1.0" 200 1258 "-" "Mozilla/5.0 (compatible; MJ12bot/v1.4.5; http://www.majestic12.co.uk/bot.php?+)"
188.230.49.195 - - [11/May/2015:08:57:30 -0700] "GET /pipermail/discuss/2012-October/thread.html HTTP/1.0" 200 1430 "-" "Mozilla/5.0 (compatible; MJ12bot/v1.4.5; http://www.majestic12.co.uk/bot.php?+)"
24.47.196.232 - - [11/May/2015:08:57:31 -0700] "GET / HTTP/1.1" 200 2312 "http://www.google.com/url?sa=t&rct=j&q=snap%20fresh&source=web&cd=1&ved=0CB4QFjAA&url=http%3A%2F%2Fsnapfresh.org%2F&ei=ZtFQVZWCN4O1sATssYCICg&usg=AFQjCNFKVKD9hMEOoQtjHIpBTKyIDh87Dg&bvm=bv.92885102,d.cWc" "Mozilla/5.0 (compatible; MSIE 9.0; Windows NT 6.1; WOW64; Trident/5.0)"
24.47.196.232 - - [11/May/2015:08:57:31 -0700] "GET /javascripts/lazy-render.js HTTP/1.1" 404 1007 "http://snapfresh.org/" "Mozilla/5.0 (compatible; MSIE 9.0; Windows NT 6.1; WOW64; Trident/5.0)"
24.47.196.232 - - [11/May/2015:08:57:31 -0700] "GET /stylesheets/jquery.mobile-1.0b1.min.css HTTP/1.1" 200 7587 "http://snapfresh.org/" "Mozilla/5.0 (compatible; MSIE 9.0; Windows NT 6.1; WOW64; Trident/5.0)"
24.47.196.232 - - [11/May/2015:08:57:31 -0700] "GET /javascripts/yqlgeo.js HTTP/1.1" 200 1599 "http://snapfresh.org/" "Mozilla/5.0 (compatible; MSIE 9.0; Windows NT 6.1; WOW64; Trident/5.0)"
24.47.196.232 - - [11/May/2015:08:57:31 -0700] "GET /javascripts/render-functions.js?v=0000 HTTP/1.1" 404 1008 "http://snapfresh.org/" "Mozilla/5.0 (compatible; MSIE 9.0; Windows NT 6.1; WOW64; Trident/5.0)"
24.47.196.232 - - [11/May/2015:08:57:31 -0700] "GET /stylesheets/custom.css HTTP/1.1" 200 1015 "http://snapfresh.org/" "Mozilla/5.0 (compatible; MSIE 9.0; Windows NT 6.1; WOW64; Trident/5.0)"
24.47.196.232 - - [11/May/2015:08:57:31 -0700] "GET /images/snapfreshlogo.png HTTP/1.1" 200 5094 "http://snapfresh.org/" "Mozilla/5.0 (compatible; MSIE 9.0; Windows NT 6.1; WOW64; Trident/5.0)"
24.47.196.232 - - [11/May/2015:08:57:31 -0700] "GET /js/jquery-1.4.4.min.js HTTP/1.1" 200 27425 "http://snapfresh.org/" "Mozilla/5.0 (compatible; MSIE 9.0; Windows NT 6.1; WOW64; Trident/5.0)"
24.47.196.232 - - [11/May/2015:08:57:32 -0700] "GET /stylesheets/images/icons-18-white.png HTTP/1.1" 200 2491 "http://snapfresh.org/" "Mozilla/5.0 (compatible; MSIE 9.0; Windows NT 6.1; WOW64; Trident/5.0)"
24.47.196.232 - - [11/May/2015:08:57:32 -0700] "GET /stylesheets/images/ajax-loader.png HTTP/1.1" 404 1007 "http://snapfresh.org/" "Mozilla/5.0 (compatible; MSIE 9.0; Windows NT 6.1; WOW64; Trident/5.0)"
24.47.196.232 - - [11/May/2015:08:57:32 -0700] "GET /favicon.ico HTTP/1.1" 200 295 "-" "Mozilla/5.0 (compatible; MSIE 9.0; Windows NT 6.1; WOW64; Trident/5.0)"
188.230.49.195 - - [11/May/2015:08:57:32 -0700] "GET /pipermail/discuss/2013-August/author.html HTTP/1.0" 200 1166 "-" "Mozilla/5.0 (compatible; MJ12bot/v1.4.5; http://www.majestic12.co.uk/bot.php?+)"
188.230.49.195 - - [11/May/2015:08:57:34 -0700] "GET /pipermail/discuss/2013-August/date.html HTTP/1.0" 200 1167 "-" "Mozilla/5.0 (compatible; MJ12bot/v1.4.5; http://www.majestic12.co.uk/bot.php?+)"
23.21.195.100 - - [11/May/2015:08:58:08 -0700] "GET / HTTP/1.1" 200 4501 "-" "check_http/v1.4.15 (nagios-plugins 1.4.15)"
188.230.49.195 - - [11/May/2015:08:58:10 -0700] "GET /pipermail/discuss/2013-August/subject.html HTTP/1.0" 200 3035 "-" "Mozilla/5.0 (compatible; MJ12bot/v1.4.5; http://www.majestic12.co.uk/bot.php?+)"
208.121.64.10 - - [11/May/2015:08:58:31 -0700] "GET /images/snapfreshlogo.png HTTP/1.1" 200 5038 "-" "Mozilla/4.0 (compatible; MSIE 4.01; Windows NT)"
188.230.49.195 - - [11/May/2015:08:58:59 -0700] "GET /pipermail/discuss/2013-August/thread.html HTTP/1.0" 200 1320 "-" "Mozilla/5.0 (compatible; MJ12bot/v1.4.5; http://www.majestic12.co.uk/bot.php?+)"
188.230.49.195 - - [11/May/2015:08:59:11 -0700] "GET /robots.txt HTTP/1.0" 200 474 "-" "Mozilla/5.0 (compatible; MJ12bot/v1.4.5; http://www.majestic12.co.uk/bot.php?+)"
188.230.49.195 - - [11/May/2015:08:59:14 -0700] "GET /pipermail/discuss/2013-January/author.html HTTP/1.0" 200 2158 "-" "Mozilla/5.0 (compatible; MJ12bot/v1.4.5; http://www.majestic12.co.uk/bot.php?+)"
188.230.49.195 - - [11/May/2015:08:59:41 -0700] "GET /pipermail/discuss/2013-January/date.html HTTP/1.0" 200 2199 "-" "Mozilla/5.0 (compatible; MJ12bot/v1.4.5; http://www.majestic12.co.uk/bot.php?+)"
188.230.49.195 - - [11/May/2015:09:00:22 -0700] "GET /pipermail/discuss/2013-January/subject.html HTTP/1.0" 200 1051 "-" "Mozilla/5.0 (compatible; MJ12bot/v1.4.5; http://www.majestic12.co.uk/bot.php?+)"
188.230.49.195 - - [11/May/2015:09:00:27 -0700] "GET /pipermail/discuss/2013-January/thread.html HTTP/1.0" 200 1104 "-" "Mozilla/5.0 (compatible; MJ12bot/v1.4.5; http://www.majestic12.co.uk/bot.php?+)"
188.230.49.195 - - [11/May/2015:09:00:29 -0700] "GET /pipermail/discuss/2013-July/author.html HTTP/1.0" 200 1112 "-" "Mozilla/5.0 (compatible; MJ12bot/v1.4.5; http://www.majestic12.co.uk/bot.php?+)"
188.230.49.195 - - [11/May/2015:09:00:34 -0700] "GET /pipermail/discuss/2013-July/date.html HTTP/1.0" 200 1111 "-" "Mozilla/5.0 (compatible; MJ12bot/v1.4.5; http://www.majestic12.co.uk/bot.php?+)"
188.230.49.195 - - [11/May/2015:09:00:45 -0700] "GET /pipermail/discuss/2013-July/subject.html HTTP/1.0" 200 1114 "-" "Mozilla/5.0 (compatible; MJ12bot/v1.4.5; http://www.majestic12.co.uk/bot.php?+)"
188.230.49.195 - - [11/May/2015:09:00:47 -0700] "GET /pipermail/discuss/2013-July/thread.html HTTP/1.0" 200 1200 "-" "Mozilla/5.0 (compatible; MJ12bot/v1.4.5; http://www.majestic12.co.uk/bot.php?+)"
188.230.49.195 - - [11/May/2015:09:00:49 -0700] "GET /pipermail/discuss/2013-May/author.html HTTP/1.0" 200 1081 "-" "Mozilla/5.0 (compatible; MJ12bot/v1.4.5; http://www.majestic12.co.uk/bot.php?+)"
188.230.49.195 - - [11/May/2015:09:00:54 -0700] "GET /pipermail/discuss/2013-May/date.html HTTP/1.0" 200 1080 "-" "Mozilla/5.0 (compatible; MJ12bot/v1.4.5; http://www.majestic12.co.uk/bot.php?+)"
188.230.49.195 - - [11/May/2015:09:00:56 -0700] "GET /pipermail/discuss/2013-May/subject.html HTTP/1.0" 200 1083 "-" "Mozilla/5.0 (compatible; MJ12bot/v1.4.5; http://www.majestic12.co.uk/bot.php?+)"
188.230.49.195 - - [11/May/2015:09:01:04 -0700] "GET /pipermail/discuss/2013-May/thread.html HTTP/1.0" 200 1151 "-" "Mozilla/5.0 (compatible; MJ12bot/v1.4.5; http://www.majestic12.co.uk/bot.php?+)"
188.230.49.195 - - [11/May/2015:09:01:25 -0700] "GET /pipermail/discuss/2013-November/author.html HTTP/1.0" 200 1049 "-" "Mozilla/5.0 (compatible; MJ12bot/v1.4.5; http://www.majestic12.co.uk/bot.php?+)"
188.230.49.195 - - [11/May/2015:09:01:56 -0700] "GET /pipermail/discuss/2013-November/date.html HTTP/1.0" 200 1048 "-" "Mozilla/5.0 (compatible; MJ12bot/v1.4.5; http://www.majestic12.co.uk/bot.php?+)"
188.230.49.195 - - [11/May/2015:09:02:31 -0700] "GET /pipermail/discuss/2013-November/subject.html HTTP/1.0" 200 2196 "-" "Mozilla/5.0 (compatible; MJ12bot/v1.4.5; http://www.majestic12.co.uk/bot.php?+)"
23.21.195.100 - - [11/May/2015:09:03:08 -0700] "GET / HTTP/1.1" 200 4501 "-" "check_http/v1.4.15 (nagios-plugins 1.4.15)"
188.230.49.195 - - [11/May/2015:09:03:24 -0700] "GET /pipermail/discuss/2013-November/thread.html HTTP/1.0" 200 1106 "-" "Mozilla/5.0 (compatible; MJ12bot/v1.4.5; http://www.majestic12.co.uk/bot.php?+)"
188.230.49.195 - - [11/May/2015:09:03:32 -0700] "GET /pipermail/discuss/2013-October/author.html HTTP/1.0" 200 1092 "-" "Mozilla/5.0 (compatible; MJ12bot/v1.4.5; http://www.majestic12.co.uk/bot.php?+)"
188.230.49.195 - - [11/May/2015:09:03:40 -0700] "GET /pipermail/discuss/2013-October/date.html HTTP/1.0" 200 1088 "-" "Mozilla/5.0 (compatible; MJ12bot/v1.4.5; http://www.majestic12.co.uk/bot.php?+)"
188.230.49.195 - - [11/May/2015:09:03:51 -0700] "GET /pipermail/discuss/2013-October/subject.html HTTP/1.0" 200 1091 "-" "Mozilla/5.0 (compatible; MJ12bot/v1.4.5; http://www.majestic12.co.uk/bot.php?+)"
188.230.49.195 - - [11/May/2015:09:03:56 -0700] "GET /pipermail/discuss/2013-October/thread.html HTTP/1.0" 200 1204 "-" "Mozilla/5.0 (compatible; MJ12bot/v1.4.5; http://www.majestic12.co.uk/bot.php?+)"
188.230.49.195 - - [11/May/2015:09:04:25 -0700] "GET /pipermail/discuss/2013-September/author.html HTTP/1.0" 200 2914 "-" "Mozilla/5.0 (compatible; MJ12bot/v1.4.5; http://www.majestic12.co.uk/bot.php?+)"
188.230.49.195 - - [11/May/2015:09:05:12 -0700] "GET /pipermail/discuss/2013-September/date.html HTTP/1.0" 200 1154 "-" "Mozilla/5.0 (compatible; MJ12bot/v1.4.5; http://www.majestic12.co.uk/bot.php?+)"
188.230.49.195 - - [11/May/2015:09:05:14 -0700] "GET /pipermail/discuss/2013-September/subject.html HTTP/1.0" 200 1161 "-" "Mozilla/5.0 (compatible; MJ12bot/v1.4.5; http://www.majestic12.co.uk/bot.php?+)"
188.230.49.195 - - [11/May/2015:09:05:19 -0700] "GET /pipermail/discuss/2013-September/thread.html HTTP/1.0" 200 1276 "-" "Mozilla/5.0 (compatible; MJ12bot/v1.4.5; http://www.majestic12.co.uk/bot.php?+)"
188.230.49.195 - - [11/May/2015:09:05:22 -0700] "GET /pipermail/discuss/2014-April/author.html HTTP/1.0" 200 1319 "-" "Mozilla/5.0 (compatible; MJ12bot/v1.4.5; http://www.majestic12.co.uk/bot.php?+)"
188.230.49.195 - - [11/May/2015:09:05:27 -0700] "GET /pipermail/discuss/2014-April/date.html HTTP/1.0" 200 1323 "-" "Mozilla/5.0 (compatible; MJ12bot/v1.4.5; http://www.majestic12.co.uk/bot.php?+)"
188.230.49.195 - - [11/May/2015:09:05:29 -0700] "GET /pipermail/discuss/2014-April/subject.html HTTP/1.0" 200 1324 "-" "Mozilla/5.0 (compatible; MJ12bot/v1.4.5; http://www.majestic12.co.uk/bot.php?+)"
188.230.49.195 - - [11/May/2015:09:05:30 -0700] "GET /pipermail/discuss/2014-April/thread.html HTTP/1.0" 200 1566 "-" "Mozilla/5.0 (compatible; MJ12bot/v1.4.5; http://www.majestic12.co.uk/bot.php?+)"
188.230.49.195 - - [11/May/2015:09:05:34 -0700] "GET /pipermail/discuss/2014-May/author.html HTTP/1.0" 200 1059 "-" "Mozilla/5.0 (compatible; MJ12bot/v1.4.5; http://www.majestic12.co.uk/bot.php?+)"
188.230.49.195 - - [11/May/2015:09:05:39 -0700] "GET /pipermail/discuss/2014-May/date.html HTTP/1.0" 200 1058 "-" "Mozilla/5.0 (compatible; MJ12bot/v1.4.5; http://www.majestic12.co.uk/bot.php?+)"
188.230.49.195 - - [11/May/2015:09:05:41 -0700] "GET /pipermail/discuss/2014-May/subject.html HTTP/1.0" 200 1060 "-" "Mozilla/5.0 (compatible; MJ12bot/v1.4.5; http://www.majestic12.co.uk/bot.php?+)"
188.230.49.195 - - [11/May/2015:09:05:43 -0700] "GET /pipermail/discuss/2014-May/thread.html HTTP/1.0" 200 1112 "-" "Mozilla/5.0 (compatible; MJ12bot/v1.4.5; http://www.majestic12.co.uk/bot.php?+)"
188.230.49.195 - - [11/May/2015:09:05:47 -0700] "GET /pipermail/discuss/2014-October.txt HTTP/1.0" 200 1614 "-" "Mozilla/5.0 (compatible; MJ12bot/v1.4.5; http://www.majestic12.co.uk/bot.php?+)"
188.230.49.195 - - [11/May/2015:09:05:54 -0700] "GET /pipermail/discuss/2014-October/author.html HTTP/1.0" 200 997 "-" "Mozilla/5.0 (compatible; MJ12bot/v1.4.5; http://www.majestic12.co.uk/bot.php?+)"
188.230.49.195 - - [11/May/2015:09:06:05 -0700] "GET /pipermail/discuss/2014-October/date.html HTTP/1.0" 200 996 "-" "Mozilla/5.0 (compatible; MJ12bot/v1.4.5; http://www.majestic12.co.uk/bot.php?+)"
188.230.49.195 - - [11/May/2015:09:06:08 -0700] "GET /pipermail/discuss/2014-October/subject.html HTTP/1.0" 200 998 "-" "Mozilla/5.0 (compatible; MJ12bot/v1.4.5; http://www.majestic12.co.uk/bot.php?+)"
188.230.49.195 - - [11/May/2015:09:06:37 -0700] "GET /pipermail/discuss/2014-October/thread.html HTTP/1.0" 200 1999 "-" "Mozilla/5.0 (compatible; MJ12bot/v1.4.5; http://www.majestic12.co.uk/bot.php?+)"
188.230.49.195 - - [11/May/2015:09:07:22 -0700] "GET /pipermail/discuss/2014-September/author.html HTTP/1.0" 200 998 "-" "Mozilla/5.0 (compatible; MJ12bot/v1.4.5; http://www.majestic12.co.uk/bot.php?+)"
188.230.49.195 - - [11/May/2015:09:07:23 -0700] "GET /pipermail/discuss/2014-September/date.html HTTP/1.0" 200 997 "-" "Mozilla/5.0 (compatible; MJ12bot/v1.4.5; http://www.majestic12.co.uk/bot.php?+)"
188.230.49.195 - - [11/May/2015:09:07:25 -0700] "GET /pipermail/discuss/2014-September/subject.html HTTP/1.0" 200 1000 "-" "Mozilla/5.0 (compatible; MJ12bot/v1.4.5; http://www.majestic12.co.uk/bot.php?+)"
188.230.49.195 - - [11/May/2015:09:07:28 -0700] "GET /pipermail/discuss/2014-September/thread.html HTTP/1.0" 200 1019 "-" "Mozilla/5.0 (compatible; MJ12bot/v1.4.5; http://www.majestic12.co.uk/bot.php?+)"
188.230.49.195 - - [11/May/2015:09:07:39 -0700] "GET /retailers/terms?locale=es HTTP/1.0" 200 2372 "-" "Mozilla/5.0 (compatible; MJ12bot/v1.4.5; http://www.majestic12.co.uk/bot.php?+)"
188.230.49.195 - - [11/May/2015:09:08:00 -0700] "GET /retailers/terms?locale=zh HTTP/1.0" 200 2370 "-" "Mozilla/5.0 (compatible; MJ12bot/v1.4.5; http://www.majestic12.co.uk/bot.php?+)"
23.21.195.100 - - [11/May/2015:09:08:08 -0700] "GET / HTTP/1.1" 200 4501 "-" "check_http/v1.4.15 (nagios-plugins 1.4.15)"
208.121.64.10 - - [11/May/2015:09:08:31 -0700] "GET /images/snapfreshlogo.png HTTP/1.1" 200 5038 "-" "Mozilla/4.0 (compatible; MSIE 4.01; Windows NT)"
23.21.195.100 - - [11/May/2015:09:13:08 -0700] "GET / HTTP/1.1" 200 4501 "-" "check_http/v1.4.15 (nagios-plugins 1.4.15)"
23.21.195.100 - - [11/May/2015:09:18:08 -0700] "GET / HTTP/1.1" 200 4501 "-" "check_http/v1.4.15 (nagios-plugins 1.4.15)"
208.121.64.10 - - [11/May/2015:09:18:32 -0700] "GET /images/snapfreshlogo.png HTTP/1.1" 200 5038 "-" "Mozilla/4.0 (compatible; MSIE 4.01; Windows NT)"
23.21.195.100 - - [11/May/2015:09:23:08 -0700] "GET / HTTP/1.1" 200 4501 "-" "check_http/v1.4.15 (nagios-plugins 1.4.15)"
207.46.13.31 - - [11/May/2015:09:25:12 -0700] "GET /robots.txt HTTP/1.1" 200 511 "-" "Mozilla/5.0 (compatible; bingbot/2.0; +http://www.bing.com/bingbot.htm)"
207.46.13.31 - - [11/May/2015:09:26:22 -0700] "GET / HTTP/1.1" 200 2316 "-" "Mozilla/5.0 (compatible; bingbot/2.0; +http://www.bing.com/bingbot.htm)"
23.21.195.100 - - [11/May/2015:09:28:08 -0700] "GET / HTTP/1.1" 200 4501 "-" "check_http/v1.4.15 (nagios-plugins 1.4.15)"
208.121.64.10 - - [11/May/2015:09:28:31 -0700] "GET /images/snapfreshlogo.png HTTP/1.1" 200 5038 "-" "Mozilla/4.0 (compatible; MSIE 4.01; Windows NT)"
68.180.229.30 - - [11/May/2015:09:30:26 -0700] "GET /pipermail/discuss/2011-June/000009.html HTTP/1.1" 200 1311 "-" "Mozilla/5.0 (compatible; Yahoo! Slurp; http://help.yahoo.com/help/us/ysearch/slurp)"
217.69.133.224 - - [11/May/2015:09:31:45 -0700] "GET /robots.txt HTTP/1.0" 200 474 "-" "Mozilla/5.0 (compatible; Linux x86_64; Mail.RU_Bot/2.0; +http://go.mail.ru/help/robots)"
217.69.133.68 - - [11/May/2015:09:31:46 -0700] "GET /pipermail/discuss/2013-October/000311.html HTTP/1.1" 200 1471 "-" "Mozilla/5.0 (compatible; Linux x86_64; Mail.RU_Bot/2.0; +http://go.mail.ru/help/robots)"
217.69.133.226 - - [11/May/2015:09:31:48 -0700] "GET /pipermail/discuss/2011-August/000075.html HTTP/1.1" 200 2441 "-" "Mozilla/5.0 (compatible; Linux x86_64; Mail.RU_Bot/2.0; +http://go.mail.ru/help/robots)"
217.69.133.68 - - [11/May/2015:09:31:49 -0700] "GET /pipermail/discuss/2011-October/000111.html HTTP/1.1" 200 4427 "-" "Mozilla/5.0 (compatible; Linux x86_64; Mail.RU_Bot/2.0; +http://go.mail.ru/help/robots)"
217.69.133.226 - - [11/May/2015:09:31:52 -0700] "GET /pipermail/discuss/2011-July/000060.html HTTP/1.1" 200 2480 "-" "Mozilla/5.0 (compatible; Linux x86_64; Mail.RU_Bot/2.0; +http://go.mail.ru/help/robots)"
217.69.133.224 - - [11/May/2015:09:31:55 -0700] "GET /pipermail/discuss/2011-June/000033.html HTTP/1.1" 200 2812 "-" "Mozilla/5.0 (compatible; Linux x86_64; Mail.RU_Bot/2.0; +http://go.mail.ru/help/robots)"
217.69.133.68 - - [11/May/2015:09:31:56 -0700] "GET /pipermail/discuss/2011-July/000050.html HTTP/1.1" 200 1362 "-" "Mozilla/5.0 (compatible; Linux x86_64; Mail.RU_Bot/2.0; +http://go.mail.ru/help/robots)"
217.69.133.221 - - [11/May/2015:09:32:01 -0700] "GET /pipermail/discuss/2013-October/000310.html HTTP/1.1" 200 2192 "-" "Mozilla/5.0 (compatible; Linux x86_64; Mail.RU_Bot/2.0; +http://go.mail.ru/help/robots)"
217.69.133.224 - - [11/May/2015:09:32:02 -0700] "GET /pipermail/discuss/2011-October/000105.html HTTP/1.1" 200 3066 "-" "Mozilla/5.0 (compatible; Linux x86_64; Mail.RU_Bot/2.0; +http://go.mail.ru/help/robots)"
23.21.195.100 - - [11/May/2015:09:33:08 -0700] "GET / HTTP/1.1" 200 4501 "-" "check_http/v1.4.15 (nagios-plugins 1.4.15)"
68.180.229.30 - - [11/May/2015:09:33:35 -0700] "GET / HTTP/1.1" 200 2257 "-" "Mozilla/5.0 (compatible; Yahoo! Slurp; http://help.yahoo.com/help/us/ysearch/slurp)"
208.121.64.10 - - [11/May/2015:09:36:22 -0700] "GET /images/snapfreshlogo.png HTTP/1.1" 200 5038 "-" "Mozilla/4.0 (compatible; MSIE 4.01; Windows NT)"
23.21.195.100 - - [11/May/2015:09:38:08 -0700] "GET / HTTP/1.1" 200 4501 "-" "check_http/v1.4.15 (nagios-plugins 1.4.15)"
208.121.64.10 - - [11/May/2015:09:38:31 -0700] "GET /images/snapfreshlogo.png HTTP/1.1" 200 5038 "-" "Mozilla/4.0 (compatible; MSIE 4.01; Windows NT)"
23.21.195.100 - - [11/May/2015:09:43:08 -0700] "GET / HTTP/1.1" 200 4501 "-" "check_http/v1.4.15 (nagios-plugins 1.4.15)"
104.255.67.238 - - [11/May/2015:09:46:07 -0700] "GET /robots.txt HTTP/1.0" 200 474 "-" "Mozilla/5.0 (compatible; MJ12bot/v1.4.5; http://www.majestic12.co.uk/bot.php?+)"
104.255.67.238 - - [11/May/2015:09:46:11 -0700] "GET /aboutus?locale=es HTTP/1.0" 200 5046 "-" "Mozilla/5.0 (compatible; MJ12bot/v1.4.5; http://www.majestic12.co.uk/bot.php?+)"
104.255.67.238 - - [11/May/2015:09:46:14 -0700] "GET /aboutus?locale=zh HTTP/1.0" 200 2597 "-" "Mozilla/5.0 (compatible; MJ12bot/v1.4.5; http://www.majestic12.co.uk/bot.php?+)"
104.255.67.238 - - [11/May/2015:09:46:18 -0700] "GET /retailers/terms?locale=en HTTP/1.0" 200 2377 "-" "Mozilla/5.0 (compatible; MJ12bot/v1.4.5; http://www.majestic12.co.uk/bot.php?+)"
66.249.65.241 - - [11/May/2015:09:46:42 -0700] "GET / HTTP/1.1" 200 2312 "-" "Mozilla/5.0 (compatible; Googlebot/2.1; +http://www.google.com/bot.html)"
23.21.195.100 - - [11/May/2015:09:48:08 -0700] "GET / HTTP/1.1" 200 4501 "-" "check_http/v1.4.15 (nagios-plugins 1.4.15)"
208.121.64.10 - - [11/May/2015:09:48:31 -0700] "GET /images/snapfreshlogo.png HTTP/1.1" 200 5038 "-" "Mozilla/4.0 (compatible; MSIE 4.01; Windows NT)"
61.240.144.67 - - [11/May/2015:09:49:55 -0700] "GET / HTTP/1.0" 200 4461 "-" "masscan/1.0 (https://github.com/robertdavidgraham/masscan)"
23.21.195.100 - - [11/May/2015:09:53:08 -0700] "GET / HTTP/1.1" 200 4501 "-" "check_http/v1.4.15 (nagios-plugins 1.4.15)"
180.76.4.154 - - [11/May/2015:09:57:16 -0700] "GET / HTTP/1.1" 200 4494 "-" "Mozilla/4.0 (compatible; MSIE 7.0; Windows NT 6.0)"
23.21.195.100 - - [11/May/2015:09:58:08 -0700] "GET / HTTP/1.1" 200 4501 "-" "check_http/v1.4.15 (nagios-plugins 1.4.15)"
208.121.64.10 - - [11/May/2015:09:58:31 -0700] "GET /images/snapfreshlogo.png HTTP/1.1" 200 5038 "-" "Mozilla/4.0 (compatible; MSIE 4.01; Windows NT)"
23.21.195.100 - - [11/May/2015:10:03:08 -0700] "GET / HTTP/1.1" 200 4501 "-" "check_http/v1.4.15 (nagios-plugins 1.4.15)"
23.21.195.100 - - [11/May/2015:10:08:08 -0700] "GET / HTTP/1.1" 200 4501 "-" "check_http/v1.4.15 (nagios-plugins 1.4.15)"
208.121.64.10 - - [11/May/2015:10:08:31 -0700] "GET /images/snapfreshlogo.png HTTP/1.1" 200 5038 "-" "Mozilla/4.0 (compatible; MSIE 4.01; Windows NT)"
23.21.195.100 - - [11/May/2015:10:13:08 -0700] "GET / HTTP/1.1" 200 4501 "-" "check_http/v1.4.15 (nagios-plugins 1.4.15)"
23.21.195.100 - - [11/May/2015:10:18:08 -0700] "GET / HTTP/1.1" 200 4501 "-" "check_http/v1.4.15 (nagios-plugins 1.4.15)"
208.121.64.10 - - [11/May/2015:10:18:31 -0700] "GET /images/snapfreshlogo.png HTTP/1.1" 200 5038 "-" "Mozilla/4.0 (compatible; MSIE 4.01; Windows NT)"
178.137.19.143 - - [11/May/2015:10:22:09 -0700] "GET / HTTP/1.1" 200 4482 "http://autovideobroadcast.com/" "Mozilla/4.0 (compatible; MSIE 6.0; Windows NT 5.1; SV1; InfoPath.1"
178.137.19.143 - - [11/May/2015:10:22:10 -0700] "GET / HTTP/1.1" 200 4482 "http://autovideobroadcast.com/" "Mozilla/4.0 (compatible; MSIE 6.0; Windows NT 5.1; SV1; InfoPath.1"
178.137.19.143 - - [11/May/2015:10:22:11 -0700] "GET / HTTP/1.1" 200 4482 "http://autovideobroadcast.com/" "Mozilla/4.0 (compatible; MSIE 6.0; Windows NT 5.1; SV1; InfoPath.1"
23.21.195.100 - - [11/May/2015:10:23:08 -0700] "GET / HTTP/1.1" 200 4501 "-" "check_http/v1.4.15 (nagios-plugins 1.4.15)"
23.21.195.100 - - [11/May/2015:10:28:08 -0700] "GET / HTTP/1.1" 200 4501 "-" "check_http/v1.4.15 (nagios-plugins 1.4.15)"
208.121.64.10 - - [11/May/2015:10:28:31 -0700] "GET /images/snapfreshlogo.png HTTP/1.1" 200 5038 "-" "Mozilla/4.0 (compatible; MSIE 4.01; Windows NT)"
23.21.195.100 - - [11/May/2015:10:33:08 -0700] "GET / HTTP/1.1" 200 4501 "-" "check_http/v1.4.15 (nagios-plugins 1.4.15)"
23.21.195.100 - - [11/May/2015:10:38:08 -0700] "GET / HTTP/1.1" 200 4501 "-" "check_http/v1.4.15 (nagios-plugins 1.4.15)"
208.121.64.10 - - [11/May/2015:10:38:31 -0700] "GET /images/snapfreshlogo.png HTTP/1.1" 200 5038 "-" "Mozilla/4.0 (compatible; MSIE 4.01; Windows NT)"
23.21.195.100 - - [11/May/2015:10:43:08 -0700] "GET / HTTP/1.1" 200 4501 "-" "check_http/v1.4.15 (nagios-plugins 1.4.15)"
23.21.195.100 - - [11/May/2015:10:48:08 -0700] "GET / HTTP/1.1" 200 4501 "-" "check_http/v1.4.15 (nagios-plugins 1.4.15)"
208.121.64.10 - - [11/May/2015:10:48:31 -0700] "GET /images/snapfreshlogo.png HTTP/1.1" 200 5038 "-" "Mozilla/4.0 (compatible; MSIE 4.01; Windows NT)"
66.249.65.241 - - [11/May/2015:10:48:48 -0700] "GET / HTTP/1.1" 200 2316 "-" "Mozilla/5.0 (compatible; Googlebot/2.1; +http://www.google.com/bot.html)"
23.21.195.100 - - [11/May/2015:10:53:08 -0700] "GET / HTTP/1.1" 200 4501 "-" "check_http/v1.4.15 (nagios-plugins 1.4.15)"
23.21.195.100 - - [11/May/2015:10:58:08 -0700] "GET / HTTP/1.1" 200 4501 "-" "check_http/v1.4.15 (nagios-plugins 1.4.15)"
208.121.64.10 - - [11/May/2015:10:58:31 -0700] "GET /images/snapfreshlogo.png HTTP/1.1" 200 5038 "-" "Mozilla/4.0 (compatible; MSIE 4.01; Windows NT)"
23.21.195.100 - - [11/May/2015:11:03:08 -0700] "GET / HTTP/1.1" 200 4501 "-" "check_http/v1.4.15 (nagios-plugins 1.4.15)"
217.69.133.225 - - [11/May/2015:11:06:38 -0700] "GET /robots.txt HTTP/1.0" 200 474 "-" "Mozilla/5.0 (compatible; Linux x86_64; Mail.RU_Bot/2.0; +http://go.mail.ru/help/robots)"
217.69.133.224 - - [11/May/2015:11:06:40 -0700] "GET /pipermail/discuss/2014-April/000321.html HTTP/1.1" 200 3732 "-" "Mozilla/5.0 (compatible; Linux x86_64; Mail.RU_Bot/2.0; +http://go.mail.ru/help/robots)"
217.69.133.223 - - [11/May/2015:11:06:42 -0700] "GET /pipermail/discuss/2014-October/000340.html HTTP/1.1" 200 2242 "-" "Mozilla/5.0 (compatible; Linux x86_64; Mail.RU_Bot/2.0; +http://go.mail.ru/help/robots)"
217.69.133.226 - - [11/May/2015:11:06:43 -0700] "GET /pipermail/discuss/2011-July/000051.html HTTP/1.1" 200 2061 "-" "Mozilla/5.0 (compatible; Linux x86_64; Mail.RU_Bot/2.0; +http://go.mail.ru/help/robots)"
217.69.133.222 - - [11/May/2015:11:06:45 -0700] "GET /pipermail/discuss/2011-October/000107.html HTTP/1.1" 200 3463 "-" "Mozilla/5.0 (compatible; Linux x86_64; Mail.RU_Bot/2.0; +http://go.mail.ru/help/robots)"
217.69.133.225 - - [11/May/2015:11:06:46 -0700] "GET /pipermail/discuss/2011-June/000026.html HTTP/1.1" 200 1743 "-" "Mozilla/5.0 (compatible; Linux x86_64; Mail.RU_Bot/2.0; +http://go.mail.ru/help/robots)"
23.21.195.100 - - [11/May/2015:11:08:08 -0700] "GET / HTTP/1.1" 200 4501 "-" "check_http/v1.4.15 (nagios-plugins 1.4.15)"
208.121.64.10 - - [11/May/2015:11:08:31 -0700] "GET /images/snapfreshlogo.png HTTP/1.1" 200 5038 "-" "Mozilla/4.0 (compatible; MSIE 4.01; Windows NT)"
23.21.195.100 - - [11/May/2015:11:13:08 -0700] "GET / HTTP/1.1" 200 4501 "-" "check_http/v1.4.15 (nagios-plugins 1.4.15)"
185.35.62.11 - - [11/May/2015:11:15:48 -0700] "HEAD / HTTP/1.1" 200 601 "-" "-"
23.21.195.100 - - [11/May/2015:11:18:08 -0700] "GET / HTTP/1.1" 200 4501 "-" "check_http/v1.4.15 (nagios-plugins 1.4.15)"
208.121.64.10 - - [11/May/2015:11:18:32 -0700] "GET /images/snapfreshlogo.png HTTP/1.1" 200 5038 "-" "Mozilla/4.0 (compatible; MSIE 4.01; Windows NT)"
23.21.195.100 - - [11/May/2015:11:23:08 -0700] "GET / HTTP/1.1" 200 4501 "-" "check_http/v1.4.15 (nagios-plugins 1.4.15)"
23.21.195.100 - - [11/May/2015:11:28:08 -0700] "GET / HTTP/1.1" 200 4501 "-" "check_http/v1.4.15 (nagios-plugins 1.4.15)"
208.121.64.10 - - [11/May/2015:11:28:32 -0700] "GET /images/snapfreshlogo.png HTTP/1.1" 200 5038 "-" "Mozilla/4.0 (compatible; MSIE 4.01; Windows NT)"
66.87.67.164 - - [11/May/2015:11:30:40 -0700] "GET / HTTP/1.1" 200 2313 "-" "Mozilla/5.0 (iPhone; CPU iPhone OS 8_3 like Mac OS X) AppleWebKit/600.1.4 (KHTML, like Gecko) Mobile/12F70"
66.87.67.164 - - [11/May/2015:11:30:40 -0700] "GET /stylesheets/custom.css HTTP/1.1" 200 1014 "-" "Mozilla/5.0 (iPhone; CPU iPhone OS 8_3 like Mac OS X) AppleWebKit/600.1.4 (KHTML, like Gecko) Mobile/12F70"
66.87.67.164 - - [11/May/2015:11:30:40 -0700] "GET /stylesheets/jquery.mobile-1.0b1.min.css HTTP/1.1" 200 7587 "-" "Mozilla/5.0 (iPhone; CPU iPhone OS 8_3 like Mac OS X) AppleWebKit/600.1.4 (KHTML, like Gecko) Mobile/12F70"
66.87.67.164 - - [11/May/2015:11:30:40 -0700] "GET /javascripts/lazy-render.js HTTP/1.1" 404 1008 "-" "Mozilla/5.0 (iPhone; CPU iPhone OS 8_3 like Mac OS X) AppleWebKit/600.1.4 (KHTML, like Gecko) Mobile/12F70"
66.87.67.164 - - [11/May/2015:11:30:40 -0700] "GET /javascripts/yqlgeo.js HTTP/1.1" 200 1599 "-" "Mozilla/5.0 (iPhone; CPU iPhone OS 8_3 like Mac OS X) AppleWebKit/600.1.4 (KHTML, like Gecko) Mobile/12F70"
66.87.67.164 - - [11/May/2015:11:30:40 -0700] "GET /javascripts/render-functions.js?v=0000 HTTP/1.1" 404 1008 "-" "Mozilla/5.0 (iPhone; CPU iPhone OS 8_3 like Mac OS X) AppleWebKit/600.1.4 (KHTML, like Gecko) Mobile/12F70"
66.87.67.164 - - [11/May/2015:11:30:40 -0700] "GET /js/jquery-1.4.4.min.js HTTP/1.1" 200 27425 "http://www.snapfresh.org/" "Mozilla/5.0 (iPhone; CPU iPhone OS 8_3 like Mac OS X) AppleWebKit/600.1.4 (KHTML, like Gecko) Mobile/12F70"
66.87.67.164 - - [11/May/2015:11:30:40 -0700] "GET /javascripts/lazy-render.js HTTP/1.1" 404 1008 "http://www.snapfresh.org/" "Mozilla/5.0 (iPhone; CPU iPhone OS 8_3 like Mac OS X) AppleWebKit/600.1.4 (KHTML, like Gecko) Mobile/12F70"
66.87.67.164 - - [11/May/2015:11:30:40 -0700] "GET /javascripts/render-functions.js?v=0000 HTTP/1.1" 404 1008 "http://www.snapfresh.org/" "Mozilla/5.0 (iPhone; CPU iPhone OS 8_3 like Mac OS X) AppleWebKit/600.1.4 (KHTML, like Gecko) Mobile/12F70"
66.87.67.164 - - [11/May/2015:11:30:40 -0700] "GET /images/snapfreshlogo.png HTTP/1.1" 200 5094 "http://www.snapfresh.org/" "Mozilla/5.0 (iPhone; CPU iPhone OS 8_3 like Mac OS X) AppleWebKit/600.1.4 (KHTML, like Gecko) Mobile/12F70"
66.87.67.164 - - [11/May/2015:11:30:41 -0700] "GET /stylesheets/images/ajax-loader.png HTTP/1.1" 404 1007 "http://www.snapfresh.org/" "Mozilla/5.0 (iPhone; CPU iPhone OS 8_3 like Mac OS X) AppleWebKit/600.1.4 (KHTML, like Gecko) Mobile/12F70"
66.87.67.164 - - [11/May/2015:11:30:41 -0700] "GET /stylesheets/images/icons-36-white.png HTTP/1.1" 404 1007 "http://www.snapfresh.org/" "Mozilla/5.0 (iPhone; CPU iPhone OS 8_3 like Mac OS X) AppleWebKit/600.1.4 (KHTML, like Gecko) Mobile/12F70"
66.87.67.164 - - [11/May/2015:11:32:09 -0700] "GET /retailers/nearaddy?locale=en&address=Maricopa+Dr.+Santa+Barbara%2C+CA+93101 HTTP/1.1" 200 2468 "http://www.snapfresh.org/" "Mozilla/5.0 (iPhone; CPU iPhone OS 8_3 like Mac OS X) AppleWebKit/600.1.4 (KHTML, like Gecko) Mobile/12F70"
66.87.67.164 - - [11/May/2015:11:32:19 -0700] "GET /javascripts/lazy-render.js HTTP/1.1" 404 1007 "http://www.snapfresh.org/retailers/nearaddy?locale=en&address=3996+Maricopa+Dr.+Santa+Barbara%2C+CA+93101" "Mozilla/5.0 (iPhone; CPU iPhone OS 8_3 like Mac OS X) AppleWebKit/600.1.4 (KHTML, like Gecko) Mobile/12F70"
66.87.67.164 - - [11/May/2015:11:32:19 -0700] "GET /javascripts/render-functions.js?v=0000 HTTP/1.1" 404 1008 "http://www.snapfresh.org/retailers/nearaddy?locale=en&address=3996+Maricopa+Dr.+Santa+Barbara%2C+CA+93101" "Mozilla/5.0 (iPhone; CPU iPhone OS 8_3 like Mac OS X) AppleWebKit/600.1.4 (KHTML, like Gecko) Mobile/12F70"
66.87.67.164 - - [11/May/2015:11:32:19 -0700] "GET /retailers/stylesheets/custom.css HTTP/1.1" 404 1008 "http://www.snapfresh.org/retailers/nearaddy?locale=en&address=3996+Maricopa+Dr.+Santa+Barbara%2C+CA+93101" "Mozilla/5.0 (iPhone; CPU iPhone OS 8_3 like Mac OS X) AppleWebKit/600.1.4 (KHTML, like Gecko) Mobile/12F70"
66.87.67.164 - - [11/May/2015:11:32:19 -0700] "GET /retailers/stylesheets/jquery.mobile-1.0b1.min.css HTTP/1.1" 404 1008 "http://www.snapfresh.org/retailers/nearaddy?locale=en&address=3996+Maricopa+Dr.+Santa+Barbara%2C+CA+93101" "Mozilla/5.0 (iPhone; CPU iPhone OS 8_3 like Mac OS X) AppleWebKit/600.1.4 (KHTML, like Gecko) Mobile/12F70"
66.87.67.164 - - [11/May/2015:11:32:26 -0700] "GET /retailers/nearaddy?locale=en&address=Maricopa+Dr.+Santa+Barbara%2C+CA+93101 HTTP/1.1" 200 2468 "http://www.snapfresh.org/" "Mozilla/5.0 (iPhone; CPU iPhone OS 8_3 like Mac OS X) AppleWebKit/600.1.4 (KHTML, like Gecko) Mobile/12F70"
66.87.67.164 - - [11/May/2015:11:32:35 -0700] "GET /javascripts/lazy-render.js HTTP/1.1" 404 1007 "http://www.snapfresh.org/retailers/nearaddy?locale=en&address=3996+Maricopa+Dr.+Santa+Barbara%2C+CA+93101" "Mozilla/5.0 (iPhone; CPU iPhone OS 8_3 like Mac OS X) AppleWebKit/600.1.4 (KHTML, like Gecko) Mobile/12F70"
66.87.67.164 - - [11/May/2015:11:32:35 -0700] "GET /retailers/stylesheets/custom.css HTTP/1.1" 404 1008 "http://www.snapfresh.org/retailers/nearaddy?locale=en&address=3996+Maricopa+Dr.+Santa+Barbara%2C+CA+93101" "Mozilla/5.0 (iPhone; CPU iPhone OS 8_3 like Mac OS X) AppleWebKit/600.1.4 (KHTML, like Gecko) Mobile/12F70"
66.87.67.164 - - [11/May/2015:11:32:35 -0700] "GET /javascripts/render-functions.js?v=0000 HTTP/1.1" 404 1008 "http://www.snapfresh.org/retailers/nearaddy?locale=en&address=3996+Maricopa+Dr.+Santa+Barbara%2C+CA+93101" "Mozilla/5.0 (iPhone; CPU iPhone OS 8_3 like Mac OS X) AppleWebKit/600.1.4 (KHTML, like Gecko) Mobile/12F70"
66.87.67.164 - - [11/May/2015:11:32:35 -0700] "GET /retailers/stylesheets/jquery.mobile-1.0b1.min.css HTTP/1.1" 404 1008 "http://www.snapfresh.org/retailers/nearaddy?locale=en&address=3996+Maricopa+Dr.+Santa+Barbara%2C+CA+93101" "Mozilla/5.0 (iPhone; CPU iPhone OS 8_3 like Mac OS X) AppleWebKit/600.1.4 (KHTML, like Gecko) Mobile/12F70"
66.87.67.164 - - [11/May/2015:11:32:47 -0700] "GET /?locale=en HTTP/1.1" 200 2313 "http://www.snapfresh.org/" "Mozilla/5.0 (iPhone; CPU iPhone OS 8_3 like Mac OS X) AppleWebKit/600.1.4 (KHTML, like Gecko) Mobile/12F70"
66.87.67.164 - - [11/May/2015:11:32:47 -0700] "GET /javascripts/render-functions.js?v=0000 HTTP/1.1" 404 1007 "http://www.snapfresh.org/?locale=en" "Mozilla/5.0 (iPhone; CPU iPhone OS 8_3 like Mac OS X) AppleWebKit/600.1.4 (KHTML, like Gecko) Mobile/12F70"
66.87.67.164 - - [11/May/2015:11:32:47 -0700] "GET /javascripts/lazy-render.js HTTP/1.1" 404 1008 "http://www.snapfresh.org/?locale=en" "Mozilla/5.0 (iPhone; CPU iPhone OS 8_3 like Mac OS X) AppleWebKit/600.1.4 (KHTML, like Gecko) Mobile/12F70"
23.21.195.100 - - [11/May/2015:11:33:08 -0700] "GET / HTTP/1.1" 200 4501 "-" "check_http/v1.4.15 (nagios-plugins 1.4.15)"
66.87.67.164 - - [11/May/2015:11:36:22 -0700] "GET / HTTP/1.1" 200 2312 "-" "Mozilla/5.0 (iPhone; CPU iPhone OS 8_3 like Mac OS X) AppleWebKit/600.1.4 (KHTML, like Gecko) Mobile/12F70"
66.87.67.164 - - [11/May/2015:11:36:22 -0700] "GET /javascripts/render-functions.js?v=0000 HTTP/1.1" 404 1007 "-" "Mozilla/5.0 (iPhone; CPU iPhone OS 8_3 like Mac OS X) AppleWebKit/600.1.4 (KHTML, like Gecko) Mobile/12F70"
66.87.67.164 - - [11/May/2015:11:36:22 -0700] "GET /javascripts/lazy-render.js HTTP/1.1" 404 1008 "-" "Mozilla/5.0 (iPhone; CPU iPhone OS 8_3 like Mac OS X) AppleWebKit/600.1.4 (KHTML, like Gecko) Mobile/12F70"
66.87.67.164 - - [11/May/2015:11:36:22 -0700] "GET /javascripts/lazy-render.js HTTP/1.1" 404 1008 "http://www.snapfresh.org/" "Mozilla/5.0 (iPhone; CPU iPhone OS 8_3 like Mac OS X) AppleWebKit/600.1.4 (KHTML, like Gecko) Mobile/12F70"
66.87.67.164 - - [11/May/2015:11:36:22 -0700] "GET /javascripts/render-functions.js?v=0000 HTTP/1.1" 404 1007 "http://www.snapfresh.org/" "Mozilla/5.0 (iPhone; CPU iPhone OS 8_3 like Mac OS X) AppleWebKit/600.1.4 (KHTML, like Gecko) Mobile/12F70"
66.87.67.164 - - [11/May/2015:11:36:23 -0700] "GET /stylesheets/images/ajax-loader.png HTTP/1.1" 404 1007 "http://www.snapfresh.org/" "Mozilla/5.0 (iPhone; CPU iPhone OS 8_3 like Mac OS X) AppleWebKit/600.1.4 (KHTML, like Gecko) Mobile/12F70"
66.87.67.164 - - [11/May/2015:11:36:23 -0700] "GET /stylesheets/images/icons-36-white.png HTTP/1.1" 404 1007 "http://www.snapfresh.org/" "Mozilla/5.0 (iPhone; CPU iPhone OS 8_3 like Mac OS X) AppleWebKit/600.1.4 (KHTML, like Gecko) Mobile/12F70"
66.87.67.164 - - [11/May/2015:11:36:33 -0700] "GET /retailers/nearaddy?locale=en&address=Santa+Barbara+ HTTP/1.1" 200 2468 "http://www.snapfresh.org/" "Mozilla/5.0 (iPhone; CPU iPhone OS 8_3 like Mac OS X) AppleWebKit/600.1.4 (KHTML, like Gecko) Mobile/12F70"
66.87.67.164 - - [11/May/2015:11:36:42 -0700] "GET /javascripts/lazy-render.js HTTP/1.1" 404 1007 "http://www.snapfresh.org/retailers/nearaddy?locale=en&address=Santa+Barbara+" "Mozilla/5.0 (iPhone; CPU iPhone OS 8_3 like Mac OS X) AppleWebKit/600.1.4 (KHTML, like Gecko) Mobile/12F70"
66.87.67.164 - - [11/May/2015:11:36:42 -0700] "GET /retailers/stylesheets/jquery.mobile-1.0b1.min.css HTTP/1.1" 404 1008 "http://www.snapfresh.org/retailers/nearaddy?locale=en&address=Santa+Barbara+" "Mozilla/5.0 (iPhone; CPU iPhone OS 8_3 like Mac OS X) AppleWebKit/600.1.4 (KHTML, like Gecko) Mobile/12F70"
66.87.67.164 - - [11/May/2015:11:36:42 -0700] "GET /retailers/stylesheets/custom.css HTTP/1.1" 404 1008 "http://www.snapfresh.org/retailers/nearaddy?locale=en&address=Santa+Barbara+" "Mozilla/5.0 (iPhone; CPU iPhone OS 8_3 like Mac OS X) AppleWebKit/600.1.4 (KHTML, like Gecko) Mobile/12F70"
66.87.67.164 - - [11/May/2015:11:36:42 -0700] "GET /javascripts/render-functions.js?v=0000 HTTP/1.1" 404 1008 "http://www.snapfresh.org/retailers/nearaddy?locale=en&address=Santa+Barbara+" "Mozilla/5.0 (iPhone; CPU iPhone OS 8_3 like Mac OS X) AppleWebKit/600.1.4 (KHTML, like Gecko) Mobile/12F70"
23.21.195.100 - - [11/May/2015:11:38:08 -0700] "GET / HTTP/1.1" 200 4501 "-" "check_http/v1.4.15 (nagios-plugins 1.4.15)"
208.121.64.10 - - [11/May/2015:11:38:31 -0700] "GET /images/snapfreshlogo.png HTTP/1.1" 200 5038 "-" "Mozilla/4.0 (compatible; MSIE 4.01; Windows NT)"
100.43.90.13 - - [11/May/2015:11:43:06 -0700] "GET /robots.txt HTTP/1.1" 200 511 "-" "Mozilla/5.0 (compatible; YandexBot/3.0; +http://yandex.com/bots)"
23.21.195.100 - - [11/May/2015:11:43:08 -0700] "GET / HTTP/1.1" 200 4501 "-" "check_http/v1.4.15 (nagios-plugins 1.4.15)"
23.21.195.100 - - [11/May/2015:11:48:08 -0700] "GET / HTTP/1.1" 200 4501 "-" "check_http/v1.4.15 (nagios-plugins 1.4.15)"
208.121.64.10 - - [11/May/2015:11:48:31 -0700] "GET /images/snapfreshlogo.png HTTP/1.1" 200 5038 "-" "Mozilla/4.0 (compatible; MSIE 4.01; Windows NT)"
66.249.65.241 - - [11/May/2015:11:51:46 -0700] "GET / HTTP/1.1" 200 2312 "-" "Mozilla/5.0 (compatible; Googlebot/2.1; +http://www.google.com/bot.html)"
23.21.195.100 - - [11/May/2015:11:53:08 -0700] "GET / HTTP/1.1" 200 4501 "-" "check_http/v1.4.15 (nagios-plugins 1.4.15)"
23.21.195.100 - - [11/May/2015:11:58:08 -0700] "GET / HTTP/1.1" 200 4501 "-" "check_http/v1.4.15 (nagios-plugins 1.4.15)"
208.121.64.10 - - [11/May/2015:11:58:31 -0700] "GET /images/snapfreshlogo.png HTTP/1.1" 200 5038 "-" "Mozilla/4.0 (compatible; MSIE 4.01; Windows NT)"
66.249.65.248 - - [11/May/2015:12:02:57 -0700] "GET / HTTP/1.1" 200 2314 "-" "Mozilla/5.0 (iPhone; CPU iPhone OS 6_0 like Mac OS X) AppleWebKit/536.26 (KHTML, like Gecko) Version/6.0 Mobile/10A5376e Safari/8536.25 (compatible; Googlebot/2.1; +http://www.google.com/bot.html)"
23.21.195.100 - - [11/May/2015:12:03:08 -0700] "GET / HTTP/1.1" 200 4501 "-" "check_http/v1.4.15 (nagios-plugins 1.4.15)"
23.21.195.100 - - [11/May/2015:12:08:08 -0700] "GET / HTTP/1.1" 200 4501 "-" "check_http/v1.4.15 (nagios-plugins 1.4.15)"
208.121.64.10 - - [11/May/2015:12:08:32 -0700] "GET /images/snapfreshlogo.png HTTP/1.1" 200 5038 "-" "Mozilla/4.0 (compatible; MSIE 4.01; Windows NT)"
23.21.195.100 - - [11/May/2015:12:13:08 -0700] "GET / HTTP/1.1" 200 4501 "-" "check_http/v1.4.15 (nagios-plugins 1.4.15)"
180.76.4.237 - - [11/May/2015:12:13:57 -0700] "GET / HTTP/1.1" 200 4494 "-" "Mozilla/4.0 (compatible; MSIE 7.0; Windows NT 6.0)"
23.21.195.100 - - [11/May/2015:12:18:08 -0700] "GET / HTTP/1.1" 200 4501 "-" "check_http/v1.4.15 (nagios-plugins 1.4.15)"
208.121.64.10 - - [11/May/2015:12:18:32 -0700] "GET /images/snapfreshlogo.png HTTP/1.1" 200 5038 "-" "Mozilla/4.0 (compatible; MSIE 4.01; Windows NT)"
162.227.177.220 - - [11/May/2015:12:20:47 -0700] "GET / HTTP/1.1" 200 2316 "http://r.search.yahoo.com/_ylt=AwrTHRAIAVFVkg0AAJNXNyoA;_ylu=X3oDMTEzN2Jma2tvBGNvbG8DZ3ExBHBvcwMxBHZ0aWQDU1dJTUMwXzEEc2VjA3Ny/RV=2/RE=1431400841/RO=10/RU=http%3a%2f%2fwww.snapfresh.org%2f/RK=0/RS=PwU2XQaXEh5QmGicnZEs2LgoZCk-" "Mozilla/5.0 (Macintosh; Intel Mac OS X 10_10_3) AppleWebKit/600.6.3 (KHTML, like Gecko) Version/8.0.6 Safari/600.6.3"
162.227.177.220 - - [11/May/2015:12:20:47 -0700] "GET /stylesheets/jquery.mobile-1.0b1.min.css HTTP/1.1" 200 7586 "http://www.snapfresh.org/" "Mozilla/5.0 (Macintosh; Intel Mac OS X 10_10_3) AppleWebKit/600.6.3 (KHTML, like Gecko) Version/8.0.6 Safari/600.6.3"
162.227.177.220 - - [11/May/2015:12:20:47 -0700] "GET /javascripts/yqlgeo.js HTTP/1.1" 200 1599 "http://www.snapfresh.org/" "Mozilla/5.0 (Macintosh; Intel Mac OS X 10_10_3) AppleWebKit/600.6.3 (KHTML, like Gecko) Version/8.0.6 Safari/600.6.3"
162.227.177.220 - - [11/May/2015:12:20:47 -0700] "GET /javascripts/lazy-render.js HTTP/1.1" 404 1008 "http://www.snapfresh.org/" "Mozilla/5.0 (Macintosh; Intel Mac OS X 10_10_3) AppleWebKit/600.6.3 (KHTML, like Gecko) Version/8.0.6 Safari/600.6.3"
