188.40.109.147 - - [12/May/2015:12:56:24 -0700] "GET /pipermail/discuss/2012-December/000271.html HTTP/1.0" 200 1481 "-" "Mozilla/5.0 (compatible; MJ12bot/v1.4.5; http://www.majestic12.co.uk/bot.php?+)"
188.40.109.147 - - [12/May/2015:12:56:26 -0700] "GET /pipermail/discuss/2012-December/000272.html HTTP/1.0" 200 2535 "-" "Mozilla/5.0 (compatible; MJ12bot/v1.4.5; http://www.majestic12.co.uk/bot.php?+)"
188.40.109.147 - - [12/May/2015:12:56:28 -0700] "GET /pipermail/discuss/2012-December/000273.html HTTP/1.0" 200 2618 "-" "Mozilla/5.0 (compatible; MJ12bot/v1.4.5; http://www.majestic12.co.uk/bot.php?+)"
188.40.109.147 - - [12/May/2015:12:56:31 -0700] "GET /pipermail/discuss/2012-December/000274.html HTTP/1.0" 200 2888 "-" "Mozilla/5.0 (compatible; MJ12bot/v1.4.5; http://www.majestic12.co.uk/bot.php?+)"
188.40.109.147 - - [12/May/2015:12:56:33 -0700] "GET /pipermail/discuss/2012-December/000275.html HTTP/1.0" 200 3538 "-" "Mozilla/5.0 (compatible; MJ12bot/v1.4.5; http://www.majestic12.co.uk/bot.php?+)"
188.40.109.147 - - [12/May/2015:12:56:35 -0700] "GET /pipermail/discuss/2012-December/000276.html HTTP/1.0" 200 3677 "-" "Mozilla/5.0 (compatible; MJ12bot/v1.4.5; http://www.majestic12.co.uk/bot.php?+)"
188.40.109.147 - - [12/May/2015:12:56:36 -0700] "GET /pipermail/discuss/2012-February/000157.html HTTP/1.0" 200 3094 "-" "Mozilla/5.0 (compatible; MJ12bot/v1.4.5; http://www.majestic12.co.uk/bot.php?+)"
188.40.109.147 - - [12/May/2015:12:56:38 -0700] "GET /pipermail/discuss/2012-February/000158.html HTTP/1.0" 200 1522 "-" "Mozilla/5.0 (compatible; MJ12bot/v1.4.5; http://www.majestic12.co.uk/bot.php?+)"
188.40.109.147 - - [12/May/2015:12:56:40 -0700] "GET /pipermail/discuss/2012-February/000159.html HTTP/1.0" 200 1832 "-" "Mozilla/5.0 (compatible; MJ12bot/v1.4.5; http://www.majestic12.co.uk/bot.php?+)"
188.40.109.147 - - [12/May/2015:12:56:43 -0700] "GET /pipermail/discuss/2012-February/000160.html HTTP/1.0" 200 2012 "-" "Mozilla/5.0 (compatible; MJ12bot/v1.4.5; http://www.majestic12.co.uk/bot.php?+)"
188.40.109.147 - - [12/May/2015:12:56:45 -0700] "GET /pipermail/discuss/2012-February/000161.html HTTP/1.0" 200 1738 "-" "Mozilla/5.0 (compatible; MJ12bot/v1.4.5; http://www.majestic12.co.uk/bot.php?+)"
188.40.109.147 - - [12/May/2015:12:56:46 -0700] "GET /pipermail/discuss/2012-February/000162.html HTTP/1.0" 200 2055 "-" "Mozilla/5.0 (compatible; MJ12bot/v1.4.5; http://www.majestic12.co.uk/bot.php?+)"
188.40.109.147 - - [12/May/2015:12:56:48 -0700] "GET /pipermail/discuss/2012-February/000163.html HTTP/1.0" 200 2175 "-" "Mozilla/5.0 (compatible; MJ12bot/v1.4.5; http://www.majestic12.co.uk/bot.php?+)"
188.40.109.147 - - [12/May/2015:12:56:53 -0700] "GET /pipermail/discuss/2012-February/000164.html HTTP/1.0" 200 1500 "-" "Mozilla/5.0 (compatible; MJ12bot/v1.4.5; http://www.majestic12.co.uk/bot.php?+)"
188.40.109.147 - - [12/May/2015:12:56:54 -0700] "GET /pipermail/discuss/2012-February/000165.html HTTP/1.0" 200 2532 "-" "Mozilla/5.0 (compatible; MJ12bot/v1.4.5; http://www.majestic12.co.uk/bot.php?+)"
188.40.109.147 - - [12/May/2015:12:56:57 -0700] "GET /pipermail/discuss/2012-February/000166.html HTTP/1.0" 200 2150 "-" "Mozilla/5.0 (compatible; MJ12bot/v1.4.5; http://www.majestic12.co.uk/bot.php?+)"
188.40.109.147 - - [12/May/2015:12:56:58 -0700] "GET /pipermail/discuss/2012-February/000167.html HTTP/1.0" 200 2764 "-" "Mozilla/5.0 (compatible; MJ12bot/v1.4.5; http://www.majestic12.co.uk/bot.php?+)"
188.40.109.147 - - [12/May/2015:12:57:00 -0700] "GET /pipermail/discuss/2012-January/000133.html HTTP/1.0" 200 1337 "-" "Mozilla/5.0 (compatible; MJ12bot/v1.4.5; http://www.majestic12.co.uk/bot.php?+)"
188.40.109.147 - - [12/May/2015:12:57:02 -0700] "GET /pipermail/discuss/2012-January/000134.html HTTP/1.0" 200 1639 "-" "Mozilla/5.0 (compatible; MJ12bot/v1.4.5; http://www.majestic12.co.uk/bot.php?+)"
188.40.109.147 - - [12/May/2015:12:57:04 -0700] "GET /pipermail/discuss/2012-January/000135.html HTTP/1.0" 200 1796 "-" "Mozilla/5.0 (compatible; MJ12bot/v1.4.5; http://www.majestic12.co.uk/bot.php?+)"
188.40.109.147 - - [12/May/2015:12:57:06 -0700] "GET /pipermail/discuss/2012-January/000136.html HTTP/1.0" 200 1735 "-" "Mozilla/5.0 (compatible; MJ12bot/v1.4.5; http://www.majestic12.co.uk/bot.php?+)"
188.40.109.147 - - [12/May/2015:12:57:07 -0700] "GET /pipermail/discuss/2012-January/000137.html HTTP/1.0" 200 1737 "-" "Mozilla/5.0 (compatible; MJ12bot/v1.4.5; http://www.majestic12.co.uk/bot.php?+)"
188.40.109.147 - - [12/May/2015:12:57:09 -0700] "GET /pipermail/discuss/2012-January/000138.html HTTP/1.0" 200 2184 "-" "Mozilla/5.0 (compatible; MJ12bot/v1.4.5; http://www.majestic12.co.uk/bot.php?+)"
188.40.109.147 - - [12/May/2015:12:57:11 -0700] "GET /pipermail/discuss/2012-January/000139.html HTTP/1.0" 200 2336 "-" "Mozilla/5.0 (compatible; MJ12bot/v1.4.5; http://www.majestic12.co.uk/bot.php?+)"
188.40.109.147 - - [12/May/2015:12:57:13 -0700] "GET /pipermail/discuss/2012-January/000140.html HTTP/1.0" 200 1623 "-" "Mozilla/5.0 (compatible; MJ12bot/v1.4.5; http://www.majestic12.co.uk/bot.php?+)"
188.40.109.147 - - [12/May/2015:12:57:15 -0700] "GET /pipermail/discuss/2012-January/000141.html HTTP/1.0" 200 1924 "-" "Mozilla/5.0 (compatible; MJ12bot/v1.4.5; http://www.majestic12.co.uk/bot.php?+)"
188.40.109.147 - - [12/May/2015:12:57:16 -0700] "GET /pipermail/discuss/2012-January/000142.html HTTP/1.0" 200 1545 "-" "Mozilla/5.0 (compatible; MJ12bot/v1.4.5; http://www.majestic12.co.uk/bot.php?+)"
188.40.109.147 - - [12/May/2015:12:57:18 -0700] "GET /pipermail/discuss/2012-January/000143.html HTTP/1.0" 200 1497 "-" "Mozilla/5.0 (compatible; MJ12bot/v1.4.5; http://www.majestic12.co.uk/bot.php?+)"
188.40.109.147 - - [12/May/2015:12:57:21 -0700] "GET /pipermail/discuss/2012-January/000144.html HTTP/1.0" 200 1735 "-" "Mozilla/5.0 (compatible; MJ12bot/v1.4.5; http://www.majestic12.co.uk/bot.php?+)"
188.40.109.147 - - [12/May/2015:12:57:23 -0700] "GET /pipermail/discuss/2012-January/000145.html HTTP/1.0" 200 2054 "-" "Mozilla/5.0 (compatible; MJ12bot/v1.4.5; http://www.majestic12.co.uk/bot.php?+)"
188.40.109.147 - - [12/May/2015:12:57:24 -0700] "GET /pipermail/discuss/2012-January/000146.html HTTP/1.0" 200 2873 "-" "Mozilla/5.0 (compatible; MJ12bot/v1.4.5; http://www.majestic12.co.uk/bot.php?+)"
188.40.109.147 - - [12/May/2015:12:57:26 -0700] "GET /pipermail/discuss/2012-January/000147.html HTTP/1.0" 200 3050 "-" "Mozilla/5.0 (compatible; MJ12bot/v1.4.5; http://www.majestic12.co.uk/bot.php?+)"
188.40.109.147 - - [12/May/2015:12:57:28 -0700] "GET /pipermail/discuss/2012-January/000148.html HTTP/1.0" 200 2029 "-" "Mozilla/5.0 (compatible; MJ12bot/v1.4.5; http://www.majestic12.co.uk/bot.php?+)"
188.40.109.147 - - [12/May/2015:12:57:30 -0700] "GET /pipermail/discuss/2012-January/000149.html HTTP/1.0" 200 2451 "-" "Mozilla/5.0 (compatible; MJ12bot/v1.4.5; http://www.majestic12.co.uk/bot.php?+)"
188.40.109.147 - - [12/May/2015:12:57:32 -0700] "GET /pipermail/discuss/2012-January/000150.html HTTP/1.0" 200 2511 "-" "Mozilla/5.0 (compatible; MJ12bot/v1.4.5; http://www.majestic12.co.uk/bot.php?+)"
188.40.109.147 - - [12/May/2015:12:57:34 -0700] "GET /pipermail/discuss/2012-January/000151.html HTTP/1.0" 200 3079 "-" "Mozilla/5.0 (compatible; MJ12bot/v1.4.5; http://www.majestic12.co.uk/bot.php?+)"
188.40.109.147 - - [12/May/2015:12:57:35 -0700] "GET /pipermail/discuss/2012-January/000152.html HTTP/1.0" 200 1528 "-" "Mozilla/5.0 (compatible; MJ12bot/v1.4.5; http://www.majestic12.co.uk/bot.php?+)"
188.40.109.147 - - [12/May/2015:12:57:37 -0700] "GET /pipermail/discuss/2012-January/000153.html HTTP/1.0" 200 1879 "-" "Mozilla/5.0 (compatible; MJ12bot/v1.4.5; http://www.majestic12.co.uk/bot.php?+)"
188.40.109.147 - - [12/May/2015:12:57:44 -0700] "GET /pipermail/discuss/2012-January/000154.html HTTP/1.0" 200 1946 "-" "Mozilla/5.0 (compatible; MJ12bot/v1.4.5; http://www.majestic12.co.uk/bot.php?+)"
23.21.195.100 - - [12/May/2015:12:58:08 -0700] "GET / HTTP/1.1" 200 4501 "-" "check_http/v1.4.15 (nagios-plugins 1.4.15)"
188.40.109.147 - - [12/May/2015:12:58:10 -0700] "GET /pipermail/discuss/2012-January/000155.html HTTP/1.0" 200 2207 "-" "Mozilla/5.0 (compatible; MJ12bot/v1.4.5; http://www.majestic12.co.uk/bot.php?+)"
188.40.109.147 - - [12/May/2015:12:58:13 -0700] "GET /pipermail/discuss/2012-January/000156.html HTTP/1.0" 200 2437 "-" "Mozilla/5.0 (compatible; MJ12bot/v1.4.5; http://www.majestic12.co.uk/bot.php?+)"
188.40.109.147 - - [12/May/2015:12:58:15 -0700] "GET /pipermail/discuss/2012-July/000197.html HTTP/1.0" 200 5112 "-" "Mozilla/5.0 (compatible; MJ12bot/v1.4.5; http://www.majestic12.co.uk/bot.php?+)"
188.40.109.147 - - [12/May/2015:12:58:22 -0700] "GET /pipermail/discuss/2012-June/000196.html HTTP/1.0" 200 4288 "-" "Mozilla/5.0 (compatible; MJ12bot/v1.4.5; http://www.majestic12.co.uk/bot.php?+)"
188.40.109.147 - - [12/May/2015:12:58:24 -0700] "GET /pipermail/discuss/2012-March/000168.html HTTP/1.0" 200 2059 "-" "Mozilla/5.0 (compatible; MJ12bot/v1.4.5; http://www.majestic12.co.uk/bot.php?+)"
188.40.109.147 - - [12/May/2015:12:58:26 -0700] "GET /pipermail/discuss/2012-March/000169.html HTTP/1.0" 200 4310 "-" "Mozilla/5.0 (compatible; MJ12bot/v1.4.5; http://www.majestic12.co.uk/bot.php?+)"
188.40.109.147 - - [12/May/2015:12:58:30 -0700] "GET /pipermail/discuss/2012-March/000170.html HTTP/1.0" 200 1449 "-" "Mozilla/5.0 (compatible; MJ12bot/v1.4.5; http://www.majestic12.co.uk/bot.php?+)"
188.40.109.147 - - [12/May/2015:12:58:32 -0700] "GET /pipermail/discuss/2012-March/000171.html HTTP/1.0" 200 1620 "-" "Mozilla/5.0 (compatible; MJ12bot/v1.4.5; http://www.majestic12.co.uk/bot.php?+)"
208.121.64.10 - - [12/May/2015:12:58:33 -0700] "GET /images/snapfreshlogo.png HTTP/1.1" 200 5038 "-" "Mozilla/4.0 (compatible; MSIE 4.01; Windows NT)"
188.40.109.147 - - [12/May/2015:12:58:36 -0700] "GET /pipermail/discuss/2012-March/000172.html HTTP/1.0" 200 1980 "-" "Mozilla/5.0 (compatible; MJ12bot/v1.4.5; http://www.majestic12.co.uk/bot.php?+)"
188.40.109.147 - - [12/May/2015:12:58:38 -0700] "GET /pipermail/discuss/2012-May/000186.html HTTP/1.0" 200 1145 "-" "Mozilla/5.0 (compatible; MJ12bot/v1.4.5; http://www.majestic12.co.uk/bot.php?+)"
188.40.109.147 - - [12/May/2015:12:58:43 -0700] "GET /pipermail/discuss/2012-May/000187.html HTTP/1.0" 200 1426 "-" "Mozilla/5.0 (compatible; MJ12bot/v1.4.5; http://www.majestic12.co.uk/bot.php?+)"
188.40.109.147 - - [12/May/2015:12:58:45 -0700] "GET /pipermail/discuss/2012-May/000188.html HTTP/1.0" 200 1591 "-" "Mozilla/5.0 (compatible; MJ12bot/v1.4.5; http://www.majestic12.co.uk/bot.php?+)"
188.40.109.147 - - [12/May/2015:12:58:48 -0700] "GET /pipermail/discuss/2012-May/000189.html HTTP/1.0" 200 1788 "-" "Mozilla/5.0 (compatible; MJ12bot/v1.4.5; http://www.majestic12.co.uk/bot.php?+)"
188.40.109.147 - - [12/May/2015:12:58:51 -0700] "GET /pipermail/discuss/2012-May/000190.html HTTP/1.0" 200 4052 "-" "Mozilla/5.0 (compatible; MJ12bot/v1.4.5; http://www.majestic12.co.uk/bot.php?+)"
188.40.109.147 - - [12/May/2015:12:58:54 -0700] "GET /pipermail/discuss/2012-May/000191.html HTTP/1.0" 200 1591 "-" "Mozilla/5.0 (compatible; MJ12bot/v1.4.5; http://www.majestic12.co.uk/bot.php?+)"
188.40.109.147 - - [12/May/2015:12:58:57 -0700] "GET /pipermail/discuss/2012-May/000192.html HTTP/1.0" 200 4452 "-" "Mozilla/5.0 (compatible; MJ12bot/v1.4.5; http://www.majestic12.co.uk/bot.php?+)"
188.40.109.147 - - [12/May/2015:12:59:00 -0700] "GET /pipermail/discuss/2012-May/000193.html HTTP/1.0" 200 1537 "-" "Mozilla/5.0 (compatible; MJ12bot/v1.4.5; http://www.majestic12.co.uk/bot.php?+)"
188.40.109.147 - - [12/May/2015:12:59:03 -0700] "GET /pipermail/discuss/2012-May/000194.html HTTP/1.0" 200 2145 "-" "Mozilla/5.0 (compatible; MJ12bot/v1.4.5; http://www.majestic12.co.uk/bot.php?+)"
188.40.109.147 - - [12/May/2015:12:59:05 -0700] "GET /pipermail/discuss/2012-May/000195.html HTTP/1.0" 200 4950 "-" "Mozilla/5.0 (compatible; MJ12bot/v1.4.5; http://www.majestic12.co.uk/bot.php?+)"
188.40.109.147 - - [12/May/2015:12:59:11 -0700] "GET /pipermail/discuss/2012-November/000242.html HTTP/1.0" 200 1283 "-" "Mozilla/5.0 (compatible; MJ12bot/v1.4.5; http://www.majestic12.co.uk/bot.php?+)"
188.40.109.147 - - [12/May/2015:12:59:13 -0700] "GET /pipermail/discuss/2012-November/000243.html HTTP/1.0" 200 1434 "-" "Mozilla/5.0 (compatible; MJ12bot/v1.4.5; http://www.majestic12.co.uk/bot.php?+)"
188.40.109.147 - - [12/May/2015:12:59:17 -0700] "GET /pipermail/discuss/2012-November/000244.html HTTP/1.0" 200 1695 "-" "Mozilla/5.0 (compatible; MJ12bot/v1.4.5; http://www.majestic12.co.uk/bot.php?+)"
188.40.109.147 - - [12/May/2015:12:59:20 -0700] "GET /pipermail/discuss/2012-November/000245.html HTTP/1.0" 200 2269 "-" "Mozilla/5.0 (compatible; MJ12bot/v1.4.5; http://www.majestic12.co.uk/bot.php?+)"
188.40.109.147 - - [12/May/2015:12:59:22 -0700] "GET /pipermail/discuss/2012-November/000246.html HTTP/1.0" 200 1953 "-" "Mozilla/5.0 (compatible; MJ12bot/v1.4.5; http://www.majestic12.co.uk/bot.php?+)"
188.40.109.147 - - [12/May/2015:12:59:25 -0700] "GET /pipermail/discuss/2012-November/000247.html HTTP/1.0" 200 1653 "-" "Mozilla/5.0 (compatible; MJ12bot/v1.4.5; http://www.majestic12.co.uk/bot.php?+)"
188.40.109.147 - - [12/May/2015:12:59:28 -0700] "GET /pipermail/discuss/2012-November/000248.html HTTP/1.0" 200 2040 "-" "Mozilla/5.0 (compatible; MJ12bot/v1.4.5; http://www.majestic12.co.uk/bot.php?+)"
188.40.109.147 - - [12/May/2015:12:59:31 -0700] "GET /pipermail/discuss/2012-November/000249.html HTTP/1.0" 200 1940 "-" "Mozilla/5.0 (compatible; MJ12bot/v1.4.5; http://www.majestic12.co.uk/bot.php?+)"
188.40.109.147 - - [12/May/2015:12:59:36 -0700] "GET /pipermail/discuss/2012-November/000250.html HTTP/1.0" 200 2089 "-" "Mozilla/5.0 (compatible; MJ12bot/v1.4.5; http://www.majestic12.co.uk/bot.php?+)"
188.40.109.147 - - [12/May/2015:12:59:38 -0700] "GET /pipermail/discuss/2012-November/000251.html HTTP/1.0" 200 2224 "-" "Mozilla/5.0 (compatible; MJ12bot/v1.4.5; http://www.majestic12.co.uk/bot.php?+)"
188.40.109.147 - - [12/May/2015:12:59:41 -0700] "GET /pipermail/discuss/2012-November/000252.html HTTP/1.0" 200 2445 "-" "Mozilla/5.0 (compatible; MJ12bot/v1.4.5; http://www.majestic12.co.uk/bot.php?+)"
188.40.109.147 - - [12/May/2015:12:59:43 -0700] "GET /pipermail/discuss/2012-November/000253.html HTTP/1.0" 200 2640 "-" "Mozilla/5.0 (compatible; MJ12bot/v1.4.5; http://www.majestic12.co.uk/bot.php?+)"
188.40.109.147 - - [12/May/2015:12:59:45 -0700] "GET /pipermail/discuss/2012-November/000254.html HTTP/1.0" 200 2756 "-" "Mozilla/5.0 (compatible; MJ12bot/v1.4.5; http://www.majestic12.co.uk/bot.php?+)"
188.40.109.147 - - [12/May/2015:12:59:47 -0700] "GET /pipermail/discuss/2012-November/000255.html HTTP/1.0" 200 2834 "-" "Mozilla/5.0 (compatible; MJ12bot/v1.4.5; http://www.majestic12.co.uk/bot.php?+)"
188.40.109.147 - - [12/May/2015:12:59:50 -0700] "GET /pipermail/discuss/2012-November/000256.html HTTP/1.0" 200 2970 "-" "Mozilla/5.0 (compatible; MJ12bot/v1.4.5; http://www.majestic12.co.uk/bot.php?+)"
188.40.109.147 - - [12/May/2015:12:59:52 -0700] "GET /pipermail/discuss/2012-November/000257.html HTTP/1.0" 200 2235 "-" "Mozilla/5.0 (compatible; MJ12bot/v1.4.5; http://www.majestic12.co.uk/bot.php?+)"
188.40.109.147 - - [12/May/2015:12:59:54 -0700] "GET /pipermail/discuss/2012-October/000230.html HTTP/1.0" 200 2411 "-" "Mozilla/5.0 (compatible; MJ12bot/v1.4.5; http://www.majestic12.co.uk/bot.php?+)"
188.40.109.147 - - [12/May/2015:12:59:56 -0700] "GET /pipermail/discuss/2012-October/000231.html HTTP/1.0" 200 1624 "-" "Mozilla/5.0 (compatible; MJ12bot/v1.4.5; http://www.majestic12.co.uk/bot.php?+)"
188.40.109.147 - - [12/May/2015:12:59:58 -0700] "GET /pipermail/discuss/2012-October/000232.html HTTP/1.0" 200 2728 "-" "Mozilla/5.0 (compatible; MJ12bot/v1.4.5; http://www.majestic12.co.uk/bot.php?+)"
188.40.109.147 - - [12/May/2015:13:00:00 -0700] "GET /pipermail/discuss/2012-October/000233.html HTTP/1.0" 200 3544 "-" "Mozilla/5.0 (compatible; MJ12bot/v1.4.5; http://www.majestic12.co.uk/bot.php?+)"
188.40.109.147 - - [12/May/2015:13:00:02 -0700] "GET /pipermail/discuss/2012-October/000234.html HTTP/1.0" 200 2916 "-" "Mozilla/5.0 (compatible; MJ12bot/v1.4.5; http://www.majestic12.co.uk/bot.php?+)"
188.40.109.147 - - [12/May/2015:13:00:03 -0700] "GET /pipermail/discuss/2012-October/000235.html HTTP/1.0" 200 3168 "-" "Mozilla/5.0 (compatible; MJ12bot/v1.4.5; http://www.majestic12.co.uk/bot.php?+)"
188.40.109.147 - - [12/May/2015:13:00:05 -0700] "GET /pipermail/discuss/2012-October/000236.html HTTP/1.0" 200 4092 "-" "Mozilla/5.0 (compatible; MJ12bot/v1.4.5; http://www.majestic12.co.uk/bot.php?+)"
188.40.109.147 - - [12/May/2015:13:00:07 -0700] "GET /pipermail/discuss/2012-October/000237.html HTTP/1.0" 200 4408 "-" "Mozilla/5.0 (compatible; MJ12bot/v1.4.5; http://www.majestic12.co.uk/bot.php?+)"
188.40.109.147 - - [12/May/2015:13:00:09 -0700] "GET /pipermail/discuss/2012-October/000238.html HTTP/1.0" 200 1386 "-" "Mozilla/5.0 (compatible; MJ12bot/v1.4.5; http://www.majestic12.co.uk/bot.php?+)"
188.40.109.147 - - [12/May/2015:13:00:11 -0700] "GET /pipermail/discuss/2012-October/000239.html HTTP/1.0" 200 5192 "-" "Mozilla/5.0 (compatible; MJ12bot/v1.4.5; http://www.majestic12.co.uk/bot.php?+)"
188.40.109.147 - - [12/May/2015:13:00:13 -0700] "GET /pipermail/discuss/2012-October/000240.html HTTP/1.0" 200 5554 "-" "Mozilla/5.0 (compatible; MJ12bot/v1.4.5; http://www.majestic12.co.uk/bot.php?+)"
188.40.109.147 - - [12/May/2015:13:00:14 -0700] "GET /pipermail/discuss/2012-October/000241.html HTTP/1.0" 200 6612 "-" "Mozilla/5.0 (compatible; MJ12bot/v1.4.5; http://www.majestic12.co.uk/bot.php?+)"
188.40.109.147 - - [12/May/2015:13:00:17 -0700] "GET /pipermail/discuss/2013-August/000290.html HTTP/1.0" 200 1468 "-" "Mozilla/5.0 (compatible; MJ12bot/v1.4.5; http://www.majestic12.co.uk/bot.php?+)"
188.40.109.147 - - [12/May/2015:13:00:19 -0700] "GET /pipermail/discuss/2013-August/000291.html HTTP/1.0" 200 1553 "-" "Mozilla/5.0 (compatible; MJ12bot/v1.4.5; http://www.majestic12.co.uk/bot.php?+)"
188.40.109.147 - - [12/May/2015:13:00:21 -0700] "GET /pipermail/discuss/2013-August/000292.html HTTP/1.0" 200 2078 "-" "Mozilla/5.0 (compatible; MJ12bot/v1.4.5; http://www.majestic12.co.uk/bot.php?+)"
188.40.109.147 - - [12/May/2015:13:00:23 -0700] "GET /pipermail/discuss/2013-August/000293.html HTTP/1.0" 200 2588 "-" "Mozilla/5.0 (compatible; MJ12bot/v1.4.5; http://www.majestic12.co.uk/bot.php?+)"
188.40.109.147 - - [12/May/2015:13:00:25 -0700] "GET /pipermail/discuss/2013-August/000294.html HTTP/1.0" 200 2693 "-" "Mozilla/5.0 (compatible; MJ12bot/v1.4.5; http://www.majestic12.co.uk/bot.php?+)"
188.40.109.147 - - [12/May/2015:13:00:29 -0700] "GET /pipermail/discuss/2013-August/000295.html HTTP/1.0" 200 2816 "-" "Mozilla/5.0 (compatible; MJ12bot/v1.4.5; http://www.majestic12.co.uk/bot.php?+)"
188.40.109.147 - - [12/May/2015:13:00:31 -0700] "GET /pipermail/discuss/2013-August/000296.html HTTP/1.0" 200 3040 "-" "Mozilla/5.0 (compatible; MJ12bot/v1.4.5; http://www.majestic12.co.uk/bot.php?+)"
188.40.109.147 - - [12/May/2015:13:00:33 -0700] "GET /pipermail/discuss/2013-August/000297.html HTTP/1.0" 200 3239 "-" "Mozilla/5.0 (compatible; MJ12bot/v1.4.5; http://www.majestic12.co.uk/bot.php?+)"
108.38.230.72 - - [12/May/2015:13:00:33 -0700] "GET /retailers/nearaddy.json/?address=33.818912,-118.167784 HTTP/1.1" 200 1972 "-" "SnapFresh/9 (iPhone; iOS 8.3; Scale/2.00)"
188.40.109.147 - - [12/May/2015:13:00:36 -0700] "GET /pipermail/discuss/2013-August/000298.html HTTP/1.0" 200 3489 "-" "Mozilla/5.0 (compatible; MJ12bot/v1.4.5; http://www.majestic12.co.uk/bot.php?+)"
188.40.109.147 - - [12/May/2015:13:00:39 -0700] "GET /pipermail/discuss/2013-August/000299.html HTTP/1.0" 200 1518 "-" "Mozilla/5.0 (compatible; MJ12bot/v1.4.5; http://www.majestic12.co.uk/bot.php?+)"
188.40.109.147 - - [12/May/2015:13:00:41 -0700] "GET /pipermail/discuss/2013-January/000277.html HTTP/1.0" 200 1361 "-" "Mozilla/5.0 (compatible; MJ12bot/v1.4.5; http://www.majestic12.co.uk/bot.php?+)"
188.40.109.147 - - [12/May/2015:13:00:43 -0700] "GET /pipermail/discuss/2013-January/000278.html HTTP/1.0" 200 1882 "-" "Mozilla/5.0 (compatible; MJ12bot/v1.4.5; http://www.majestic12.co.uk/bot.php?+)"
188.40.109.147 - - [12/May/2015:13:00:45 -0700] "GET /pipermail/discuss/2013-January/000279.html HTTP/1.0" 200 1585 "-" "Mozilla/5.0 (compatible; MJ12bot/v1.4.5; http://www.majestic12.co.uk/bot.php?+)"
188.40.109.147 - - [12/May/2015:13:00:48 -0700] "GET /pipermail/discuss/2013-July/000284.html HTTP/1.0" 200 1704 "-" "Mozilla/5.0 (compatible; MJ12bot/v1.4.5; http://www.majestic12.co.uk/bot.php?+)"
188.40.109.147 - - [12/May/2015:13:00:50 -0700] "GET /pipermail/discuss/2013-July/000285.html HTTP/1.0" 200 1603 "-" "Mozilla/5.0 (compatible; MJ12bot/v1.4.5; http://www.majestic12.co.uk/bot.php?+)"
108.38.230.72 - - [12/May/2015:13:00:50 -0700] "GET /retailers/nearaddy.json/?address=33.819182,-118.168060 HTTP/1.1" 200 1965 "-" "SnapFresh/9 (iPhone; iOS 8.3; Scale/2.00)"
188.40.109.147 - - [12/May/2015:13:00:51 -0700] "GET /pipermail/discuss/2013-July/000286.html HTTP/1.0" 200 1600 "-" "Mozilla/5.0 (compatible; MJ12bot/v1.4.5; http://www.majestic12.co.uk/bot.php?+)"
188.40.109.147 - - [12/May/2015:13:00:53 -0700] "GET /pipermail/discuss/2013-July/000287.html HTTP/1.0" 200 2066 "-" "Mozilla/5.0 (compatible; MJ12bot/v1.4.5; http://www.majestic12.co.uk/bot.php?+)"
188.40.109.147 - - [12/May/2015:13:00:55 -0700] "GET /pipermail/discuss/2013-July/000288.html HTTP/1.0" 200 2491 "-" "Mozilla/5.0 (compatible; MJ12bot/v1.4.5; http://www.majestic12.co.uk/bot.php?+)"
188.40.109.147 - - [12/May/2015:13:00:57 -0700] "GET /pipermail/discuss/2013-July/000289.html HTTP/1.0" 200 2437 "-" "Mozilla/5.0 (compatible; MJ12bot/v1.4.5; http://www.majestic12.co.uk/bot.php?+)"
188.40.109.147 - - [12/May/2015:13:01:00 -0700] "GET /pipermail/discuss/2013-May/000280.html HTTP/1.0" 200 1524 "-" "Mozilla/5.0 (compatible; MJ12bot/v1.4.5; http://www.majestic12.co.uk/bot.php?+)"
188.40.109.147 - - [12/May/2015:13:01:02 -0700] "GET /pipermail/discuss/2013-May/000281.html HTTP/1.0" 200 1957 "-" "Mozilla/5.0 (compatible; MJ12bot/v1.4.5; http://www.majestic12.co.uk/bot.php?+)"
188.40.109.147 - - [12/May/2015:13:01:03 -0700] "GET /pipermail/discuss/2013-May/000282.html HTTP/1.0" 200 1981 "-" "Mozilla/5.0 (compatible; MJ12bot/v1.4.5; http://www.majestic12.co.uk/bot.php?+)"
188.40.109.147 - - [12/May/2015:13:01:08 -0700] "GET /pipermail/discuss/2013-May/000283.html HTTP/1.0" 200 2479 "-" "Mozilla/5.0 (compatible; MJ12bot/v1.4.5; http://www.majestic12.co.uk/bot.php?+)"
188.40.109.147 - - [12/May/2015:13:01:09 -0700] "GET /pipermail/discuss/2013-November/000315.html HTTP/1.0" 200 1618 "-" "Mozilla/5.0 (compatible; MJ12bot/v1.4.5; http://www.majestic12.co.uk/bot.php?+)"
188.40.109.147 - - [12/May/2015:13:01:11 -0700] "GET /pipermail/discuss/2013-November/000316.html HTTP/1.0" 200 2664 "-" "Mozilla/5.0 (compatible; MJ12bot/v1.4.5; http://www.majestic12.co.uk/bot.php?+)"
188.40.109.147 - - [12/May/2015:13:01:13 -0700] "GET /pipermail/discuss/2013-November/000317.html HTTP/1.0" 200 3045 "-" "Mozilla/5.0 (compatible; MJ12bot/v1.4.5; http://www.majestic12.co.uk/bot.php?+)"
188.40.109.147 - - [12/May/2015:13:01:15 -0700] "GET /pipermail/discuss/2013-October/000308.html HTTP/1.0" 200 1567 "-" "Mozilla/5.0 (compatible; MJ12bot/v1.4.5; http://www.majestic12.co.uk/bot.php?+)"
188.40.109.147 - - [12/May/2015:13:01:19 -0700] "GET /pipermail/discuss/2013-October/000309.html HTTP/1.0" 200 1676 "-" "Mozilla/5.0 (compatible; MJ12bot/v1.4.5; http://www.majestic12.co.uk/bot.php?+)"
188.40.109.147 - - [12/May/2015:13:01:21 -0700] "GET /pipermail/discuss/2013-October/000310.html HTTP/1.0" 200 2192 "-" "Mozilla/5.0 (compatible; MJ12bot/v1.4.5; http://www.majestic12.co.uk/bot.php?+)"
188.40.109.147 - - [12/May/2015:13:01:22 -0700] "GET /pipermail/discuss/2013-October/000311.html HTTP/1.0" 200 1471 "-" "Mozilla/5.0 (compatible; MJ12bot/v1.4.5; http://www.majestic12.co.uk/bot.php?+)"
188.40.109.147 - - [12/May/2015:13:01:24 -0700] "GET /pipermail/discuss/2013-October/000312.html HTTP/1.0" 200 1577 "-" "Mozilla/5.0 (compatible; MJ12bot/v1.4.5; http://www.majestic12.co.uk/bot.php?+)"
188.40.109.147 - - [12/May/2015:13:01:26 -0700] "GET /pipermail/discuss/2013-October/000313.html HTTP/1.0" 200 1906 "-" "Mozilla/5.0 (compatible; MJ12bot/v1.4.5; http://www.majestic12.co.uk/bot.php?+)"
188.40.109.147 - - [12/May/2015:13:01:28 -0700] "GET /pipermail/discuss/2013-October/000314.html HTTP/1.0" 200 2192 "-" "Mozilla/5.0 (compatible; MJ12bot/v1.4.5; http://www.majestic12.co.uk/bot.php?+)"
188.40.109.147 - - [12/May/2015:13:01:30 -0700] "GET /pipermail/discuss/2013-September/000300.html HTTP/1.0" 200 3551 "-" "Mozilla/5.0 (compatible; MJ12bot/v1.4.5; http://www.majestic12.co.uk/bot.php?+)"
188.40.109.147 - - [12/May/2015:13:01:31 -0700] "GET /pipermail/discuss/2013-September/000301.html HTTP/1.0" 200 1463 "-" "Mozilla/5.0 (compatible; MJ12bot/v1.4.5; http://www.majestic12.co.uk/bot.php?+)"
188.40.109.147 - - [12/May/2015:13:01:36 -0700] "GET /pipermail/discuss/2013-September/000302.html HTTP/1.0" 200 3876 "-" "Mozilla/5.0 (compatible; MJ12bot/v1.4.5; http://www.majestic12.co.uk/bot.php?+)"
188.40.109.147 - - [12/May/2015:13:01:38 -0700] "GET /pipermail/discuss/2013-September/000303.html HTTP/1.0" 200 4050 "-" "Mozilla/5.0 (compatible; MJ12bot/v1.4.5; http://www.majestic12.co.uk/bot.php?+)"
188.40.109.147 - - [12/May/2015:13:01:41 -0700] "GET /pipermail/discuss/2013-September/000304.html HTTP/1.0" 200 1578 "-" "Mozilla/5.0 (compatible; MJ12bot/v1.4.5; http://www.majestic12.co.uk/bot.php?+)"
188.40.109.147 - - [12/May/2015:13:01:43 -0700] "GET /pipermail/discuss/2013-September/000305.html HTTP/1.0" 200 4180 "-" "Mozilla/5.0 (compatible; MJ12bot/v1.4.5; http://www.majestic12.co.uk/bot.php?+)"
188.40.109.147 - - [12/May/2015:13:01:44 -0700] "GET /pipermail/discuss/2013-September/000306.html HTTP/1.0" 200 1624 "-" "Mozilla/5.0 (compatible; MJ12bot/v1.4.5; http://www.majestic12.co.uk/bot.php?+)"
188.40.109.147 - - [12/May/2015:13:01:46 -0700] "GET /pipermail/discuss/2013-September/000307.html HTTP/1.0" 200 1888 "-" "Mozilla/5.0 (compatible; MJ12bot/v1.4.5; http://www.majestic12.co.uk/bot.php?+)"
188.40.109.147 - - [12/May/2015:13:01:49 -0700] "GET /pipermail/discuss/2014-April/000318.html HTTP/1.0" 200 1562 "-" "Mozilla/5.0 (compatible; MJ12bot/v1.4.5; http://www.majestic12.co.uk/bot.php?+)"
188.40.109.147 - - [12/May/2015:13:01:54 -0700] "GET /pipermail/discuss/2014-April/000319.html HTTP/1.0" 200 2024 "-" "Mozilla/5.0 (compatible; MJ12bot/v1.4.5; http://www.majestic12.co.uk/bot.php?+)"
188.40.109.147 - - [12/May/2015:13:01:56 -0700] "GET /pipermail/discuss/2014-April/000320.html HTTP/1.0" 200 2573 "-" "Mozilla/5.0 (compatible; MJ12bot/v1.4.5; http://www.majestic12.co.uk/bot.php?+)"
188.40.109.147 - - [12/May/2015:13:01:57 -0700] "GET /pipermail/discuss/2014-April/000321.html HTTP/1.0" 200 3732 "-" "Mozilla/5.0 (compatible; MJ12bot/v1.4.5; http://www.majestic12.co.uk/bot.php?+)"
188.40.109.147 - - [12/May/2015:13:01:59 -0700] "GET /pipermail/discuss/2014-April/000322.html HTTP/1.0" 200 1655 "-" "Mozilla/5.0 (compatible; MJ12bot/v1.4.5; http://www.majestic12.co.uk/bot.php?+)"
188.40.109.147 - - [12/May/2015:13:02:01 -0700] "GET /pipermail/discuss/2014-April/000323.html HTTP/1.0" 200 1500 "-" "Mozilla/5.0 (compatible; MJ12bot/v1.4.5; http://www.majestic12.co.uk/bot.php?+)"
188.40.109.147 - - [12/May/2015:13:02:03 -0700] "GET /pipermail/discuss/2014-April/000324.html HTTP/1.0" 200 3988 "-" "Mozilla/5.0 (compatible; MJ12bot/v1.4.5; http://www.majestic12.co.uk/bot.php?+)"
188.40.109.147 - - [12/May/2015:13:02:05 -0700] "GET /pipermail/discuss/2014-April/000325.html HTTP/1.0" 200 4102 "-" "Mozilla/5.0 (compatible; MJ12bot/v1.4.5; http://www.majestic12.co.uk/bot.php?+)"
188.40.109.147 - - [12/May/2015:13:02:07 -0700] "GET /pipermail/discuss/2014-April/000326.html HTTP/1.0" 200 1747 "-" "Mozilla/5.0 (compatible; MJ12bot/v1.4.5; http://www.majestic12.co.uk/bot.php?+)"
188.40.109.147 - - [12/May/2015:13:02:09 -0700] "GET /pipermail/discuss/2014-April/000327.html HTTP/1.0" 200 1795 "-" "Mozilla/5.0 (compatible; MJ12bot/v1.4.5; http://www.majestic12.co.uk/bot.php?+)"
188.40.109.147 - - [12/May/2015:13:02:11 -0700] "GET /pipermail/discuss/2014-April/000328.html HTTP/1.0" 200 4292 "-" "Mozilla/5.0 (compatible; MJ12bot/v1.4.5; http://www.majestic12.co.uk/bot.php?+)"
188.40.109.147 - - [12/May/2015:13:02:13 -0700] "GET /pipermail/discuss/2014-April/000329.html HTTP/1.0" 200 4562 "-" "Mozilla/5.0 (compatible; MJ12bot/v1.4.5; http://www.majestic12.co.uk/bot.php?+)"
188.40.109.147 - - [12/May/2015:13:02:16 -0700] "GET /pipermail/discuss/2014-April/000330.html HTTP/1.0" 200 1494 "-" "Mozilla/5.0 (compatible; MJ12bot/v1.4.5; http://www.majestic12.co.uk/bot.php?+)"
188.40.109.147 - - [12/May/2015:13:02:18 -0700] "GET /pipermail/discuss/2014-April/000331.html HTTP/1.0" 200 4877 "-" "Mozilla/5.0 (compatible; MJ12bot/v1.4.5; http://www.majestic12.co.uk/bot.php?+)"
188.40.109.147 - - [12/May/2015:13:02:20 -0700] "GET /pipermail/discuss/2014-April/000332.html HTTP/1.0" 200 4920 "-" "Mozilla/5.0 (compatible; MJ12bot/v1.4.5; http://www.majestic12.co.uk/bot.php?+)"
188.40.109.147 - - [12/May/2015:13:02:22 -0700] "GET /pipermail/discuss/2014-April/000333.html HTTP/1.0" 200 5081 "-" "Mozilla/5.0 (compatible; MJ12bot/v1.4.5; http://www.majestic12.co.uk/bot.php?+)"
188.40.109.147 - - [12/May/2015:13:02:23 -0700] "GET /pipermail/discuss/2014-April/000334.html HTTP/1.0" 200 1849 "-" "Mozilla/5.0 (compatible; MJ12bot/v1.4.5; http://www.majestic12.co.uk/bot.php?+)"
188.40.109.147 - - [12/May/2015:13:02:25 -0700] "GET /pipermail/discuss/2014-April/000335.html HTTP/1.0" 200 1927 "-" "Mozilla/5.0 (compatible; MJ12bot/v1.4.5; http://www.majestic12.co.uk/bot.php?+)"
188.40.109.147 - - [12/May/2015:13:02:30 -0700] "GET /pipermail/discuss/2014-May/000336.html HTTP/1.0" 200 5754 "-" "Mozilla/5.0 (compatible; MJ12bot/v1.4.5; http://www.majestic12.co.uk/bot.php?+)"
188.40.109.147 - - [12/May/2015:13:02:32 -0700] "GET /pipermail/discuss/2014-May/000337.html HTTP/1.0" 200 1904 "-" "Mozilla/5.0 (compatible; MJ12bot/v1.4.5; http://www.majestic12.co.uk/bot.php?+)"
188.40.109.147 - - [12/May/2015:13:02:36 -0700] "GET /pipermail/discuss/2014-May/000338.html HTTP/1.0" 200 2300 "-" "Mozilla/5.0 (compatible; MJ12bot/v1.4.5; http://www.majestic12.co.uk/bot.php?+)"
188.40.109.147 - - [12/May/2015:13:02:38 -0700] "GET /pipermail/discuss/2014-October/000340.html HTTP/1.0" 200 2242 "-" "Mozilla/5.0 (compatible; MJ12bot/v1.4.5; http://www.majestic12.co.uk/bot.php?+)"
188.40.109.147 - - [12/May/2015:13:02:40 -0700] "GET /pipermail/discuss/2014-September/000339.html HTTP/1.0" 200 2583 "-" "Mozilla/5.0 (compatible; MJ12bot/v1.4.5; http://www.majestic12.co.uk/bot.php?+)"
188.40.109.147 - - [12/May/2015:13:02:42 -0700] "GET /retailers/terms?locale=en HTTP/1.0" 200 2372 "-" "Mozilla/5.0 (compatible; MJ12bot/v1.4.5; http://www.majestic12.co.uk/bot.php?+)"
23.21.195.100 - - [12/May/2015:13:03:08 -0700] "GET / HTTP/1.1" 200 4501 "-" "check_http/v1.4.15 (nagios-plugins 1.4.15)"
23.21.195.100 - - [12/May/2015:13:08:08 -0700] "GET / HTTP/1.1" 200 4501 "-" "check_http/v1.4.15 (nagios-plugins 1.4.15)"
208.121.64.10 - - [12/May/2015:13:08:33 -0700] "GET /images/snapfreshlogo.png HTTP/1.1" 200 5038 "-" "Mozilla/4.0 (compatible; MSIE 4.01; Windows NT)"
23.21.195.100 - - [12/May/2015:13:13:08 -0700] "GET / HTTP/1.1" 200 4501 "-" "check_http/v1.4.15 (nagios-plugins 1.4.15)"
23.21.195.100 - - [12/May/2015:13:18:08 -0700] "GET / HTTP/1.1" 200 4501 "-" "check_http/v1.4.15 (nagios-plugins 1.4.15)"
208.121.64.10 - - [12/May/2015:13:18:33 -0700] "GET /images/snapfreshlogo.png HTTP/1.1" 200 5038 "-" "Mozilla/4.0 (compatible; MSIE 4.01; Windows NT)"
123.125.71.40 - - [12/May/2015:13:18:51 -0700] "GET / HTTP/1.1" 200 2275 "-" "Mozilla/5.0 (Windows NT 5.1; rv:6.0.2) Gecko/20100101 Firefox/6.0.2"
123.125.71.58 - - [12/May/2015:13:19:53 -0700] "GET / HTTP/1.1" 200 4501 "-" "Mozilla/5.0 (Windows NT 5.1; rv:6.0.2) Gecko/20100101 Firefox/6.0.2"
23.21.195.100 - - [12/May/2015:13:23:08 -0700] "GET / HTTP/1.1" 200 4501 "-" "check_http/v1.4.15 (nagios-plugins 1.4.15)"
220.181.108.103 - - [12/May/2015:13:24:16 -0700] "GET / HTTP/1.1" 200 2278 "-" "Mozilla/5.0 (Windows NT 5.1; rv:6.0.2) Gecko/20100101 Firefox/6.0.2"
220.181.108.99 - - [12/May/2015:13:25:28 -0700] "GET / HTTP/1.1" 200 4501 "-" "Mozilla/5.0 (Windows NT 5.1; rv:6.0.2) Gecko/20100101 Firefox/6.0.2"
108.192.91.16 - - [12/May/2015:13:27:07 -0700] "GET / HTTP/1.1" 200 2314 "-" "Mozilla/5.0 (Linux; U; Android 4.2.2; en-us; GT-P3113 Build/JDQ39) AppleWebKit/534.30 (KHTML, like Gecko) Version/4.0 Safari/534.30"
108.192.91.16 - - [12/May/2015:13:27:07 -0700] "GET /javascripts/lazy-render.js HTTP/1.1" 404 1007 "http://www.snapfresh.org/" "Mozilla/5.0 (Linux; U; Android 4.2.2; en-us; GT-P3113 Build/JDQ39) AppleWebKit/534.30 (KHTML, like Gecko) Version/4.0 Safari/534.30"
108.192.91.16 - - [12/May/2015:13:27:08 -0700] "GET /javascripts/render-functions.js?v=0000 HTTP/1.1" 404 1008 "http://www.snapfresh.org/" "Mozilla/5.0 (Linux; U; Android 4.2.2; en-us; GT-P3113 Build/JDQ39) AppleWebKit/534.30 (KHTML, like Gecko) Version/4.0 Safari/534.30"
23.21.195.100 - - [12/May/2015:13:28:08 -0700] "GET / HTTP/1.1" 200 4501 "-" "check_http/v1.4.15 (nagios-plugins 1.4.15)"
208.121.64.10 - - [12/May/2015:13:28:33 -0700] "GET /images/snapfreshlogo.png HTTP/1.1" 200 5038 "-" "Mozilla/4.0 (compatible; MSIE 4.01; Windows NT)"
23.21.195.100 - - [12/May/2015:13:33:08 -0700] "GET / HTTP/1.1" 200 4501 "-" "check_http/v1.4.15 (nagios-plugins 1.4.15)"
23.21.195.100 - - [12/May/2015:13:38:08 -0700] "GET / HTTP/1.1" 200 4501 "-" "check_http/v1.4.15 (nagios-plugins 1.4.15)"
208.121.64.10 - - [12/May/2015:13:38:33 -0700] "GET /images/snapfreshlogo.png HTTP/1.1" 200 5038 "-" "Mozilla/4.0 (compatible; MSIE 4.01; Windows NT)"
23.21.195.100 - - [12/May/2015:13:43:08 -0700] "GET / HTTP/1.1" 200 4501 "-" "check_http/v1.4.15 (nagios-plugins 1.4.15)"
23.21.195.100 - - [12/May/2015:13:48:08 -0700] "GET / HTTP/1.1" 200 4501 "-" "check_http/v1.4.15 (nagios-plugins 1.4.15)"
208.121.64.10 - - [12/May/2015:13:48:33 -0700] "GET /images/snapfreshlogo.png HTTP/1.1" 200 5038 "-" "Mozilla/4.0 (compatible; MSIE 4.01; Windows NT)"
66.249.65.184 - - [12/May/2015:13:49:16 -0700] "GET / HTTP/1.1" 200 2314 "-" "Mozilla/5.0 (compatible; Googlebot/2.1; +http://www.google.com/bot.html)"
66.102.6.220 - - [12/May/2015:13:49:52 -0700] "GET / HTTP/1.1" 200 2313 "-" "Mozilla/5.0 (Windows NT 6.1; rv:6.0) Gecko/20110814 Firefox/6.0 Google favicon"
66.102.6.228 - - [12/May/2015:13:49:53 -0700] "GET /favicon.ico HTTP/1.1" 200 295 "-" "Mozilla/5.0 (Windows NT 6.1; rv:6.0) Gecko/20110814 Firefox/6.0 Google favicon"
217.69.133.68 - - [12/May/2015:13:51:46 -0700] "GET /robots.txt HTTP/1.0" 200 474 "-" "Mozilla/5.0 (compatible; Linux x86_64; Mail.RU_Bot/2.0; +http://go.mail.ru/help/robots)"
217.69.133.68 - - [12/May/2015:13:51:49 -0700] "GET /pipermail/discuss/2013-January/000277.html HTTP/1.1" 200 1361 "-" "Mozilla/5.0 (compatible; Linux x86_64; Mail.RU_Bot/2.0; +http://go.mail.ru/help/robots)"
23.21.195.100 - - [12/May/2015:13:53:08 -0700] "GET / HTTP/1.1" 200 4501 "-" "check_http/v1.4.15 (nagios-plugins 1.4.15)"
68.180.229.30 - - [12/May/2015:13:57:54 -0700] "GET /robots.txt HTTP/1.1" 304 123 "-" "Mozilla/5.0 (compatible; Yahoo! Slurp; http://help.yahoo.com/help/us/ysearch/slurp)"
68.180.229.30 - - [12/May/2015:13:57:54 -0700] "GET /aboutus?locale=es HTTP/1.1" 200 2494 "-" "Mozilla/5.0 (compatible; Yahoo! Slurp; http://help.yahoo.com/help/us/ysearch/slurp)"
23.21.195.100 - - [12/May/2015:13:58:08 -0700] "GET / HTTP/1.1" 200 4501 "-" "check_http/v1.4.15 (nagios-plugins 1.4.15)"
208.121.64.10 - - [12/May/2015:13:58:33 -0700] "GET /images/snapfreshlogo.png HTTP/1.1" 200 5038 "-" "Mozilla/4.0 (compatible; MSIE 4.01; Windows NT)"
70.209.26.77 - - [12/May/2015:14:01:36 -0700] "GET /retailers/nearaddy.json/?address=28.342437,-81.486382 HTTP/1.1" 200 1970 "-" "SnapFresh/9 (iPhone; iOS 8.3; Scale/2.00)"
23.21.195.100 - - [12/May/2015:14:03:08 -0700] "GET / HTTP/1.1" 200 4501 "-" "check_http/v1.4.15 (nagios-plugins 1.4.15)"
23.21.195.100 - - [12/May/2015:14:08:08 -0700] "GET / HTTP/1.1" 200 4501 "-" "check_http/v1.4.15 (nagios-plugins 1.4.15)"
208.121.64.10 - - [12/May/2015:14:08:33 -0700] "GET /images/snapfreshlogo.png HTTP/1.1" 200 5038 "-" "Mozilla/4.0 (compatible; MSIE 4.01; Windows NT)"
23.21.195.100 - - [12/May/2015:14:13:08 -0700] "GET / HTTP/1.1" 200 4501 "-" "check_http/v1.4.15 (nagios-plugins 1.4.15)"
23.21.195.100 - - [12/May/2015:14:18:08 -0700] "GET / HTTP/1.1" 200 4501 "-" "check_http/v1.4.15 (nagios-plugins 1.4.15)"
12.20.180.82 - - [12/May/2015:14:18:19 -0700] "GET / HTTP/1.1" 200 2315 "http://eatfresh.org/county/san-diego" "Mozilla/5.0 (Macintosh; Intel Mac OS X 10_10_3) AppleWebKit/537.36 (KHTML, like Gecko) Chrome/42.0.2311.135 Safari/537.36"
12.20.180.82 - - [12/May/2015:14:18:19 -0700] "GET /stylesheets/jquery.mobile-1.0b1.min.css HTTP/1.1" 200 7586 "http://snapfresh.org/" "Mozilla/5.0 (Macintosh; Intel Mac OS X 10_10_3) AppleWebKit/537.36 (KHTML, like Gecko) Chrome/42.0.2311.135 Safari/537.36"
12.20.180.82 - - [12/May/2015:14:18:19 -0700] "GET /stylesheets/custom.css HTTP/1.1" 200 1015 "http://snapfresh.org/" "Mozilla/5.0 (Macintosh; Intel Mac OS X 10_10_3) AppleWebKit/537.36 (KHTML, like Gecko) Chrome/42.0.2311.135 Safari/537.36"
12.20.180.82 - - [12/May/2015:14:18:19 -0700] "GET /javascripts/yqlgeo.js HTTP/1.1" 200 1599 "http://snapfresh.org/" "Mozilla/5.0 (Macintosh; Intel Mac OS X 10_10_3) AppleWebKit/537.36 (KHTML, like Gecko) Chrome/42.0.2311.135 Safari/537.36"
12.20.180.82 - - [12/May/2015:14:18:19 -0700] "GET /images/snapfreshlogo.png HTTP/1.1" 200 5094 "http://snapfresh.org/" "Mozilla/5.0 (Macintosh; Intel Mac OS X 10_10_3) AppleWebKit/537.36 (KHTML, like Gecko) Chrome/42.0.2311.135 Safari/537.36"
12.20.180.82 - - [12/May/2015:14:18:19 -0700] "GET /javascripts/lazy-render.js HTTP/1.1" 404 1008 "http://snapfresh.org/" "Mozilla/5.0 (Macintosh; Intel Mac OS X 10_10_3) AppleWebKit/537.36 (KHTML, like Gecko) Chrome/42.0.2311.135 Safari/537.36"
12.20.180.82 - - [12/May/2015:14:18:19 -0700] "GET /javascripts/render-functions.js?v=0000 HTTP/1.1" 404 1008 "http://snapfresh.org/" "Mozilla/5.0 (Macintosh; Intel Mac OS X 10_10_3) AppleWebKit/537.36 (KHTML, like Gecko) Chrome/42.0.2311.135 Safari/537.36"
12.20.180.82 - - [12/May/2015:14:18:19 -0700] "GET /js/jquery-1.4.4.min.js HTTP/1.1" 200 27425 "http://snapfresh.org/" "Mozilla/5.0 (Macintosh; Intel Mac OS X 10_10_3) AppleWebKit/537.36 (KHTML, like Gecko) Chrome/42.0.2311.135 Safari/537.36"
12.20.180.82 - - [12/May/2015:14:18:21 -0700] "GET /stylesheets/images/ajax-loader.png HTTP/1.1" 404 1007 "http://snapfresh.org/stylesheets/jquery.mobile-1.0b1.min.css" "Mozilla/5.0 (Macintosh; Intel Mac OS X 10_10_3) AppleWebKit/537.36 (KHTML, like Gecko) Chrome/42.0.2311.135 Safari/537.36"
12.20.180.82 - - [12/May/2015:14:18:21 -0700] "GET /stylesheets/images/icons-18-white.png HTTP/1.1" 200 2491 "http://snapfresh.org/stylesheets/jquery.mobile-1.0b1.min.css" "Mozilla/5.0 (Macintosh; Intel Mac OS X 10_10_3) AppleWebKit/537.36 (KHTML, like Gecko) Chrome/42.0.2311.135 Safari/537.36"
12.20.180.82 - - [12/May/2015:14:18:21 -0700] "GET /favicon.ico HTTP/1.1" 200 294 "http://snapfresh.org/" "Mozilla/5.0 (Macintosh; Intel Mac OS X 10_10_3) AppleWebKit/537.36 (KHTML, like Gecko) Chrome/42.0.2311.135 Safari/537.36"
208.121.64.10 - - [12/May/2015:14:18:33 -0700] "GET /images/snapfreshlogo.png HTTP/1.1" 200 5038 "-" "Mozilla/4.0 (compatible; MSIE 4.01; Windows NT)"
123.125.71.46 - - [12/May/2015:14:20:28 -0700] "GET / HTTP/1.1" 200 2274 "-" "Mozilla/5.0 (Windows NT 5.1; rv:6.0.2) Gecko/20100101 Firefox/6.0.2"
123.125.71.32 - - [12/May/2015:14:21:38 -0700] "GET / HTTP/1.1" 200 4501 "-" "Mozilla/5.0 (Windows NT 5.1; rv:6.0.2) Gecko/20100101 Firefox/6.0.2"
23.21.195.100 - - [12/May/2015:14:23:08 -0700] "GET / HTTP/1.1" 200 4501 "-" "check_http/v1.4.15 (nagios-plugins 1.4.15)"
220.181.108.75 - - [12/May/2015:14:26:06 -0700] "GET / HTTP/1.1" 200 2278 "-" "Mozilla/5.0 (Windows NT 5.1; rv:6.0.2) Gecko/20100101 Firefox/6.0.2"
220.181.108.103 - - [12/May/2015:14:27:38 -0700] "GET / HTTP/1.1" 200 4501 "-" "Mozilla/5.0 (Windows NT 5.1; rv:6.0.2) Gecko/20100101 Firefox/6.0.2"
23.21.195.100 - - [12/May/2015:14:28:08 -0700] "GET / HTTP/1.1" 200 4501 "-" "check_http/v1.4.15 (nagios-plugins 1.4.15)"
208.121.64.10 - - [12/May/2015:14:28:33 -0700] "GET /images/snapfreshlogo.png HTTP/1.1" 200 5038 "-" "Mozilla/4.0 (compatible; MSIE 4.01; Windows NT)"
108.192.91.16 - - [12/May/2015:14:29:43 -0700] "GET /images/snapfreshlogo.png HTTP/1.1" 200 5094 "http://www.snapfresh.org/" "Mozilla/5.0 (Linux; U; Android 4.2.2; en-us; GT-P3113 Build/JDQ39) AppleWebKit/534.30 (KHTML, like Gecko) Version/4.0 Safari/534.30"
108.192.91.16 - - [12/May/2015:14:29:43 -0700] "GET /stylesheets/images/ajax-loader.png HTTP/1.1" 404 1007 "http://www.snapfresh.org/" "Mozilla/5.0 (Linux; U; Android 4.2.2; en-us; GT-P3113 Build/JDQ39) AppleWebKit/534.30 (KHTML, like Gecko) Version/4.0 Safari/534.30"
108.192.91.16 - - [12/May/2015:14:29:43 -0700] "GET /stylesheets/images/icons-18-white.png HTTP/1.1" 200 2492 "http://www.snapfresh.org/" "Mozilla/5.0 (Linux; U; Android 4.2.2; en-us; GT-P3113 Build/JDQ39) AppleWebKit/534.30 (KHTML, like Gecko) Version/4.0 Safari/534.30"
180.76.4.97 - - [12/May/2015:14:30:27 -0700] "GET / HTTP/1.1" 200 4494 "-" "Mozilla/4.0 (compatible; MSIE 7.0; Windows NT 6.0)"
174.255.64.121 - - [12/May/2015:14:30:59 -0700] "GET /retailers/nearaddy.json/?address=40.817293,-81.370036 HTTP/1.1" 200 1908 "-" "SnapFresh/9 (iPhone; iOS 8.3; Scale/2.00)"
23.21.195.100 - - [12/May/2015:14:33:08 -0700] "GET / HTTP/1.1" 200 4501 "-" "check_http/v1.4.15 (nagios-plugins 1.4.15)"
23.21.195.100 - - [12/May/2015:14:38:08 -0700] "GET / HTTP/1.1" 200 4501 "-" "check_http/v1.4.15 (nagios-plugins 1.4.15)"
208.121.64.10 - - [12/May/2015:14:38:33 -0700] "GET /images/snapfreshlogo.png HTTP/1.1" 200 5038 "-" "Mozilla/4.0 (compatible; MSIE 4.01; Windows NT)"
46.105.122.64 - - [12/May/2015:14:42:10 -0700] "GET / HTTP/1.1" 200 2314 "-" "Mozilla/5.0 (Windows NT 6.1) AppleWebKit/537.36 (KHTML, like Gecko) Chrome/34.0.1847.116 Safari/537.36)"
46.105.122.64 - - [12/May/2015:14:42:10 -0700] "GET /?locale=zh HTTP/1.1" 200 2421 "-" "Mozilla/5.0 (Windows NT 6.1) AppleWebKit/537.36 (KHTML, like Gecko) Chrome/34.0.1847.116 Safari/537.36)"
46.105.122.64 - - [12/May/2015:14:42:11 -0700] "GET /?locale=en HTTP/1.1" 200 2313 "-" "Mozilla/5.0 (Windows NT 6.1) AppleWebKit/537.36 (KHTML, like Gecko) Chrome/34.0.1847.116 Safari/537.36)"
46.105.122.64 - - [12/May/2015:14:42:11 -0700] "GET /aboutus?locale=en HTTP/1.1" 200 2534 "-" "Mozilla/5.0 (Windows NT 6.1) AppleWebKit/537.36 (KHTML, like Gecko) Chrome/34.0.1847.116 Safari/537.36)"
46.105.122.64 - - [12/May/2015:14:42:11 -0700] "GET /?locale=es HTTP/1.1" 200 2392 "-" "Mozilla/5.0 (Windows NT 6.1) AppleWebKit/537.36 (KHTML, like Gecko) Chrome/34.0.1847.116 Safari/537.36)"
46.105.122.64 - - [12/May/2015:14:42:11 -0700] "GET /aboutus?locale=zh HTTP/1.1" 200 2634 "-" "Mozilla/5.0 (Windows NT 6.1) AppleWebKit/537.36 (KHTML, like Gecko) Chrome/34.0.1847.116 Safari/537.36)"
46.105.122.64 - - [12/May/2015:14:42:11 -0700] "GET /mailman/listinfo/discuss HTTP/1.1" 200 2491 "-" "Mozilla/5.0 (Windows NT 6.1) AppleWebKit/537.36 (KHTML, like Gecko) Chrome/34.0.1847.116 Safari/537.36)"
46.105.122.64 - - [12/May/2015:14:42:12 -0700] "GET /retailers/terms?locale=en HTTP/1.1" 200 2410 "-" "Mozilla/5.0 (Windows NT 6.1) AppleWebKit/537.36 (KHTML, like Gecko) Chrome/34.0.1847.116 Safari/537.36)"
46.105.122.64 - - [12/May/2015:14:42:12 -0700] "GET /aboutus?locale=es HTTP/1.1" 200 2550 "-" "Mozilla/5.0 (Windows NT 6.1) AppleWebKit/537.36 (KHTML, like Gecko) Chrome/34.0.1847.116 Safari/537.36)"
46.105.122.64 - - [12/May/2015:14:42:12 -0700] "GET /retailers/terms?locale=zh HTTP/1.1" 200 2407 "-" "Mozilla/5.0 (Windows NT 6.1) AppleWebKit/537.36 (KHTML, like Gecko) Chrome/34.0.1847.116 Safari/537.36)"
46.105.122.64 - - [12/May/2015:14:42:12 -0700] "GET /mailman/admin/discuss HTTP/1.1" 200 1375 "-" "Mozilla/5.0 (Windows NT 6.1) AppleWebKit/537.36 (KHTML, like Gecko) Chrome/34.0.1847.116 Safari/537.36)"
46.105.122.64 - - [12/May/2015:14:42:13 -0700] "GET / HTTP/1.1" 200 2313 "-" "Mozilla/5.0 (Windows NT 6.1) AppleWebKit/537.36 (KHTML, like Gecko) Chrome/34.0.1847.116 Safari/537.36)"
46.105.122.64 - - [12/May/2015:14:42:13 -0700] "GET / HTTP/1.1" 200 2313 "-" "python-requests/2.6.0 CPython/3.4.0 Linux/3.13.0-49-generic"
46.105.122.64 - - [12/May/2015:14:42:13 -0700] "GET /favicon.ico HTTP/1.1" 200 294 "-" "python-requests/2.6.0 CPython/3.4.0 Linux/3.13.0-49-generic"
46.105.122.64 - - [12/May/2015:14:42:13 -0700] "GET /nddbc.html HTTP/1.1" 404 1007 "-" "Mozilla/5.0 (Windows NT 6.1) AppleWebKit/537.36 (KHTML, like Gecko) Chrome/34.0.1847.116 Safari/537.36)"
46.105.122.64 - - [12/May/2015:14:42:13 -0700] "GET /js/mage/translate.js HTTP/1.1" 404 1007 "-" "Mozilla/5.0 (Windows NT 6.1) AppleWebKit/537.36 (KHTML, like Gecko) Chrome/34.0.1847.116 Safari/537.36)"
46.105.122.64 - - [12/May/2015:14:42:14 -0700] "GET / HTTP/1.1" 200 2313 "-" "Mozilla/5.0 (Windows NT 6.1) AppleWebKit/537.36 (KHTML, like Gecko) Chrome/34.0.1847.116 Safari/537.36)"
46.105.122.64 - - [12/May/2015:14:42:14 -0700] "GET / HTTP/1.1" 200 2314 "-" "python-requests/2.6.0 CPython/3.4.0 Linux/3.13.0-49-generic"
46.105.122.64 - - [12/May/2015:14:42:14 -0700] "GET /favicon.ico HTTP/1.1" 200 294 "-" "python-requests/2.6.0 CPython/3.4.0 Linux/3.13.0-49-generic"
46.105.122.64 - - [12/May/2015:14:42:14 -0700] "GET / HTTP/1.1" 200 2313 "-" "python-requests/2.6.0 CPython/3.4.0 Linux/3.13.0-49-generic"
46.105.122.64 - - [12/May/2015:14:42:15 -0700] "GET /favicon.ico HTTP/1.1" 200 294 "-" "python-requests/2.6.0 CPython/3.4.0 Linux/3.13.0-49-generic"
46.105.122.64 - - [12/May/2015:14:42:15 -0700] "GET /media/images/cart/logo.png HTTP/1.1" 404 1007 "-" "Mozilla/5.0 (Windows NT 6.1) AppleWebKit/537.36 (KHTML, like Gecko) Chrome/34.0.1847.116 Safari/537.36)"
46.105.122.64 - - [12/May/2015:14:42:15 -0700] "GET /includes/general.js HTTP/1.1" 404 1007 "-" "Mozilla/5.0 (Windows NT 6.1) AppleWebKit/537.36 (KHTML, like Gecko) Chrome/34.0.1847.116 Safari/537.36)"
46.105.122.64 - - [12/May/2015:14:42:15 -0700] "GET /image/templates/default.png HTTP/1.1" 404 1008 "-" "Mozilla/5.0 (Windows NT 6.1) AppleWebKit/537.36 (KHTML, like Gecko) Chrome/34.0.1847.116 Safari/537.36)"
46.105.122.64 - - [12/May/2015:14:42:16 -0700] "GET /wp-content/plugins/wp-e-commerce/wpsc-theme/wpsc-images/indicator.gif HTTP/1.1" 404 1008 "-" "Mozilla/5.0 (Windows NT 6.1) AppleWebKit/537.36 (KHTML, like Gecko) Chrome/34.0.1847.116 Safari/537.36)"
46.105.122.64 - - [12/May/2015:14:42:16 -0700] "GET /simpla/ HTTP/1.1" 404 1008 "-" "Mozilla/5.0 (Windows NT 6.1) AppleWebKit/537.36 (KHTML, like Gecko) Chrome/34.0.1847.116 Safari/537.36)"
46.105.122.64 - - [12/May/2015:14:42:16 -0700] "GET / HTTP/1.1" 200 2314 "-" "Mozilla/5.0 (Windows NT 6.1) AppleWebKit/537.36 (KHTML, like Gecko) Chrome/34.0.1847.116 Safari/537.36)"
46.105.122.64 - - [12/May/2015:14:42:16 -0700] "GET /wp-content/plugins/thecartpress/css/tcp_shopping_cart.css HTTP/1.1" 404 1007 "-" "Mozilla/5.0 (Windows NT 6.1) AppleWebKit/537.36 (KHTML, like Gecko) Chrome/34.0.1847.116 Safari/537.36)"
23.21.195.100 - - [12/May/2015:14:43:08 -0700] "GET / HTTP/1.1" 200 4501 "-" "check_http/v1.4.15 (nagios-plugins 1.4.15)"
23.21.195.100 - - [12/May/2015:14:48:08 -0700] "GET / HTTP/1.1" 200 4501 "-" "check_http/v1.4.15 (nagios-plugins 1.4.15)"
208.121.64.10 - - [12/May/2015:14:48:33 -0700] "GET /images/snapfreshlogo.png HTTP/1.1" 200 5038 "-" "Mozilla/4.0 (compatible; MSIE 4.01; Windows NT)"
66.249.65.129 - - [12/May/2015:14:51:49 -0700] "GET / HTTP/1.1" 200 2314 "-" "Mozilla/5.0 (compatible; Googlebot/2.1; +http://www.google.com/bot.html)"
23.21.195.100 - - [12/May/2015:14:53:08 -0700] "GET / HTTP/1.1" 200 4501 "-" "check_http/v1.4.15 (nagios-plugins 1.4.15)"
23.21.195.100 - - [12/May/2015:14:58:08 -0700] "GET / HTTP/1.1" 200 4501 "-" "check_http/v1.4.15 (nagios-plugins 1.4.15)"
208.121.64.10 - - [12/May/2015:14:58:33 -0700] "GET /images/snapfreshlogo.png HTTP/1.1" 200 5038 "-" "Mozilla/4.0 (compatible; MSIE 4.01; Windows NT)"
23.21.195.100 - - [12/May/2015:15:03:08 -0700] "GET / HTTP/1.1" 200 4501 "-" "check_http/v1.4.15 (nagios-plugins 1.4.15)"
202.46.53.85 - - [12/May/2015:15:07:14 -0700] "GET /retailers/stylesheets/jquery.mobile-1.0b1.min.css HTTP/1.1" 404 971 "-" "Mozilla/5.0 (Windows NT 6.1; WOW64) AppleWebKit/537.36 (KHTML, like Gecko) Chrome/36.0.1985.125 Safari/537.36"
23.21.195.100 - - [12/May/2015:15:08:08 -0700] "GET / HTTP/1.1" 200 4501 "-" "check_http/v1.4.15 (nagios-plugins 1.4.15)"
71.83.204.98 - - [12/May/2015:15:08:16 -0700] "GET / HTTP/1.1" 200 2314 "http://eatfresh.org/county/san-bernardino" "Mozilla/5.0 (Windows NT 6.3; WOW64; Trident/7.0; Touch; rv:11.0) like Gecko"
71.83.204.98 - - [12/May/2015:15:08:16 -0700] "GET /stylesheets/jquery.mobile-1.0b1.min.css HTTP/1.1" 200 7586 "http://snapfresh.org/" "Mozilla/5.0 (Windows NT 6.3; WOW64; Trident/7.0; Touch; rv:11.0) like Gecko"
71.83.204.98 - - [12/May/2015:15:08:16 -0700] "GET /javascripts/lazy-render.js HTTP/1.1" 404 1008 "http://snapfresh.org/" "Mozilla/5.0 (Windows NT 6.3; WOW64; Trident/7.0; Touch; rv:11.0) like Gecko"
71.83.204.98 - - [12/May/2015:15:08:16 -0700] "GET /javascripts/render-functions.js?v=0000 HTTP/1.1" 404 1007 "http://snapfresh.org/" "Mozilla/5.0 (Windows NT 6.3; WOW64; Trident/7.0; Touch; rv:11.0) like Gecko"
71.83.204.98 - - [12/May/2015:15:08:16 -0700] "GET /javascripts/yqlgeo.js HTTP/1.1" 200 1598 "http://snapfresh.org/" "Mozilla/5.0 (Windows NT 6.3; WOW64; Trident/7.0; Touch; rv:11.0) like Gecko"
